22:11:00 **** Build of project project2_bsp ****
make -k all 
"Running Make include in microblaze_0/libsrc/bram_v4_2/src"
C:/Xilinx/SDK/2018.2/gnuwin/bin/make -C microblaze_0/libsrc/bram_v4_2/src -s include  "SHELL=CMD" "COMPILER=mb-gcc" "ARCHIVER=mb-ar" "COMPILER_FLAGS=  -O2 -c -mcpu=v10.0 -mhard-float -mlittle-endian -mxl-soft-mul" "EXTRA_COMPILER_FLAGS=-ffunction-sections -fdata-sections -Wall -Wextra"
"Running Make include in microblaze_0/libsrc/cpu_v2_7/src"
C:/Xilinx/SDK/2018.2/gnuwin/bin/make -C microblaze_0/libsrc/cpu_v2_7/src -s include  "SHELL=CMD" "COMPILER=mb-gcc" "ARCHIVER=mb-ar" "COMPILER_FLAGS=  -O2 -c -mcpu=v10.0 -mhard-float -mlittle-endian -mxl-soft-mul" "EXTRA_COMPILER_FLAGS=-ffunction-sections -fdata-sections -Wall -Wextra"
"Running Make include in microblaze_0/libsrc/gpio_v4_3/src"
C:/Xilinx/SDK/2018.2/gnuwin/bin/make -C microblaze_0/libsrc/gpio_v4_3/src -s include  "SHELL=CMD" "COMPILER=mb-gcc" "ARCHIVER=mb-ar" "COMPILER_FLAGS=  -O2 -c -mcpu=v10.0 -mhard-float -mlittle-endian -mxl-soft-mul" "EXTRA_COMPILER_FLAGS=-ffunction-sections -fdata-sections -Wall -Wextra"
"Running Make include in microblaze_0/libsrc/intc_v3_7/src"
C:/Xilinx/SDK/2018.2/gnuwin/bin/make -C microblaze_0/libsrc/intc_v3_7/src -s include  "SHELL=CMD" "COMPILER=mb-gcc" "ARCHIVER=mb-ar" "COMPILER_FLAGS=  -O2 -c -mcpu=v10.0 -mhard-float -mlittle-endian -mxl-soft-mul" "EXTRA_COMPILER_FLAGS=-ffunction-sections -fdata-sections -Wall -Wextra"
"Running Make include in microblaze_0/libsrc/nexys4IO_v1_0/src"
C:/Xilinx/SDK/2018.2/gnuwin/bin/make -C microblaze_0/libsrc/nexys4IO_v1_0/src -s include  "SHELL=CMD" "COMPILER=mb-gcc" "ARCHIVER=mb-ar" "COMPILER_FLAGS=  -O2 -c -mcpu=v10.0 -mhard-float -mlittle-endian -mxl-soft-mul" "EXTRA_COMPILER_FLAGS=-ffunction-sections -fdata-sections -Wall -Wextra"
"Running Make include in microblaze_0/libsrc/PmodENC_v1_0/src"
C:/Xilinx/SDK/2018.2/gnuwin/bin/make -C microblaze_0/libsrc/PmodENC_v1_0/src -s include  "SHELL=CMD" "COMPILER=mb-gcc" "ARCHIVER=mb-ar" "COMPILER_FLAGS=  -O2 -c -mcpu=v10.0 -mhard-float -mlittle-endian -mxl-soft-mul" "EXTRA_COMPILER_FLAGS=-ffunction-sections -fdata-sections -Wall -Wextra"
"Running Make include in microblaze_0/libsrc/PmodOLEDrgb_v1_0/src"
C:/Xilinx/SDK/2018.2/gnuwin/bin/make -C microblaze_0/libsrc/PmodOLEDrgb_v1_0/src -s include  "SHELL=CMD" "COMPILER=mb-gcc" "ARCHIVER=mb-ar" "COMPILER_FLAGS=  -O2 -c -mcpu=v10.0 -mhard-float -mlittle-endian -mxl-soft-mul" "EXTRA_COMPILER_FLAGS=-ffunction-sections -fdata-sections -Wall -Wextra"
"Running Make include in microblaze_0/libsrc/standalone_v6_7/src"
C:/Xilinx/SDK/2018.2/gnuwin/bin/make -C microblaze_0/libsrc/standalone_v6_7/src -s include  "SHELL=CMD" "COMPILER=mb-gcc" "ARCHIVER=mb-ar" "COMPILER_FLAGS=  -O2 -c -mcpu=v10.0 -mhard-float -mlittle-endian -mxl-soft-mul" "EXTRA_COMPILER_FLAGS=-ffunction-sections -fdata-sections -Wall -Wextra"
"Running Make include in microblaze_0/libsrc/tmrctr_v4_4/src"
C:/Xilinx/SDK/2018.2/gnuwin/bin/make -C microblaze_0/libsrc/tmrctr_v4_4/src -s include  "SHELL=CMD" "COMPILER=mb-gcc" "ARCHIVER=mb-ar" "COMPILER_FLAGS=  -O2 -c -mcpu=v10.0 -mhard-float -mlittle-endian -mxl-soft-mul" "EXTRA_COMPILER_FLAGS=-ffunction-sections -fdata-sections -Wall -Wextra"
"Running Make include in microblaze_0/libsrc/uartlite_v3_2/src"
C:/Xilinx/SDK/2018.2/gnuwin/bin/make -C microblaze_0/libsrc/uartlite_v3_2/src -s include  "SHELL=CMD" "COMPILER=mb-gcc" "ARCHIVER=mb-ar" "COMPILER_FLAGS=  -O2 -c -mcpu=v10.0 -mhard-float -mlittle-endian -mxl-soft-mul" "EXTRA_COMPILER_FLAGS=-ffunction-sections -fdata-sections -Wall -Wextra"
"Running Make include in microblaze_0/libsrc/wdttb_v4_3/src"
C:/Xilinx/SDK/2018.2/gnuwin/bin/make -C microblaze_0/libsrc/wdttb_v4_3/src -s include  "SHELL=CMD" "COMPILER=mb-gcc" "ARCHIVER=mb-ar" "COMPILER_FLAGS=  -O2 -c -mcpu=v10.0 -mhard-float -mlittle-endian -mxl-soft-mul" "EXTRA_COMPILER_FLAGS=-ffunction-sections -fdata-sections -Wall -Wextra"
"Running Make libs in microblaze_0/libsrc/bram_v4_2/src"
C:/Xilinx/SDK/2018.2/gnuwin/bin/make -C microblaze_0/libsrc/bram_v4_2/src -s libs  "SHELL=CMD" "COMPILER=mb-gcc" "ARCHIVER=mb-ar" "COMPILER_FLAGS=  -O2 -c -mcpu=v10.0 -mhard-float -mlittle-endian -mxl-soft-mul" "EXTRA_COMPILER_FLAGS=-ffunction-sections -fdata-sections -Wall -Wextra"
"Compiling bram"
mb-ar: creating ../../../lib/libxil.a
"Running Make libs in microblaze_0/libsrc/cpu_v2_7/src"
C:/Xilinx/SDK/2018.2/gnuwin/bin/make -C microblaze_0/libsrc/cpu_v2_7/src -s libs  "SHELL=CMD" "COMPILER=mb-gcc" "ARCHIVER=mb-ar" "COMPILER_FLAGS=  -O2 -c -mcpu=v10.0 -mhard-float -mlittle-endian -mxl-soft-mul" "EXTRA_COMPILER_FLAGS=-ffunction-sections -fdata-sections -Wall -Wextra"
"Compiling cpu"
"Running Make libs in microblaze_0/libsrc/gpio_v4_3/src"
C:/Xilinx/SDK/2018.2/gnuwin/bin/make -C microblaze_0/libsrc/gpio_v4_3/src -s libs  "SHELL=CMD" "COMPILER=mb-gcc" "ARCHIVER=mb-ar" "COMPILER_FLAGS=  -O2 -c -mcpu=v10.0 -mhard-float -mlittle-endian -mxl-soft-mul" "EXTRA_COMPILER_FLAGS=-ffunction-sections -fdata-sections -Wall -Wextra"
"Compiling gpio"
"Running Make libs in microblaze_0/libsrc/intc_v3_7/src"
C:/Xilinx/SDK/2018.2/gnuwin/bin/make -C microblaze_0/libsrc/intc_v3_7/src -s libs  "SHELL=CMD" "COMPILER=mb-gcc" "ARCHIVER=mb-ar" "COMPILER_FLAGS=  -O2 -c -mcpu=v10.0 -mhard-float -mlittle-endian -mxl-soft-mul" "EXTRA_COMPILER_FLAGS=-ffunction-sections -fdata-sections -Wall -Wextra"
"Compiling intc"
"Running Make libs in microblaze_0/libsrc/nexys4IO_v1_0/src"
C:/Xilinx/SDK/2018.2/gnuwin/bin/make -C microblaze_0/libsrc/nexys4IO_v1_0/src -s libs  "SHELL=CMD" "COMPILER=mb-gcc" "ARCHIVER=mb-ar" "COMPILER_FLAGS=  -O2 -c -mcpu=v10.0 -mhard-float -mlittle-endian -mxl-soft-mul" "EXTRA_COMPILER_FLAGS=-ffunction-sections -fdata-sections -Wall -Wextra"
"Compiling nexys4IO..."
"Running Make libs in microblaze_0/libsrc/PmodENC_v1_0/src"
C:/Xilinx/SDK/2018.2/gnuwin/bin/make -C microblaze_0/libsrc/PmodENC_v1_0/src -s libs  "SHELL=CMD" "COMPILER=mb-gcc" "ARCHIVER=mb-ar" "COMPILER_FLAGS=  -O2 -c -mcpu=v10.0 -mhard-float -mlittle-endian -mxl-soft-mul" "EXTRA_COMPILER_FLAGS=-ffunction-sections -fdata-sections -Wall -Wextra"
"Compiling PmodENC..."
"Running Make libs in microblaze_0/libsrc/PmodOLEDrgb_v1_0/src"
C:/Xilinx/SDK/2018.2/gnuwin/bin/make -C microblaze_0/libsrc/PmodOLEDrgb_v1_0/src -s libs  "SHELL=CMD" "COMPILER=mb-gcc" "ARCHIVER=mb-ar" "COMPILER_FLAGS=  -O2 -c -mcpu=v10.0 -mhard-float -mlittle-endian -mxl-soft-mul" "EXTRA_COMPILER_FLAGS=-ffunction-sections -fdata-sections -Wall -Wextra"
"Compiling PmodOLEDrgb..."
PmodOLEDrgb_selftest.c: In function 'PMODOLEDRGB_Reg_SelfTest':
PmodOLEDrgb_selftest.c:52:60: warning: comparison between signed and unsigned integer expressions [-Wsign-compare]
    if ( PMODOLEDRGB_mReadReg (baseaddr, read_loop_index*4) != (read_loop_index+1)*READ_WRITE_MUL_FACTOR){
                                                            ^~
PmodOLEDrgb_selftest.c:36:6: warning: unused variable 'Index' [-Wunused-variable]
  int Index;
      ^~~~~
"Running Make libs in microblaze_0/libsrc/standalone_v6_7/src"
C:/Xilinx/SDK/2018.2/gnuwin/bin/make -C microblaze_0/libsrc/standalone_v6_7/src -s libs  "SHELL=CMD" "COMPILER=mb-gcc" "ARCHIVER=mb-ar" "COMPILER_FLAGS=  -O2 -c -mcpu=v10.0 -mhard-float -mlittle-endian -mxl-soft-mul" "EXTRA_COMPILER_FLAGS=-ffunction-sections -fdata-sections -Wall -Wextra"
"Compiling standalone";
microblaze_sleep.c:74:9: note: #pragma message: For the sleep routines, assembly instructions are used
 #pragma message ("For the sleep routines, assembly instructions are used")
         ^~~~~~~
Command canceled
22:12:04 **** Build of project project2_bsp ****
make -k all 
"Running Make include in microblaze_0/libsrc/bram_v4_2/src"
C:/Xilinx/SDK/2018.2/gnuwin/bin/make -C microblaze_0/libsrc/bram_v4_2/src -s include  "SHELL=CMD" "COMPILER=mb-gcc" "ARCHIVER=mb-ar" "COMPILER_FLAGS=  -O2 -c -mcpu=v10.0 -mhard-float -mlittle-endian -mxl-soft-mul" "EXTRA_COMPILER_FLAGS=-ffunction-sections -fdata-sections -Wall -Wextra"
"Running Make include in microblaze_0/libsrc/cpu_v2_7/src"
C:/Xilinx/SDK/2018.2/gnuwin/bin/make -C microblaze_0/libsrc/cpu_v2_7/src -s include  "SHELL=CMD" "COMPILER=mb-gcc" "ARCHIVER=mb-ar" "COMPILER_FLAGS=  -O2 -c -mcpu=v10.0 -mhard-float -mlittle-endian -mxl-soft-mul" "EXTRA_COMPILER_FLAGS=-ffunction-sections -fdata-sections -Wall -Wextra"
"Running Make include in microblaze_0/libsrc/gpio_v4_3/src"
C:/Xilinx/SDK/2018.2/gnuwin/bin/make -C microblaze_0/libsrc/gpio_v4_3/src -s include  "SHELL=CMD" "COMPILER=mb-gcc" "ARCHIVER=mb-ar" "COMPILER_FLAGS=  -O2 -c -mcpu=v10.0 -mhard-float -mlittle-endian -mxl-soft-mul" "EXTRA_COMPILER_FLAGS=-ffunction-sections -fdata-sections -Wall -Wextra"
"Running Make include in microblaze_0/libsrc/intc_v3_7/src"
C:/Xilinx/SDK/2018.2/gnuwin/bin/make -C microblaze_0/libsrc/intc_v3_7/src -s include  "SHELL=CMD" "COMPILER=mb-gcc" "ARCHIVER=mb-ar" "COMPILER_FLAGS=  -O2 -c -mcpu=v10.0 -mhard-float -mlittle-endian -mxl-soft-mul" "EXTRA_COMPILER_FLAGS=-ffunction-sections -fdata-sections -Wall -Wextra"
"Running Make include in microblaze_0/libsrc/nexys4IO_v1_0/src"
C:/Xilinx/SDK/2018.2/gnuwin/bin/make -C microblaze_0/libsrc/nexys4IO_v1_0/src -s include  "SHELL=CMD" "COMPILER=mb-gcc" "ARCHIVER=mb-ar" "COMPILER_FLAGS=  -O2 -c -mcpu=v10.0 -mhard-float -mlittle-endian -mxl-soft-mul" "EXTRA_COMPILER_FLAGS=-ffunction-sections -fdata-sections -Wall -Wextra"
"Running Make include in microblaze_0/libsrc/PmodENC_v1_0/src"
C:/Xilinx/SDK/2018.2/gnuwin/bin/make -C microblaze_0/libsrc/PmodENC_v1_0/src -s include  "SHELL=CMD" "COMPILER=mb-gcc" "ARCHIVER=mb-ar" "COMPILER_FLAGS=  -O2 -c -mcpu=v10.0 -mhard-float -mlittle-endian -mxl-soft-mul" "EXTRA_COMPILER_FLAGS=-ffunction-sections -fdata-sections -Wall -Wextra"
"Running Make include in microblaze_0/libsrc/PmodOLEDrgb_v1_0/src"
C:/Xilinx/SDK/2018.2/gnuwin/bin/make -C microblaze_0/libsrc/PmodOLEDrgb_v1_0/src -s include  "SHELL=CMD" "COMPILER=mb-gcc" "ARCHIVER=mb-ar" "COMPILER_FLAGS=  -O2 -c -mcpu=v10.0 -mhard-float -mlittle-endian -mxl-soft-mul" "EXTRA_COMPILER_FLAGS=-ffunction-sections -fdata-sections -Wall -Wextra"
"Running Make include in microblaze_0/libsrc/standalone_v6_7/src"
C:/Xilinx/SDK/2018.2/gnuwin/bin/make -C microblaze_0/libsrc/standalone_v6_7/src -s include  "SHELL=CMD" "COMPILER=mb-gcc" "ARCHIVER=mb-ar" "COMPILER_FLAGS=  -O2 -c -mcpu=v10.0 -mhard-float -mlittle-endian -mxl-soft-mul" "EXTRA_COMPILER_FLAGS=-ffunction-sections -fdata-sections -Wall -Wextra"
"Running Make include in microblaze_0/libsrc/tmrctr_v4_4/src"
C:/Xilinx/SDK/2018.2/gnuwin/bin/make -C microblaze_0/libsrc/tmrctr_v4_4/src -s include  "SHELL=CMD" "COMPILER=mb-gcc" "ARCHIVER=mb-ar" "COMPILER_FLAGS=  -O2 -c -mcpu=v10.0 -mhard-float -mlittle-endian -mxl-soft-mul" "EXTRA_COMPILER_FLAGS=-ffunction-sections -fdata-sections -Wall -Wextra"
"Running Make include in microblaze_0/libsrc/uartlite_v3_2/src"
C:/Xilinx/SDK/2018.2/gnuwin/bin/make -C microblaze_0/libsrc/uartlite_v3_2/src -s include  "SHELL=CMD" "COMPILER=mb-gcc" "ARCHIVER=mb-ar" "COMPILER_FLAGS=  -O2 -c -mcpu=v10.0 -mhard-float -mlittle-endian -mxl-soft-mul" "EXTRA_COMPILER_FLAGS=-ffunction-sections -fdata-sections -Wall -Wextra"
"Running Make include in microblaze_0/libsrc/wdttb_v4_3/src"
C:/Xilinx/SDK/2018.2/gnuwin/bin/make -C microblaze_0/libsrc/wdttb_v4_3/src -s include  "SHELL=CMD" "COMPILER=mb-gcc" "ARCHIVER=mb-ar" "COMPILER_FLAGS=  -O2 -c -mcpu=v10.0 -mhard-float -mlittle-endian -mxl-soft-mul" "EXTRA_COMPILER_FLAGS=-ffunction-sections -fdata-sections -Wall -Wextra"
"Running Make libs in microblaze_0/libsrc/bram_v4_2/src"
C:/Xilinx/SDK/2018.2/gnuwin/bin/make -C microblaze_0/libsrc/bram_v4_2/src -s libs  "SHELL=CMD" "COMPILER=mb-gcc" "ARCHIVER=mb-ar" "COMPILER_FLAGS=  -O2 -c -mcpu=v10.0 -mhard-float -mlittle-endian -mxl-soft-mul" "EXTRA_COMPILER_FLAGS=-ffunction-sections -fdata-sections -Wall -Wextra"
"Compiling bram"
Command canceled
22:12:47 **** Build of project project2_bsp ****
make -k all 
"Running Make include in microblaze_0/libsrc/bram_v4_2/src"
C:/Xilinx/SDK/2018.2/gnuwin/bin/make -C microblaze_0/libsrc/bram_v4_2/src -s include  "SHELL=CMD" "COMPILER=mb-gcc" "ARCHIVER=mb-ar" "COMPILER_FLAGS=  -O2 -c -mcpu=v10.0 -mhard-float -mlittle-endian -mxl-soft-mul" "EXTRA_COMPILER_FLAGS=-ffunction-sections -fdata-sections -Wall -Wextra"
"Running Make include in microblaze_0/libsrc/cpu_v2_7/src"
C:/Xilinx/SDK/2018.2/gnuwin/bin/make -C microblaze_0/libsrc/cpu_v2_7/src -s include  "SHELL=CMD" "COMPILER=mb-gcc" "ARCHIVER=mb-ar" "COMPILER_FLAGS=  -O2 -c -mcpu=v10.0 -mhard-float -mlittle-endian -mxl-soft-mul" "EXTRA_COMPILER_FLAGS=-ffunction-sections -fdata-sections -Wall -Wextra"
"Running Make include in microblaze_0/libsrc/freertos10_xilinx_v1_1/src"
C:/Xilinx/SDK/2018.2/gnuwin/bin/make -C microblaze_0/libsrc/freertos10_xilinx_v1_1/src -s include  "SHELL=CMD" "COMPILER=mb-gcc" "ARCHIVER=mb-ar" "COMPILER_FLAGS=  -O2 -c -mcpu=v10.0 -mhard-float -mlittle-endian -mxl-soft-mul" "EXTRA_COMPILER_FLAGS=-ffunction-sections -fdata-sections -Wall -Wextra"
"include"
"Running Make include in microblaze_0/libsrc/gpio_v4_3/src"
C:/Xilinx/SDK/2018.2/gnuwin/bin/make -C microblaze_0/libsrc/gpio_v4_3/src -s include  "SHELL=CMD" "COMPILER=mb-gcc" "ARCHIVER=mb-ar" "COMPILER_FLAGS=  -O2 -c -mcpu=v10.0 -mhard-float -mlittle-endian -mxl-soft-mul" "EXTRA_COMPILER_FLAGS=-ffunction-sections -fdata-sections -Wall -Wextra"
"Running Make include in microblaze_0/libsrc/intc_v3_7/src"
C:/Xilinx/SDK/2018.2/gnuwin/bin/make -C microblaze_0/libsrc/intc_v3_7/src -s include  "SHELL=CMD" "COMPILER=mb-gcc" "ARCHIVER=mb-ar" "COMPILER_FLAGS=  -O2 -c -mcpu=v10.0 -mhard-float -mlittle-endian -mxl-soft-mul" "EXTRA_COMPILER_FLAGS=-ffunction-sections -fdata-sections -Wall -Wextra"
"Running Make include in microblaze_0/libsrc/nexys4IO_v1_0/src"
C:/Xilinx/SDK/2018.2/gnuwin/bin/make -C microblaze_0/libsrc/nexys4IO_v1_0/src -s include  "SHELL=CMD" "COMPILER=mb-gcc" "ARCHIVER=mb-ar" "COMPILER_FLAGS=  -O2 -c -mcpu=v10.0 -mhard-float -mlittle-endian -mxl-soft-mul" "EXTRA_COMPILER_FLAGS=-ffunction-sections -fdata-sections -Wall -Wextra"
"Running Make include in microblaze_0/libsrc/PmodENC_v1_0/src"
C:/Xilinx/SDK/2018.2/gnuwin/bin/make -C microblaze_0/libsrc/PmodENC_v1_0/src -s include  "SHELL=CMD" "COMPILER=mb-gcc" "ARCHIVER=mb-ar" "COMPILER_FLAGS=  -O2 -c -mcpu=v10.0 -mhard-float -mlittle-endian -mxl-soft-mul" "EXTRA_COMPILER_FLAGS=-ffunction-sections -fdata-sections -Wall -Wextra"
"Running Make include in microblaze_0/libsrc/PmodOLEDrgb_v1_0/src"
C:/Xilinx/SDK/2018.2/gnuwin/bin/make -C microblaze_0/libsrc/PmodOLEDrgb_v1_0/src -s include  "SHELL=CMD" "COMPILER=mb-gcc" "ARCHIVER=mb-ar" "COMPILER_FLAGS=  -O2 -c -mcpu=v10.0 -mhard-float -mlittle-endian -mxl-soft-mul" "EXTRA_COMPILER_FLAGS=-ffunction-sections -fdata-sections -Wall -Wextra"
"Running Make include in microblaze_0/libsrc/tmrctr_v4_4/src"
C:/Xilinx/SDK/2018.2/gnuwin/bin/make -C microblaze_0/libsrc/tmrctr_v4_4/src -s include  "SHELL=CMD" "COMPILER=mb-gcc" "ARCHIVER=mb-ar" "COMPILER_FLAGS=  -O2 -c -mcpu=v10.0 -mhard-float -mlittle-endian -mxl-soft-mul" "EXTRA_COMPILER_FLAGS=-ffunction-sections -fdata-sections -Wall -Wextra"
"Running Make include in microblaze_0/libsrc/uartlite_v3_2/src"
C:/Xilinx/SDK/2018.2/gnuwin/bin/make -C microblaze_0/libsrc/uartlite_v3_2/src -s include  "SHELL=CMD" "COMPILER=mb-gcc" "ARCHIVER=mb-ar" "COMPILER_FLAGS=  -O2 -c -mcpu=v10.0 -mhard-float -mlittle-endian -mxl-soft-mul" "EXTRA_COMPILER_FLAGS=-ffunction-sections -fdata-sections -Wall -Wextra"
"Running Make include in microblaze_0/libsrc/wdttb_v4_3/src"
C:/Xilinx/SDK/2018.2/gnuwin/bin/make -C microblaze_0/libsrc/wdttb_v4_3/src -s include  "SHELL=CMD" "COMPILER=mb-gcc" "ARCHIVER=mb-ar" "COMPILER_FLAGS=  -O2 -c -mcpu=v10.0 -mhard-float -mlittle-endian -mxl-soft-mul" "EXTRA_COMPILER_FLAGS=-ffunction-sections -fdata-sections -Wall -Wextra"
"Running Make libs in microblaze_0/libsrc/bram_v4_2/src"
C:/Xilinx/SDK/2018.2/gnuwin/bin/make -C microblaze_0/libsrc/bram_v4_2/src -s libs  "SHELL=CMD" "COMPILER=mb-gcc" "ARCHIVER=mb-ar" "COMPILER_FLAGS=  -O2 -c -mcpu=v10.0 -mhard-float -mlittle-endian -mxl-soft-mul" "EXTRA_COMPILER_FLAGS=-ffunction-sections -fdata-sections -Wall -Wextra"
"Compiling bram"
mb-ar: creating ../../../lib/libxil.a
"Running Make libs in microblaze_0/libsrc/cpu_v2_7/src"
C:/Xilinx/SDK/2018.2/gnuwin/bin/make -C microblaze_0/libsrc/cpu_v2_7/src -s libs  "SHELL=CMD" "COMPILER=mb-gcc" "ARCHIVER=mb-ar" "COMPILER_FLAGS=  -O2 -c -mcpu=v10.0 -mhard-float -mlittle-endian -mxl-soft-mul" "EXTRA_COMPILER_FLAGS=-ffunction-sections -fdata-sections -Wall -Wextra"
"Compiling cpu"
"Running Make libs in microblaze_0/libsrc/freertos10_xilinx_v1_1/src"
C:/Xilinx/SDK/2018.2/gnuwin/bin/make -C microblaze_0/libsrc/freertos10_xilinx_v1_1/src -s libs  "SHELL=CMD" "COMPILER=mb-gcc" "ARCHIVER=mb-ar" "COMPILER_FLAGS=  -O2 -c -mcpu=v10.0 -mhard-float -mlittle-endian -mxl-soft-mul" "EXTRA_COMPILER_FLAGS=-ffunction-sections -fdata-sections -Wall -Wextra"
"Compiling standalone";
microblaze_sleep.c: In function 'usleep_MB':
microblaze_sleep.c:106:29: warning: unused parameter 'useconds' [-Wunused-parameter]
 int usleep_MB(unsigned long useconds)
                             ^~~~~~~~
microblaze_sleep.c: In function 'sleep_MB':
microblaze_sleep.c:128:32: warning: unused parameter 'seconds' [-Wunused-parameter]
 unsigned sleep_MB(unsigned int seconds)
                                ^~~~~~~
microblaze_sleep.c: In function 'MB_Sleep':
microblaze_sleep.c:153:19: warning: unused parameter 'MilliSeconds' [-Wunused-parameter]
 void MB_Sleep(u32 MilliSeconds)
                   ^~~~~~~~~~~~
"Compiling FreeRTOS"
mb-ar: creating ../../../lib/libfreertos.a
"Running Make libs in microblaze_0/libsrc/gpio_v4_3/src"
C:/Xilinx/SDK/2018.2/gnuwin/bin/make -C microblaze_0/libsrc/gpio_v4_3/src -s libs  "SHELL=CMD" "COMPILER=mb-gcc" "ARCHIVER=mb-ar" "COMPILER_FLAGS=  -O2 -c -mcpu=v10.0 -mhard-float -mlittle-endian -mxl-soft-mul" "EXTRA_COMPILER_FLAGS=-ffunction-sections -fdata-sections -Wall -Wextra"
"Compiling gpio"
"Running Make libs in microblaze_0/libsrc/intc_v3_7/src"
C:/Xilinx/SDK/2018.2/gnuwin/bin/make -C microblaze_0/libsrc/intc_v3_7/src -s libs  "SHELL=CMD" "COMPILER=mb-gcc" "ARCHIVER=mb-ar" "COMPILER_FLAGS=  -O2 -c -mcpu=v10.0 -mhard-float -mlittle-endian -mxl-soft-mul" "EXTRA_COMPILER_FLAGS=-ffunction-sections -fdata-sections -Wall -Wextra"
"Compiling intc"
"Running Make libs in microblaze_0/libsrc/nexys4IO_v1_0/src"
C:/Xilinx/SDK/2018.2/gnuwin/bin/make -C microblaze_0/libsrc/nexys4IO_v1_0/src -s libs  "SHELL=CMD" "COMPILER=mb-gcc" "ARCHIVER=mb-ar" "COMPILER_FLAGS=  -O2 -c -mcpu=v10.0 -mhard-float -mlittle-endian -mxl-soft-mul" "EXTRA_COMPILER_FLAGS=-ffunction-sections -fdata-sections -Wall -Wextra"
"Compiling nexys4IO..."
"Running Make libs in microblaze_0/libsrc/PmodENC_v1_0/src"
C:/Xilinx/SDK/2018.2/gnuwin/bin/make -C microblaze_0/libsrc/PmodENC_v1_0/src -s libs  "SHELL=CMD" "COMPILER=mb-gcc" "ARCHIVER=mb-ar" "COMPILER_FLAGS=  -O2 -c -mcpu=v10.0 -mhard-float -mlittle-endian -mxl-soft-mul" "EXTRA_COMPILER_FLAGS=-ffunction-sections -fdata-sections -Wall -Wextra"
"Compiling PmodENC..."
"Running Make libs in microblaze_0/libsrc/PmodOLEDrgb_v1_0/src"
C:/Xilinx/SDK/2018.2/gnuwin/bin/make -C microblaze_0/libsrc/PmodOLEDrgb_v1_0/src -s libs  "SHELL=CMD" "COMPILER=mb-gcc" "ARCHIVER=mb-ar" "COMPILER_FLAGS=  -O2 -c -mcpu=v10.0 -mhard-float -mlittle-endian -mxl-soft-mul" "EXTRA_COMPILER_FLAGS=-ffunction-sections -fdata-sections -Wall -Wextra"
"Compiling PmodOLEDrgb..."
PmodOLEDrgb_selftest.c: In function 'PMODOLEDRGB_Reg_SelfTest':
PmodOLEDrgb_selftest.c:52:60: warning: comparison between signed and unsigned integer expressions [-Wsign-compare]
    if ( PMODOLEDRGB_mReadReg (baseaddr, read_loop_index*4) != (read_loop_index+1)*READ_WRITE_MUL_FACTOR){
                                                            ^~
PmodOLEDrgb_selftest.c:36:6: warning: unused variable 'Index' [-Wunused-variable]
  int Index;
      ^~~~~
"Running Make libs in microblaze_0/libsrc/tmrctr_v4_4/src"
C:/Xilinx/SDK/2018.2/gnuwin/bin/make -C microblaze_0/libsrc/tmrctr_v4_4/src -s libs  "SHELL=CMD" "COMPILER=mb-gcc" "ARCHIVER=mb-ar" "COMPILER_FLAGS=  -O2 -c -mcpu=v10.0 -mhard-float -mlittle-endian -mxl-soft-mul" "EXTRA_COMPILER_FLAGS=-ffunction-sections -fdata-sections -Wall -Wextra"
"Compiling tmrctr"
"Running Make libs in microblaze_0/libsrc/uartlite_v3_2/src"
C:/Xilinx/SDK/2018.2/gnuwin/bin/make -C microblaze_0/libsrc/uartlite_v3_2/src -s libs  "SHELL=CMD" "COMPILER=mb-gcc" "ARCHIVER=mb-ar" "COMPILER_FLAGS=  -O2 -c -mcpu=v10.0 -mhard-float -mlittle-endian -mxl-soft-mul" "EXTRA_COMPILER_FLAGS=-ffunction-sections -fdata-sections -Wall -Wextra"
"Compiling uartlite"
"Running Make libs in microblaze_0/libsrc/wdttb_v4_3/src"
C:/Xilinx/SDK/2018.2/gnuwin/bin/make -C microblaze_0/libsrc/wdttb_v4_3/src -s libs  "SHELL=CMD" "COMPILER=mb-gcc" "ARCHIVER=mb-ar" "COMPILER_FLAGS=  -O2 -c -mcpu=v10.0 -mhard-float -mlittle-endian -mxl-soft-mul" "EXTRA_COMPILER_FLAGS=-ffunction-sections -fdata-sections -Wall -Wextra"
"Compiling wdttb"
In file included from xwdttb.h:173:0,
                 from xwdttb.c:87:
xwdttb.c: In function 'XWdtTb_ProgramWDTWidth':
../../../include/xil_assert.h:112:9: warning: 'return' with no value, in function returning non-void
         return;                                    \
         ^
xwdttb.c:1232:2: note: in expansion of macro 'Xil_AssertVoid'
  Xil_AssertVoid(InstancePtr != NULL);
  ^~~~~~~~~~~~~~
xwdttb.c:1229:5: note: declared here
 u32 XWdtTb_ProgramWDTWidth(XWdtTb *InstancePtr, u32 width)
     ^~~~~~~~~~~~~~~~~~~~~~
'Finished building libraries'
22:14:27 **** Build of configuration Debug for project project2 ****
make all 
Building file: ../src/freertos_hello_world.c
Invoking: MicroBlaze gcc compiler
mb-gcc -Wall -O0 -g3 -c -fmessage-length=0 -MT"src/freertos_hello_world.o" -I../../project2_bsp/microblaze_0/include -mlittle-endian -mcpu=v10.0 -mxl-soft-mul -mhard-float -Wl,--no-relax -ffunction-sections -fdata-sections -MMD -MP -MF"src/freertos_hello_world.d" -MT"src/freertos_hello_world.o" -o "src/freertos_hello_world.o" "../src/freertos_hello_world.c"
Finished building: ../src/freertos_hello_world.c
 
Building target: project2.elf
Invoking: MicroBlaze gcc linker
mb-gcc -Wl,-T -Wl,../src/lscript.ld -L../../project2_bsp/microblaze_0/lib -mlittle-endian -mcpu=v10.0 -mxl-soft-mul -mhard-float -Wl,--no-relax -Wl,--gc-sections -o "project2.elf"  ./src/freertos_hello_world.o   -Wl,--start-group,-lxil,-lfreertos,-lgcc,-lc,--end-group
Finished building target: project2.elf
 
Invoking: MicroBlaze Print Size
mb-size project2.elf  |tee "project2.elf.size"
   text	   data	    bss	    dec	    hex	filename
  38884	   1480	  69588	 109952	  1ad80	project2.elf
Finished building: project2.elf.size
 
22:17:09 **** Auto Build of configuration Debug for project project2 ****
make all 
make: Nothing to be done for `all'.
22:19:26 **** Build of project freertos10_xilinx_bsp_0 ****
make -k all 
"Running Make include in microblaze_0/libsrc/bram_v4_2/src"
C:/Xilinx/SDK/2018.2/gnuwin/bin/make -C microblaze_0/libsrc/bram_v4_2/src -s include  "SHELL=CMD" "COMPILER=mb-gcc" "ARCHIVER=mb-ar" "COMPILER_FLAGS=  -O2 -c -mcpu=v10.0 -mhard-float -mlittle-endian -mxl-soft-mul" "EXTRA_COMPILER_FLAGS=-ffunction-sections -fdata-sections -Wall -Wextra"
"Running Make include in microblaze_0/libsrc/cpu_v2_7/src"
C:/Xilinx/SDK/2018.2/gnuwin/bin/make -C microblaze_0/libsrc/cpu_v2_7/src -s include  "SHELL=CMD" "COMPILER=mb-gcc" "ARCHIVER=mb-ar" "COMPILER_FLAGS=  -O2 -c -mcpu=v10.0 -mhard-float -mlittle-endian -mxl-soft-mul" "EXTRA_COMPILER_FLAGS=-ffunction-sections -fdata-sections -Wall -Wextra"
"Running Make include in microblaze_0/libsrc/freertos10_xilinx_v1_1/src"
C:/Xilinx/SDK/2018.2/gnuwin/bin/make -C microblaze_0/libsrc/freertos10_xilinx_v1_1/src -s include  "SHELL=CMD" "COMPILER=mb-gcc" "ARCHIVER=mb-ar" "COMPILER_FLAGS=  -O2 -c -mcpu=v10.0 -mhard-float -mlittle-endian -mxl-soft-mul" "EXTRA_COMPILER_FLAGS=-ffunction-sections -fdata-sections -Wall -Wextra"
"include"
"Running Make include in microblaze_0/libsrc/gpio_v4_3/src"
C:/Xilinx/SDK/2018.2/gnuwin/bin/make -C microblaze_0/libsrc/gpio_v4_3/src -s include  "SHELL=CMD" "COMPILER=mb-gcc" "ARCHIVER=mb-ar" "COMPILER_FLAGS=  -O2 -c -mcpu=v10.0 -mhard-float -mlittle-endian -mxl-soft-mul" "EXTRA_COMPILER_FLAGS=-ffunction-sections -fdata-sections -Wall -Wextra"
"Running Make include in microblaze_0/libsrc/intc_v3_7/src"
C:/Xilinx/SDK/2018.2/gnuwin/bin/make -C microblaze_0/libsrc/intc_v3_7/src -s include  "SHELL=CMD" "COMPILER=mb-gcc" "ARCHIVER=mb-ar" "COMPILER_FLAGS=  -O2 -c -mcpu=v10.0 -mhard-float -mlittle-endian -mxl-soft-mul" "EXTRA_COMPILER_FLAGS=-ffunction-sections -fdata-sections -Wall -Wextra"
"Running Make include in microblaze_0/libsrc/nexys4IO_v1_0/src"
C:/Xilinx/SDK/2018.2/gnuwin/bin/make -C microblaze_0/libsrc/nexys4IO_v1_0/src -s include  "SHELL=CMD" "COMPILER=mb-gcc" "ARCHIVER=mb-ar" "COMPILER_FLAGS=  -O2 -c -mcpu=v10.0 -mhard-float -mlittle-endian -mxl-soft-mul" "EXTRA_COMPILER_FLAGS=-ffunction-sections -fdata-sections -Wall -Wextra"
"Running Make include in microblaze_0/libsrc/PmodENC_v1_0/src"
C:/Xilinx/SDK/2018.2/gnuwin/bin/make -C microblaze_0/libsrc/PmodENC_v1_0/src -s include  "SHELL=CMD" "COMPILER=mb-gcc" "ARCHIVER=mb-ar" "COMPILER_FLAGS=  -O2 -c -mcpu=v10.0 -mhard-float -mlittle-endian -mxl-soft-mul" "EXTRA_COMPILER_FLAGS=-ffunction-sections -fdata-sections -Wall -Wextra"
"Running Make include in microblaze_0/libsrc/PmodOLEDrgb_v1_0/src"
C:/Xilinx/SDK/2018.2/gnuwin/bin/make -C microblaze_0/libsrc/PmodOLEDrgb_v1_0/src -s include  "SHELL=CMD" "COMPILER=mb-gcc" "ARCHIVER=mb-ar" "COMPILER_FLAGS=  -O2 -c -mcpu=v10.0 -mhard-float -mlittle-endian -mxl-soft-mul" "EXTRA_COMPILER_FLAGS=-ffunction-sections -fdata-sections -Wall -Wextra"
"Running Make include in microblaze_0/libsrc/tmrctr_v4_4/src"
C:/Xilinx/SDK/2018.2/gnuwin/bin/make -C microblaze_0/libsrc/tmrctr_v4_4/src -s include  "SHELL=CMD" "COMPILER=mb-gcc" "ARCHIVER=mb-ar" "COMPILER_FLAGS=  -O2 -c -mcpu=v10.0 -mhard-float -mlittle-endian -mxl-soft-mul" "EXTRA_COMPILER_FLAGS=-ffunction-sections -fdata-sections -Wall -Wextra"
"Running Make include in microblaze_0/libsrc/uartlite_v3_2/src"
C:/Xilinx/SDK/2018.2/gnuwin/bin/make -C microblaze_0/libsrc/uartlite_v3_2/src -s include  "SHELL=CMD" "COMPILER=mb-gcc" "ARCHIVER=mb-ar" "COMPILER_FLAGS=  -O2 -c -mcpu=v10.0 -mhard-float -mlittle-endian -mxl-soft-mul" "EXTRA_COMPILER_FLAGS=-ffunction-sections -fdata-sections -Wall -Wextra"
"Running Make include in microblaze_0/libsrc/wdttb_v4_3/src"
C:/Xilinx/SDK/2018.2/gnuwin/bin/make -C microblaze_0/libsrc/wdttb_v4_3/src -s include  "SHELL=CMD" "COMPILER=mb-gcc" "ARCHIVER=mb-ar" "COMPILER_FLAGS=  -O2 -c -mcpu=v10.0 -mhard-float -mlittle-endian -mxl-soft-mul" "EXTRA_COMPILER_FLAGS=-ffunction-sections -fdata-sections -Wall -Wextra"
"Running Make libs in microblaze_0/libsrc/bram_v4_2/src"
C:/Xilinx/SDK/2018.2/gnuwin/bin/make -C microblaze_0/libsrc/bram_v4_2/src -s libs  "SHELL=CMD" "COMPILER=mb-gcc" "ARCHIVER=mb-ar" "COMPILER_FLAGS=  -O2 -c -mcpu=v10.0 -mhard-float -mlittle-endian -mxl-soft-mul" "EXTRA_COMPILER_FLAGS=-ffunction-sections -fdata-sections -Wall -Wextra"
"Compiling bram"
mb-ar: creating ../../../lib/libxil.a
"Running Make libs in microblaze_0/libsrc/cpu_v2_7/src"
C:/Xilinx/SDK/2018.2/gnuwin/bin/make -C microblaze_0/libsrc/cpu_v2_7/src -s libs  "SHELL=CMD" "COMPILER=mb-gcc" "ARCHIVER=mb-ar" "COMPILER_FLAGS=  -O2 -c -mcpu=v10.0 -mhard-float -mlittle-endian -mxl-soft-mul" "EXTRA_COMPILER_FLAGS=-ffunction-sections -fdata-sections -Wall -Wextra"
"Compiling cpu"
"Running Make libs in microblaze_0/libsrc/freertos10_xilinx_v1_1/src"
C:/Xilinx/SDK/2018.2/gnuwin/bin/make -C microblaze_0/libsrc/freertos10_xilinx_v1_1/src -s libs  "SHELL=CMD" "COMPILER=mb-gcc" "ARCHIVER=mb-ar" "COMPILER_FLAGS=  -O2 -c -mcpu=v10.0 -mhard-float -mlittle-endian -mxl-soft-mul" "EXTRA_COMPILER_FLAGS=-ffunction-sections -fdata-sections -Wall -Wextra"
"Compiling standalone";
microblaze_sleep.c: In function 'usleep_MB':
microblaze_sleep.c:106:29: warning: unused parameter 'useconds' [-Wunused-parameter]
 int usleep_MB(unsigned long useconds)
                             ^~~~~~~~
microblaze_sleep.c: In function 'sleep_MB':
microblaze_sleep.c:128:32: warning: unused parameter 'seconds' [-Wunused-parameter]
 unsigned sleep_MB(unsigned int seconds)
                                ^~~~~~~
microblaze_sleep.c: In function 'MB_Sleep':
microblaze_sleep.c:153:19: warning: unused parameter 'MilliSeconds' [-Wunused-parameter]
 void MB_Sleep(u32 MilliSeconds)
                   ^~~~~~~~~~~~
"Compiling FreeRTOS"
mb-ar: creating ../../../lib/libfreertos.a
"Running Make libs in microblaze_0/libsrc/gpio_v4_3/src"
C:/Xilinx/SDK/2018.2/gnuwin/bin/make -C microblaze_0/libsrc/gpio_v4_3/src -s libs  "SHELL=CMD" "COMPILER=mb-gcc" "ARCHIVER=mb-ar" "COMPILER_FLAGS=  -O2 -c -mcpu=v10.0 -mhard-float -mlittle-endian -mxl-soft-mul" "EXTRA_COMPILER_FLAGS=-ffunction-sections -fdata-sections -Wall -Wextra"
"Compiling gpio"
"Running Make libs in microblaze_0/libsrc/intc_v3_7/src"
C:/Xilinx/SDK/2018.2/gnuwin/bin/make -C microblaze_0/libsrc/intc_v3_7/src -s libs  "SHELL=CMD" "COMPILER=mb-gcc" "ARCHIVER=mb-ar" "COMPILER_FLAGS=  -O2 -c -mcpu=v10.0 -mhard-float -mlittle-endian -mxl-soft-mul" "EXTRA_COMPILER_FLAGS=-ffunction-sections -fdata-sections -Wall -Wextra"
"Compiling intc"
"Running Make libs in microblaze_0/libsrc/nexys4IO_v1_0/src"
C:/Xilinx/SDK/2018.2/gnuwin/bin/make -C microblaze_0/libsrc/nexys4IO_v1_0/src -s libs  "SHELL=CMD" "COMPILER=mb-gcc" "ARCHIVER=mb-ar" "COMPILER_FLAGS=  -O2 -c -mcpu=v10.0 -mhard-float -mlittle-endian -mxl-soft-mul" "EXTRA_COMPILER_FLAGS=-ffunction-sections -fdata-sections -Wall -Wextra"
"Compiling nexys4IO..."
"Running Make libs in microblaze_0/libsrc/PmodENC_v1_0/src"
C:/Xilinx/SDK/2018.2/gnuwin/bin/make -C microblaze_0/libsrc/PmodENC_v1_0/src -s libs  "SHELL=CMD" "COMPILER=mb-gcc" "ARCHIVER=mb-ar" "COMPILER_FLAGS=  -O2 -c -mcpu=v10.0 -mhard-float -mlittle-endian -mxl-soft-mul" "EXTRA_COMPILER_FLAGS=-ffunction-sections -fdata-sections -Wall -Wextra"
"Compiling PmodENC..."
"Running Make libs in microblaze_0/libsrc/PmodOLEDrgb_v1_0/src"
C:/Xilinx/SDK/2018.2/gnuwin/bin/make -C microblaze_0/libsrc/PmodOLEDrgb_v1_0/src -s libs  "SHELL=CMD" "COMPILER=mb-gcc" "ARCHIVER=mb-ar" "COMPILER_FLAGS=  -O2 -c -mcpu=v10.0 -mhard-float -mlittle-endian -mxl-soft-mul" "EXTRA_COMPILER_FLAGS=-ffunction-sections -fdata-sections -Wall -Wextra"
"Compiling PmodOLEDrgb..."
PmodOLEDrgb_selftest.c: In function 'PMODOLEDRGB_Reg_SelfTest':
PmodOLEDrgb_selftest.c:52:60: warning: comparison between signed and unsigned integer expressions [-Wsign-compare]
    if ( PMODOLEDRGB_mReadReg (baseaddr, read_loop_index*4) != (read_loop_index+1)*READ_WRITE_MUL_FACTOR){
                                                            ^~
PmodOLEDrgb_selftest.c:36:6: warning: unused variable 'Index' [-Wunused-variable]
  int Index;
      ^~~~~
"Running Make libs in microblaze_0/libsrc/tmrctr_v4_4/src"
C:/Xilinx/SDK/2018.2/gnuwin/bin/make -C microblaze_0/libsrc/tmrctr_v4_4/src -s libs  "SHELL=CMD" "COMPILER=mb-gcc" "ARCHIVER=mb-ar" "COMPILER_FLAGS=  -O2 -c -mcpu=v10.0 -mhard-float -mlittle-endian -mxl-soft-mul" "EXTRA_COMPILER_FLAGS=-ffunction-sections -fdata-sections -Wall -Wextra"
"Compiling tmrctr"
"Running Make libs in microblaze_0/libsrc/uartlite_v3_2/src"
C:/Xilinx/SDK/2018.2/gnuwin/bin/make -C microblaze_0/libsrc/uartlite_v3_2/src -s libs  "SHELL=CMD" "COMPILER=mb-gcc" "ARCHIVER=mb-ar" "COMPILER_FLAGS=  -O2 -c -mcpu=v10.0 -mhard-float -mlittle-endian -mxl-soft-mul" "EXTRA_COMPILER_FLAGS=-ffunction-sections -fdata-sections -Wall -Wextra"
"Compiling uartlite"
"Running Make libs in microblaze_0/libsrc/wdttb_v4_3/src"
C:/Xilinx/SDK/2018.2/gnuwin/bin/make -C microblaze_0/libsrc/wdttb_v4_3/src -s libs  "SHELL=CMD" "COMPILER=mb-gcc" "ARCHIVER=mb-ar" "COMPILER_FLAGS=  -O2 -c -mcpu=v10.0 -mhard-float -mlittle-endian -mxl-soft-mul" "EXTRA_COMPILER_FLAGS=-ffunction-sections -fdata-sections -Wall -Wextra"
"Compiling wdttb"
In file included from xwdttb.h:173:0,
                 from xwdttb.c:87:
xwdttb.c: In function 'XWdtTb_ProgramWDTWidth':
../../../include/xil_assert.h:112:9: warning: 'return' with no value, in function returning non-void
         return;                                    \
         ^
xwdttb.c:1232:2: note: in expansion of macro 'Xil_AssertVoid'
  Xil_AssertVoid(InstancePtr != NULL);
  ^~~~~~~~~~~~~~
xwdttb.c:1229:5: note: declared here
 u32 XWdtTb_ProgramWDTWidth(XWdtTb *InstancePtr, u32 width)
     ^~~~~~~~~~~~~~~~~~~~~~
'Finished building libraries'
22:21:09 **** Auto Build of project freertos10_xilinx_bsp_0 ****
make -k all 
"Running Make include in microblaze_0/libsrc/bram_v4_2/src"
C:/Xilinx/SDK/2018.2/gnuwin/bin/make -C microblaze_0/libsrc/bram_v4_2/src -s include  "SHELL=CMD" "COMPILER=mb-gcc" "ARCHIVER=mb-ar" "COMPILER_FLAGS=  -O2 -c -mcpu=v10.0 -mhard-float -mlittle-endian -mxl-soft-mul" "EXTRA_COMPILER_FLAGS=-ffunction-sections -fdata-sections -Wall -Wextra"
"Running Make include in microblaze_0/libsrc/cpu_v2_7/src"
C:/Xilinx/SDK/2018.2/gnuwin/bin/make -C microblaze_0/libsrc/cpu_v2_7/src -s include  "SHELL=CMD" "COMPILER=mb-gcc" "ARCHIVER=mb-ar" "COMPILER_FLAGS=  -O2 -c -mcpu=v10.0 -mhard-float -mlittle-endian -mxl-soft-mul" "EXTRA_COMPILER_FLAGS=-ffunction-sections -fdata-sections -Wall -Wextra"
"Running Make include in microblaze_0/libsrc/freertos10_xilinx_v1_1/src"
C:/Xilinx/SDK/2018.2/gnuwin/bin/make -C microblaze_0/libsrc/freertos10_xilinx_v1_1/src -s include  "SHELL=CMD" "COMPILER=mb-gcc" "ARCHIVER=mb-ar" "COMPILER_FLAGS=  -O2 -c -mcpu=v10.0 -mhard-float -mlittle-endian -mxl-soft-mul" "EXTRA_COMPILER_FLAGS=-ffunction-sections -fdata-sections -Wall -Wextra"
"include"
"Running Make include in microblaze_0/libsrc/gpio_v4_3/src"
C:/Xilinx/SDK/2018.2/gnuwin/bin/make -C microblaze_0/libsrc/gpio_v4_3/src -s include  "SHELL=CMD" "COMPILER=mb-gcc" "ARCHIVER=mb-ar" "COMPILER_FLAGS=  -O2 -c -mcpu=v10.0 -mhard-float -mlittle-endian -mxl-soft-mul" "EXTRA_COMPILER_FLAGS=-ffunction-sections -fdata-sections -Wall -Wextra"
"Running Make include in microblaze_0/libsrc/intc_v3_7/src"
C:/Xilinx/SDK/2018.2/gnuwin/bin/make -C microblaze_0/libsrc/intc_v3_7/src -s include  "SHELL=CMD" "COMPILER=mb-gcc" "ARCHIVER=mb-ar" "COMPILER_FLAGS=  -O2 -c -mcpu=v10.0 -mhard-float -mlittle-endian -mxl-soft-mul" "EXTRA_COMPILER_FLAGS=-ffunction-sections -fdata-sections -Wall -Wextra"
"Running Make include in microblaze_0/libsrc/nexys4IO_v1_0/src"
C:/Xilinx/SDK/2018.2/gnuwin/bin/make -C microblaze_0/libsrc/nexys4IO_v1_0/src -s include  "SHELL=CMD" "COMPILER=mb-gcc" "ARCHIVER=mb-ar" "COMPILER_FLAGS=  -O2 -c -mcpu=v10.0 -mhard-float -mlittle-endian -mxl-soft-mul" "EXTRA_COMPILER_FLAGS=-ffunction-sections -fdata-sections -Wall -Wextra"
"Running Make include in microblaze_0/libsrc/PmodENC_v1_0/src"
C:/Xilinx/SDK/2018.2/gnuwin/bin/make -C microblaze_0/libsrc/PmodENC_v1_0/src -s include  "SHELL=CMD" "COMPILER=mb-gcc" "ARCHIVER=mb-ar" "COMPILER_FLAGS=  -O2 -c -mcpu=v10.0 -mhard-float -mlittle-endian -mxl-soft-mul" "EXTRA_COMPILER_FLAGS=-ffunction-sections -fdata-sections -Wall -Wextra"
"Running Make include in microblaze_0/libsrc/PmodOLEDrgb_v1_0/src"
C:/Xilinx/SDK/2018.2/gnuwin/bin/make -C microblaze_0/libsrc/PmodOLEDrgb_v1_0/src -s include  "SHELL=CMD" "COMPILER=mb-gcc" "ARCHIVER=mb-ar" "COMPILER_FLAGS=  -O2 -c -mcpu=v10.0 -mhard-float -mlittle-endian -mxl-soft-mul" "EXTRA_COMPILER_FLAGS=-ffunction-sections -fdata-sections -Wall -Wextra"
"Running Make include in microblaze_0/libsrc/tmrctr_v4_4/src"
C:/Xilinx/SDK/2018.2/gnuwin/bin/make -C microblaze_0/libsrc/tmrctr_v4_4/src -s include  "SHELL=CMD" "COMPILER=mb-gcc" "ARCHIVER=mb-ar" "COMPILER_FLAGS=  -O2 -c -mcpu=v10.0 -mhard-float -mlittle-endian -mxl-soft-mul" "EXTRA_COMPILER_FLAGS=-ffunction-sections -fdata-sections -Wall -Wextra"
"Running Make include in microblaze_0/libsrc/uartlite_v3_2/src"
C:/Xilinx/SDK/2018.2/gnuwin/bin/make -C microblaze_0/libsrc/uartlite_v3_2/src -s include  "SHELL=CMD" "COMPILER=mb-gcc" "ARCHIVER=mb-ar" "COMPILER_FLAGS=  -O2 -c -mcpu=v10.0 -mhard-float -mlittle-endian -mxl-soft-mul" "EXTRA_COMPILER_FLAGS=-ffunction-sections -fdata-sections -Wall -Wextra"
"Running Make include in microblaze_0/libsrc/wdttb_v4_3/src"
C:/Xilinx/SDK/2018.2/gnuwin/bin/make -C microblaze_0/libsrc/wdttb_v4_3/src -s include  "SHELL=CMD" "COMPILER=mb-gcc" "ARCHIVER=mb-ar" "COMPILER_FLAGS=  -O2 -c -mcpu=v10.0 -mhard-float -mlittle-endian -mxl-soft-mul" "EXTRA_COMPILER_FLAGS=-ffunction-sections -fdata-sections -Wall -Wextra"
"Running Make libs in microblaze_0/libsrc/bram_v4_2/src"
C:/Xilinx/SDK/2018.2/gnuwin/bin/make -C microblaze_0/libsrc/bram_v4_2/src -s libs  "SHELL=CMD" "COMPILER=mb-gcc" "ARCHIVER=mb-ar" "COMPILER_FLAGS=  -O2 -c -mcpu=v10.0 -mhard-float -mlittle-endian -mxl-soft-mul" "EXTRA_COMPILER_FLAGS=-ffunction-sections -fdata-sections -Wall -Wextra"
"Compiling bram"
"Running Make libs in microblaze_0/libsrc/cpu_v2_7/src"
C:/Xilinx/SDK/2018.2/gnuwin/bin/make -C microblaze_0/libsrc/cpu_v2_7/src -s libs  "SHELL=CMD" "COMPILER=mb-gcc" "ARCHIVER=mb-ar" "COMPILER_FLAGS=  -O2 -c -mcpu=v10.0 -mhard-float -mlittle-endian -mxl-soft-mul" "EXTRA_COMPILER_FLAGS=-ffunction-sections -fdata-sections -Wall -Wextra"
"Compiling cpu"
"Running Make libs in microblaze_0/libsrc/freertos10_xilinx_v1_1/src"
C:/Xilinx/SDK/2018.2/gnuwin/bin/make -C microblaze_0/libsrc/freertos10_xilinx_v1_1/src -s libs  "SHELL=CMD" "COMPILER=mb-gcc" "ARCHIVER=mb-ar" "COMPILER_FLAGS=  -O2 -c -mcpu=v10.0 -mhard-float -mlittle-endian -mxl-soft-mul" "EXTRA_COMPILER_FLAGS=-ffunction-sections -fdata-sections -Wall -Wextra"
"Compiling standalone";
microblaze_sleep.c: In function 'usleep_MB':
microblaze_sleep.c:106:29: warning: unused parameter 'useconds' [-Wunused-parameter]
 int usleep_MB(unsigned long useconds)
                             ^~~~~~~~
microblaze_sleep.c: In function 'sleep_MB':
microblaze_sleep.c:128:32: warning: unused parameter 'seconds' [-Wunused-parameter]
 unsigned sleep_MB(unsigned int seconds)
                                ^~~~~~~
microblaze_sleep.c: In function 'MB_Sleep':
microblaze_sleep.c:153:19: warning: unused parameter 'MilliSeconds' [-Wunused-parameter]
 void MB_Sleep(u32 MilliSeconds)
                   ^~~~~~~~~~~~
"Compiling FreeRTOS"
"Running Make libs in microblaze_0/libsrc/gpio_v4_3/src"
C:/Xilinx/SDK/2018.2/gnuwin/bin/make -C microblaze_0/libsrc/gpio_v4_3/src -s libs  "SHELL=CMD" "COMPILER=mb-gcc" "ARCHIVER=mb-ar" "COMPILER_FLAGS=  -O2 -c -mcpu=v10.0 -mhard-float -mlittle-endian -mxl-soft-mul" "EXTRA_COMPILER_FLAGS=-ffunction-sections -fdata-sections -Wall -Wextra"
"Compiling gpio"
"Running Make libs in microblaze_0/libsrc/intc_v3_7/src"
C:/Xilinx/SDK/2018.2/gnuwin/bin/make -C microblaze_0/libsrc/intc_v3_7/src -s libs  "SHELL=CMD" "COMPILER=mb-gcc" "ARCHIVER=mb-ar" "COMPILER_FLAGS=  -O2 -c -mcpu=v10.0 -mhard-float -mlittle-endian -mxl-soft-mul" "EXTRA_COMPILER_FLAGS=-ffunction-sections -fdata-sections -Wall -Wextra"
"Compiling intc"
"Running Make libs in microblaze_0/libsrc/nexys4IO_v1_0/src"
C:/Xilinx/SDK/2018.2/gnuwin/bin/make -C microblaze_0/libsrc/nexys4IO_v1_0/src -s libs  "SHELL=CMD" "COMPILER=mb-gcc" "ARCHIVER=mb-ar" "COMPILER_FLAGS=  -O2 -c -mcpu=v10.0 -mhard-float -mlittle-endian -mxl-soft-mul" "EXTRA_COMPILER_FLAGS=-ffunction-sections -fdata-sections -Wall -Wextra"
"Compiling nexys4IO..."
"Running Make libs in microblaze_0/libsrc/PmodENC_v1_0/src"
C:/Xilinx/SDK/2018.2/gnuwin/bin/make -C microblaze_0/libsrc/PmodENC_v1_0/src -s libs  "SHELL=CMD" "COMPILER=mb-gcc" "ARCHIVER=mb-ar" "COMPILER_FLAGS=  -O2 -c -mcpu=v10.0 -mhard-float -mlittle-endian -mxl-soft-mul" "EXTRA_COMPILER_FLAGS=-ffunction-sections -fdata-sections -Wall -Wextra"
"Compiling PmodENC..."
"Running Make libs in microblaze_0/libsrc/PmodOLEDrgb_v1_0/src"
C:/Xilinx/SDK/2018.2/gnuwin/bin/make -C microblaze_0/libsrc/PmodOLEDrgb_v1_0/src -s libs  "SHELL=CMD" "COMPILER=mb-gcc" "ARCHIVER=mb-ar" "COMPILER_FLAGS=  -O2 -c -mcpu=v10.0 -mhard-float -mlittle-endian -mxl-soft-mul" "EXTRA_COMPILER_FLAGS=-ffunction-sections -fdata-sections -Wall -Wextra"
"Compiling PmodOLEDrgb..."
PmodOLEDrgb_selftest.c: In function 'PMODOLEDRGB_Reg_SelfTest':
PmodOLEDrgb_selftest.c:52:60: warning: comparison between signed and unsigned integer expressions [-Wsign-compare]
    if ( PMODOLEDRGB_mReadReg (baseaddr, read_loop_index*4) != (read_loop_index+1)*READ_WRITE_MUL_FACTOR){
                                                            ^~
PmodOLEDrgb_selftest.c:36:6: warning: unused variable 'Index' [-Wunused-variable]
  int Index;
      ^~~~~
"Running Make libs in microblaze_0/libsrc/tmrctr_v4_4/src"
C:/Xilinx/SDK/2018.2/gnuwin/bin/make -C microblaze_0/libsrc/tmrctr_v4_4/src -s libs  "SHELL=CMD" "COMPILER=mb-gcc" "ARCHIVER=mb-ar" "COMPILER_FLAGS=  -O2 -c -mcpu=v10.0 -mhard-float -mlittle-endian -mxl-soft-mul" "EXTRA_COMPILER_FLAGS=-ffunction-sections -fdata-sections -Wall -Wextra"
"Compiling tmrctr"
"Running Make libs in microblaze_0/libsrc/uartlite_v3_2/src"
C:/Xilinx/SDK/2018.2/gnuwin/bin/make -C microblaze_0/libsrc/uartlite_v3_2/src -s libs  "SHELL=CMD" "COMPILER=mb-gcc" "ARCHIVER=mb-ar" "COMPILER_FLAGS=  -O2 -c -mcpu=v10.0 -mhard-float -mlittle-endian -mxl-soft-mul" "EXTRA_COMPILER_FLAGS=-ffunction-sections -fdata-sections -Wall -Wextra"
"Compiling uartlite"
"Running Make libs in microblaze_0/libsrc/wdttb_v4_3/src"
C:/Xilinx/SDK/2018.2/gnuwin/bin/make -C microblaze_0/libsrc/wdttb_v4_3/src -s libs  "SHELL=CMD" "COMPILER=mb-gcc" "ARCHIVER=mb-ar" "COMPILER_FLAGS=  -O2 -c -mcpu=v10.0 -mhard-float -mlittle-endian -mxl-soft-mul" "EXTRA_COMPILER_FLAGS=-ffunction-sections -fdata-sections -Wall -Wextra"
"Compiling wdttb"
In file included from xwdttb.h:173:0,
                 from xwdttb.c:87:
xwdttb.c: In function 'XWdtTb_ProgramWDTWidth':
../../../include/xil_assert.h:112:9: warning: 'return' with no value, in function returning non-void
         return;                                    \
         ^
xwdttb.c:1232:2: note: in expansion of macro 'Xil_AssertVoid'
  Xil_AssertVoid(InstancePtr != NULL);
  ^~~~~~~~~~~~~~
xwdttb.c:1229:5: note: declared here
 u32 XWdtTb_ProgramWDTWidth(XWdtTb *InstancePtr, u32 width)
     ^~~~~~~~~~~~~~~~~~~~~~
'Finished building libraries'
22:22:41 **** Build of configuration Debug for project project2 ****
make all 
Building file: ../src/freertos_hello_world.c
Invoking: MicroBlaze gcc compiler
mb-gcc -Wall -O0 -g3 -c -fmessage-length=0 -MT"src/freertos_hello_world.o" -I../../freertos10_xilinx_bsp_0/microblaze_0/include -mlittle-endian -mcpu=v10.0 -mxl-soft-mul -mhard-float -Wl,--no-relax -ffunction-sections -fdata-sections -MMD -MP -MF"src/freertos_hello_world.d" -MT"src/freertos_hello_world.o" -o "src/freertos_hello_world.o" "../src/freertos_hello_world.c"
Finished building: ../src/freertos_hello_world.c
 
Building target: project2.elf
Invoking: MicroBlaze gcc linker
mb-gcc -Wl,-T -Wl,../src/lscript.ld -L../../freertos10_xilinx_bsp_0/microblaze_0/lib -mlittle-endian -mcpu=v10.0 -mxl-soft-mul -mhard-float -Wl,--no-relax -Wl,--gc-sections -o "project2.elf"  ./src/freertos_hello_world.o   -Wl,--start-group,-lxil,-lfreertos,-lgcc,-lc,--end-group
Finished building target: project2.elf
 
Invoking: MicroBlaze Print Size
mb-size project2.elf  |tee "project2.elf.size"
   text	   data	    bss	    dec	    hex	filename
  38884	   1480	  69588	 109952	  1ad80	project2.elf
Finished building: project2.elf.size
 
22:27:16 **** Clean-only build of configuration Debug for project project2 ****
make clean 
rm -rf  ./src/freertos_hello_world.o  ./src/freertos_hello_world.d  project2.elf.size  project2.elf
 
22:27:17 **** Auto Build of configuration Debug for project project2 ****
make all 
Building file: ../src/freertos_hello_world.c
Invoking: MicroBlaze gcc compiler
mb-gcc -Wall -O0 -g3 -c -fmessage-length=0 -MT"src/freertos_hello_world.o" -I../../freertos10_xilinx_bsp_0/microblaze_0/include -mlittle-endian -mcpu=v10.0 -mxl-soft-mul -mhard-float -Wl,--no-relax -ffunction-sections -fdata-sections -MMD -MP -MF"src/freertos_hello_world.d" -MT"src/freertos_hello_world.o" -o "src/freertos_hello_world.o" "../src/freertos_hello_world.c"
Finished building: ../src/freertos_hello_world.c
 
Building target: project2.elf
Invoking: MicroBlaze gcc linker
mb-gcc -Wl,-T -Wl,../src/lscript.ld -L../../freertos10_xilinx_bsp_0/microblaze_0/lib -mlittle-endian -mcpu=v10.0 -mxl-soft-mul -mhard-float -Wl,--no-relax -Wl,--gc-sections -o "project2.elf"  ./src/freertos_hello_world.o   -Wl,--start-group,-lxil,-lfreertos,-lgcc,-lc,--end-group
Finished building target: project2.elf
 
Invoking: MicroBlaze Print Size
mb-size project2.elf  |tee "project2.elf.size"
   text	   data	    bss	    dec	    hex	filename
  38884	   1480	  68564	 108928	  1a980	project2.elf
Finished building: project2.elf.size
 
22:29:47 **** Auto Build of configuration Debug for project project2 ****
make all 
make: Nothing to be done for `all'.
22:30:06 **** Clean-only build of configuration Debug for project project2 ****
make clean 
rm -rf  ./src/FreeRTOS\ Getting\ Started/FreeRTOS_Example.o  ./src/freertos_hello_world.o  ./src/FreeRTOS\ Getting\ Started/FreeRTOS_Example.d  ./src/freertos_hello_world.d  project2.elf.size  project2.elf
 
22:30:10 **** Auto Build of configuration Debug for project project2 ****
make all 
Building file: ../src/FreeRTOS Getting Started/FreeRTOS_Example.c
Invoking: MicroBlaze gcc compiler
mb-gcc -Wall -O0 -g3 -c -fmessage-length=0 -MT"src/FreeRTOS Getting Started/FreeRTOS_Example.o" -I../../freertos10_xilinx_bsp_0/microblaze_0/include -mlittle-endian -mcpu=v10.0 -mxl-soft-mul -mhard-float -Wl,--no-relax -ffunction-sections -fdata-sections -MMD -MP -MF"src/FreeRTOS Getting Started/FreeRTOS_Example.d" -MT"src/FreeRTOS\ Getting\ Started/FreeRTOS_Example.d" -o "src/FreeRTOS Getting Started/FreeRTOS_Example.o" "../src/FreeRTOS Getting Started/FreeRTOS_Example.c"
Finished building: ../src/FreeRTOS Getting Started/FreeRTOS_Example.c
 
Building target: project2.elf
Invoking: MicroBlaze gcc linker
mb-gcc -Wl,-T -Wl,../src/lscript.ld -L../../freertos10_xilinx_bsp_0/microblaze_0/lib -mlittle-endian -mcpu=v10.0 -mxl-soft-mul -mhard-float -Wl,--no-relax -Wl,--gc-sections -o "project2.elf"  ./src/FreeRTOS\ Getting\ Started/FreeRTOS_Example.o   -Wl,--start-group,-lxil,-lfreertos,-lgcc,-lc,--end-group
Finished building target: project2.elf
 
Invoking: MicroBlaze Print Size
mb-size project2.elf  |tee "project2.elf.size"
   text	   data	    bss	    dec	    hex	filename
  42444	   1496	  68580	 112520	  1b788	project2.elf
Finished building: project2.elf.size
 
22:30:16 **** Clean-only build of configuration Debug for project project2 ****
make clean 
rm -rf  ./src/FreeRTOS\ Getting\ Started/FreeRTOS_Example.o  ./src/FreeRTOS\ Getting\ Started/FreeRTOS_Example.d  project2.elf.size  project2.elf
 
22:30:17 **** Auto Build of configuration Debug for project project2 ****
make all 
Building file: ../src/FreeRTOS Getting Started/FreeRTOS_Example.c
Invoking: MicroBlaze gcc compiler
mb-gcc -Wall -O0 -g3 -c -fmessage-length=0 -MT"src/FreeRTOS Getting Started/FreeRTOS_Example.o" -I../../freertos10_xilinx_bsp_0/microblaze_0/include -mlittle-endian -mcpu=v10.0 -mxl-soft-mul -mhard-float -Wl,--no-relax -ffunction-sections -fdata-sections -MMD -MP -MF"src/FreeRTOS Getting Started/FreeRTOS_Example.d" -MT"src/FreeRTOS\ Getting\ Started/FreeRTOS_Example.d" -o "src/FreeRTOS Getting Started/FreeRTOS_Example.o" "../src/FreeRTOS Getting Started/FreeRTOS_Example.c"
Finished building: ../src/FreeRTOS Getting Started/FreeRTOS_Example.c
 
Building target: project2.elf
Invoking: MicroBlaze gcc linker
mb-gcc -Wl,-T -Wl,../src/lscript.ld -L../../freertos10_xilinx_bsp_0/microblaze_0/lib -mlittle-endian -mcpu=v10.0 -mxl-soft-mul -mhard-float -Wl,--no-relax -Wl,--gc-sections -o "project2.elf"  ./src/FreeRTOS\ Getting\ Started/FreeRTOS_Example.o   -Wl,--start-group,-lxil,-lfreertos,-lgcc,-lc,--end-group
Finished building target: project2.elf
 
Invoking: MicroBlaze Print Size
mb-size project2.elf  |tee "project2.elf.size"
   text	   data	    bss	    dec	    hex	filename
  42444	   1496	  68580	 112520	  1b788	project2.elf
Finished building: project2.elf.size
 
22:30:35 **** Incremental Build of configuration Debug for project project2 ****
make all 
make: Nothing to be done for `all'.
22:33:06 **** Incremental Build of configuration Debug for project project2 ****
make all 
make: Nothing to be done for `all'.
22:38:52 **** Auto Build of project freertos10_xilinx_bsp_0 ****
make -k all 
"Running Make include in microblaze_0/libsrc/bram_v4_2/src"
C:/Xilinx/SDK/2018.2/gnuwin/bin/make -C microblaze_0/libsrc/bram_v4_2/src -s include  "SHELL=CMD" "COMPILER=mb-gcc" "ARCHIVER=mb-ar" "COMPILER_FLAGS=  -O2 -c -mcpu=v10.0 -mhard-float -mlittle-endian -mxl-soft-mul" "EXTRA_COMPILER_FLAGS=-ffunction-sections -fdata-sections -Wall -Wextra"
"Running Make include in microblaze_0/libsrc/cpu_v2_7/src"
C:/Xilinx/SDK/2018.2/gnuwin/bin/make -C microblaze_0/libsrc/cpu_v2_7/src -s include  "SHELL=CMD" "COMPILER=mb-gcc" "ARCHIVER=mb-ar" "COMPILER_FLAGS=  -O2 -c -mcpu=v10.0 -mhard-float -mlittle-endian -mxl-soft-mul" "EXTRA_COMPILER_FLAGS=-ffunction-sections -fdata-sections -Wall -Wextra"
"Running Make include in microblaze_0/libsrc/freertos10_xilinx_v1_1/src"
C:/Xilinx/SDK/2018.2/gnuwin/bin/make -C microblaze_0/libsrc/freertos10_xilinx_v1_1/src -s include  "SHELL=CMD" "COMPILER=mb-gcc" "ARCHIVER=mb-ar" "COMPILER_FLAGS=  -O2 -c -mcpu=v10.0 -mhard-float -mlittle-endian -mxl-soft-mul" "EXTRA_COMPILER_FLAGS=-ffunction-sections -fdata-sections -Wall -Wextra"
"include"
"Running Make include in microblaze_0/libsrc/gpio_v4_3/src"
C:/Xilinx/SDK/2018.2/gnuwin/bin/make -C microblaze_0/libsrc/gpio_v4_3/src -s include  "SHELL=CMD" "COMPILER=mb-gcc" "ARCHIVER=mb-ar" "COMPILER_FLAGS=  -O2 -c -mcpu=v10.0 -mhard-float -mlittle-endian -mxl-soft-mul" "EXTRA_COMPILER_FLAGS=-ffunction-sections -fdata-sections -Wall -Wextra"
"Running Make include in microblaze_0/libsrc/intc_v3_7/src"
C:/Xilinx/SDK/2018.2/gnuwin/bin/make -C microblaze_0/libsrc/intc_v3_7/src -s include  "SHELL=CMD" "COMPILER=mb-gcc" "ARCHIVER=mb-ar" "COMPILER_FLAGS=  -O2 -c -mcpu=v10.0 -mhard-float -mlittle-endian -mxl-soft-mul" "EXTRA_COMPILER_FLAGS=-ffunction-sections -fdata-sections -Wall -Wextra"
"Running Make include in microblaze_0/libsrc/nexys4IO_v1_0/src"
C:/Xilinx/SDK/2018.2/gnuwin/bin/make -C microblaze_0/libsrc/nexys4IO_v1_0/src -s include  "SHELL=CMD" "COMPILER=mb-gcc" "ARCHIVER=mb-ar" "COMPILER_FLAGS=  -O2 -c -mcpu=v10.0 -mhard-float -mlittle-endian -mxl-soft-mul" "EXTRA_COMPILER_FLAGS=-ffunction-sections -fdata-sections -Wall -Wextra"
"Running Make include in microblaze_0/libsrc/PmodENC_v1_0/src"
C:/Xilinx/SDK/2018.2/gnuwin/bin/make -C microblaze_0/libsrc/PmodENC_v1_0/src -s include  "SHELL=CMD" "COMPILER=mb-gcc" "ARCHIVER=mb-ar" "COMPILER_FLAGS=  -O2 -c -mcpu=v10.0 -mhard-float -mlittle-endian -mxl-soft-mul" "EXTRA_COMPILER_FLAGS=-ffunction-sections -fdata-sections -Wall -Wextra"
"Running Make include in microblaze_0/libsrc/PmodOLEDrgb_v1_0/src"
C:/Xilinx/SDK/2018.2/gnuwin/bin/make -C microblaze_0/libsrc/PmodOLEDrgb_v1_0/src -s include  "SHELL=CMD" "COMPILER=mb-gcc" "ARCHIVER=mb-ar" "COMPILER_FLAGS=  -O2 -c -mcpu=v10.0 -mhard-float -mlittle-endian -mxl-soft-mul" "EXTRA_COMPILER_FLAGS=-ffunction-sections -fdata-sections -Wall -Wextra"
"Running Make include in microblaze_0/libsrc/tmrctr_v4_4/src"
C:/Xilinx/SDK/2018.2/gnuwin/bin/make -C microblaze_0/libsrc/tmrctr_v4_4/src -s include  "SHELL=CMD" "COMPILER=mb-gcc" "ARCHIVER=mb-ar" "COMPILER_FLAGS=  -O2 -c -mcpu=v10.0 -mhard-float -mlittle-endian -mxl-soft-mul" "EXTRA_COMPILER_FLAGS=-ffunction-sections -fdata-sections -Wall -Wextra"
"Running Make include in microblaze_0/libsrc/uartlite_v3_2/src"
C:/Xilinx/SDK/2018.2/gnuwin/bin/make -C microblaze_0/libsrc/uartlite_v3_2/src -s include  "SHELL=CMD" "COMPILER=mb-gcc" "ARCHIVER=mb-ar" "COMPILER_FLAGS=  -O2 -c -mcpu=v10.0 -mhard-float -mlittle-endian -mxl-soft-mul" "EXTRA_COMPILER_FLAGS=-ffunction-sections -fdata-sections -Wall -Wextra"
"Running Make include in microblaze_0/libsrc/wdttb_v4_3/src"
C:/Xilinx/SDK/2018.2/gnuwin/bin/make -C microblaze_0/libsrc/wdttb_v4_3/src -s include  "SHELL=CMD" "COMPILER=mb-gcc" "ARCHIVER=mb-ar" "COMPILER_FLAGS=  -O2 -c -mcpu=v10.0 -mhard-float -mlittle-endian -mxl-soft-mul" "EXTRA_COMPILER_FLAGS=-ffunction-sections -fdata-sections -Wall -Wextra"
"Running Make libs in microblaze_0/libsrc/bram_v4_2/src"
C:/Xilinx/SDK/2018.2/gnuwin/bin/make -C microblaze_0/libsrc/bram_v4_2/src -s libs  "SHELL=CMD" "COMPILER=mb-gcc" "ARCHIVER=mb-ar" "COMPILER_FLAGS=  -O2 -c -mcpu=v10.0 -mhard-float -mlittle-endian -mxl-soft-mul" "EXTRA_COMPILER_FLAGS=-ffunction-sections -fdata-sections -Wall -Wextra"
"Compiling bram"
mb-ar: creating ../../../lib/libxil.a
"Running Make libs in microblaze_0/libsrc/cpu_v2_7/src"
C:/Xilinx/SDK/2018.2/gnuwin/bin/make -C microblaze_0/libsrc/cpu_v2_7/src -s libs  "SHELL=CMD" "COMPILER=mb-gcc" "ARCHIVER=mb-ar" "COMPILER_FLAGS=  -O2 -c -mcpu=v10.0 -mhard-float -mlittle-endian -mxl-soft-mul" "EXTRA_COMPILER_FLAGS=-ffunction-sections -fdata-sections -Wall -Wextra"
"Compiling cpu"
"Running Make libs in microblaze_0/libsrc/freertos10_xilinx_v1_1/src"
C:/Xilinx/SDK/2018.2/gnuwin/bin/make -C microblaze_0/libsrc/freertos10_xilinx_v1_1/src -s libs  "SHELL=CMD" "COMPILER=mb-gcc" "ARCHIVER=mb-ar" "COMPILER_FLAGS=  -O2 -c -mcpu=v10.0 -mhard-float -mlittle-endian -mxl-soft-mul" "EXTRA_COMPILER_FLAGS=-ffunction-sections -fdata-sections -Wall -Wextra"
"Compiling standalone";
microblaze_sleep.c: In function 'usleep_MB':
microblaze_sleep.c:106:29: warning: unused parameter 'useconds' [-Wunused-parameter]
 int usleep_MB(unsigned long useconds)
                             ^~~~~~~~
microblaze_sleep.c: In function 'sleep_MB':
microblaze_sleep.c:128:32: warning: unused parameter 'seconds' [-Wunused-parameter]
 unsigned sleep_MB(unsigned int seconds)
                                ^~~~~~~
microblaze_sleep.c: In function 'MB_Sleep':
microblaze_sleep.c:153:19: warning: unused parameter 'MilliSeconds' [-Wunused-parameter]
 void MB_Sleep(u32 MilliSeconds)
                   ^~~~~~~~~~~~
"Compiling FreeRTOS"
mb-ar: creating ../../../lib/libfreertos.a
"Running Make libs in microblaze_0/libsrc/gpio_v4_3/src"
C:/Xilinx/SDK/2018.2/gnuwin/bin/make -C microblaze_0/libsrc/gpio_v4_3/src -s libs  "SHELL=CMD" "COMPILER=mb-gcc" "ARCHIVER=mb-ar" "COMPILER_FLAGS=  -O2 -c -mcpu=v10.0 -mhard-float -mlittle-endian -mxl-soft-mul" "EXTRA_COMPILER_FLAGS=-ffunction-sections -fdata-sections -Wall -Wextra"
"Compiling gpio"
"Running Make libs in microblaze_0/libsrc/intc_v3_7/src"
C:/Xilinx/SDK/2018.2/gnuwin/bin/make -C microblaze_0/libsrc/intc_v3_7/src -s libs  "SHELL=CMD" "COMPILER=mb-gcc" "ARCHIVER=mb-ar" "COMPILER_FLAGS=  -O2 -c -mcpu=v10.0 -mhard-float -mlittle-endian -mxl-soft-mul" "EXTRA_COMPILER_FLAGS=-ffunction-sections -fdata-sections -Wall -Wextra"
"Compiling intc"
"Running Make libs in microblaze_0/libsrc/nexys4IO_v1_0/src"
C:/Xilinx/SDK/2018.2/gnuwin/bin/make -C microblaze_0/libsrc/nexys4IO_v1_0/src -s libs  "SHELL=CMD" "COMPILER=mb-gcc" "ARCHIVER=mb-ar" "COMPILER_FLAGS=  -O2 -c -mcpu=v10.0 -mhard-float -mlittle-endian -mxl-soft-mul" "EXTRA_COMPILER_FLAGS=-ffunction-sections -fdata-sections -Wall -Wextra"
"Compiling nexys4IO..."
"Running Make libs in microblaze_0/libsrc/PmodENC_v1_0/src"
C:/Xilinx/SDK/2018.2/gnuwin/bin/make -C microblaze_0/libsrc/PmodENC_v1_0/src -s libs  "SHELL=CMD" "COMPILER=mb-gcc" "ARCHIVER=mb-ar" "COMPILER_FLAGS=  -O2 -c -mcpu=v10.0 -mhard-float -mlittle-endian -mxl-soft-mul" "EXTRA_COMPILER_FLAGS=-ffunction-sections -fdata-sections -Wall -Wextra"
"Compiling PmodENC..."
"Running Make libs in microblaze_0/libsrc/PmodOLEDrgb_v1_0/src"
C:/Xilinx/SDK/2018.2/gnuwin/bin/make -C microblaze_0/libsrc/PmodOLEDrgb_v1_0/src -s libs  "SHELL=CMD" "COMPILER=mb-gcc" "ARCHIVER=mb-ar" "COMPILER_FLAGS=  -O2 -c -mcpu=v10.0 -mhard-float -mlittle-endian -mxl-soft-mul" "EXTRA_COMPILER_FLAGS=-ffunction-sections -fdata-sections -Wall -Wextra"
"Compiling PmodOLEDrgb..."
PmodOLEDrgb_selftest.c: In function 'PMODOLEDRGB_Reg_SelfTest':
PmodOLEDrgb_selftest.c:52:60: warning: comparison between signed and unsigned integer expressions [-Wsign-compare]
    if ( PMODOLEDRGB_mReadReg (baseaddr, read_loop_index*4) != (read_loop_index+1)*READ_WRITE_MUL_FACTOR){
                                                            ^~
PmodOLEDrgb_selftest.c:36:6: warning: unused variable 'Index' [-Wunused-variable]
  int Index;
      ^~~~~
"Running Make libs in microblaze_0/libsrc/tmrctr_v4_4/src"
C:/Xilinx/SDK/2018.2/gnuwin/bin/make -C microblaze_0/libsrc/tmrctr_v4_4/src -s libs  "SHELL=CMD" "COMPILER=mb-gcc" "ARCHIVER=mb-ar" "COMPILER_FLAGS=  -O2 -c -mcpu=v10.0 -mhard-float -mlittle-endian -mxl-soft-mul" "EXTRA_COMPILER_FLAGS=-ffunction-sections -fdata-sections -Wall -Wextra"
"Compiling tmrctr"
"Running Make libs in microblaze_0/libsrc/uartlite_v3_2/src"
C:/Xilinx/SDK/2018.2/gnuwin/bin/make -C microblaze_0/libsrc/uartlite_v3_2/src -s libs  "SHELL=CMD" "COMPILER=mb-gcc" "ARCHIVER=mb-ar" "COMPILER_FLAGS=  -O2 -c -mcpu=v10.0 -mhard-float -mlittle-endian -mxl-soft-mul" "EXTRA_COMPILER_FLAGS=-ffunction-sections -fdata-sections -Wall -Wextra"
"Compiling uartlite"
"Running Make libs in microblaze_0/libsrc/wdttb_v4_3/src"
C:/Xilinx/SDK/2018.2/gnuwin/bin/make -C microblaze_0/libsrc/wdttb_v4_3/src -s libs  "SHELL=CMD" "COMPILER=mb-gcc" "ARCHIVER=mb-ar" "COMPILER_FLAGS=  -O2 -c -mcpu=v10.0 -mhard-float -mlittle-endian -mxl-soft-mul" "EXTRA_COMPILER_FLAGS=-ffunction-sections -fdata-sections -Wall -Wextra"
"Compiling wdttb"
In file included from xwdttb.h:173:0,
                 from xwdttb.c:87:
xwdttb.c: In function 'XWdtTb_ProgramWDTWidth':
../../../include/xil_assert.h:112:9: warning: 'return' with no value, in function returning non-void
         return;                                    \
         ^
xwdttb.c:1232:2: note: in expansion of macro 'Xil_AssertVoid'
  Xil_AssertVoid(InstancePtr != NULL);
  ^~~~~~~~~~~~~~
xwdttb.c:1229:5: note: declared here
 u32 XWdtTb_ProgramWDTWidth(XWdtTb *InstancePtr, u32 width)
     ^~~~~~~~~~~~~~~~~~~~~~
'Finished building libraries'
22:40:17 **** Auto Build of project freertos10_xilinx_bsp_0 ****
make -k all 
"Running Make include in microblaze_0/libsrc/bram_v4_2/src"
C:/Xilinx/SDK/2018.2/gnuwin/bin/make -C microblaze_0/libsrc/bram_v4_2/src -s include  "SHELL=CMD" "COMPILER=mb-gcc" "ARCHIVER=mb-ar" "COMPILER_FLAGS=  -O2 -c -mcpu=v10.0 -mhard-float -mlittle-endian -mxl-soft-mul" "EXTRA_COMPILER_FLAGS=-ffunction-sections -fdata-sections -Wall -Wextra"
"Running Make include in microblaze_0/libsrc/cpu_v2_7/src"
C:/Xilinx/SDK/2018.2/gnuwin/bin/make -C microblaze_0/libsrc/cpu_v2_7/src -s include  "SHELL=CMD" "COMPILER=mb-gcc" "ARCHIVER=mb-ar" "COMPILER_FLAGS=  -O2 -c -mcpu=v10.0 -mhard-float -mlittle-endian -mxl-soft-mul" "EXTRA_COMPILER_FLAGS=-ffunction-sections -fdata-sections -Wall -Wextra"
"Running Make include in microblaze_0/libsrc/freertos10_xilinx_v1_1/src"
C:/Xilinx/SDK/2018.2/gnuwin/bin/make -C microblaze_0/libsrc/freertos10_xilinx_v1_1/src -s include  "SHELL=CMD" "COMPILER=mb-gcc" "ARCHIVER=mb-ar" "COMPILER_FLAGS=  -O2 -c -mcpu=v10.0 -mhard-float -mlittle-endian -mxl-soft-mul" "EXTRA_COMPILER_FLAGS=-ffunction-sections -fdata-sections -Wall -Wextra"
"include"
"Running Make include in microblaze_0/libsrc/gpio_v4_3/src"
C:/Xilinx/SDK/2018.2/gnuwin/bin/make -C microblaze_0/libsrc/gpio_v4_3/src -s include  "SHELL=CMD" "COMPILER=mb-gcc" "ARCHIVER=mb-ar" "COMPILER_FLAGS=  -O2 -c -mcpu=v10.0 -mhard-float -mlittle-endian -mxl-soft-mul" "EXTRA_COMPILER_FLAGS=-ffunction-sections -fdata-sections -Wall -Wextra"
"Running Make include in microblaze_0/libsrc/intc_v3_7/src"
C:/Xilinx/SDK/2018.2/gnuwin/bin/make -C microblaze_0/libsrc/intc_v3_7/src -s include  "SHELL=CMD" "COMPILER=mb-gcc" "ARCHIVER=mb-ar" "COMPILER_FLAGS=  -O2 -c -mcpu=v10.0 -mhard-float -mlittle-endian -mxl-soft-mul" "EXTRA_COMPILER_FLAGS=-ffunction-sections -fdata-sections -Wall -Wextra"
"Running Make include in microblaze_0/libsrc/nexys4IO_v1_0/src"
C:/Xilinx/SDK/2018.2/gnuwin/bin/make -C microblaze_0/libsrc/nexys4IO_v1_0/src -s include  "SHELL=CMD" "COMPILER=mb-gcc" "ARCHIVER=mb-ar" "COMPILER_FLAGS=  -O2 -c -mcpu=v10.0 -mhard-float -mlittle-endian -mxl-soft-mul" "EXTRA_COMPILER_FLAGS=-ffunction-sections -fdata-sections -Wall -Wextra"
"Running Make include in microblaze_0/libsrc/PmodENC_v1_0/src"
C:/Xilinx/SDK/2018.2/gnuwin/bin/make -C microblaze_0/libsrc/PmodENC_v1_0/src -s include  "SHELL=CMD" "COMPILER=mb-gcc" "ARCHIVER=mb-ar" "COMPILER_FLAGS=  -O2 -c -mcpu=v10.0 -mhard-float -mlittle-endian -mxl-soft-mul" "EXTRA_COMPILER_FLAGS=-ffunction-sections -fdata-sections -Wall -Wextra"
"Running Make include in microblaze_0/libsrc/PmodOLEDrgb_v1_0/src"
C:/Xilinx/SDK/2018.2/gnuwin/bin/make -C microblaze_0/libsrc/PmodOLEDrgb_v1_0/src -s include  "SHELL=CMD" "COMPILER=mb-gcc" "ARCHIVER=mb-ar" "COMPILER_FLAGS=  -O2 -c -mcpu=v10.0 -mhard-float -mlittle-endian -mxl-soft-mul" "EXTRA_COMPILER_FLAGS=-ffunction-sections -fdata-sections -Wall -Wextra"
"Running Make include in microblaze_0/libsrc/tmrctr_v4_4/src"
C:/Xilinx/SDK/2018.2/gnuwin/bin/make -C microblaze_0/libsrc/tmrctr_v4_4/src -s include  "SHELL=CMD" "COMPILER=mb-gcc" "ARCHIVER=mb-ar" "COMPILER_FLAGS=  -O2 -c -mcpu=v10.0 -mhard-float -mlittle-endian -mxl-soft-mul" "EXTRA_COMPILER_FLAGS=-ffunction-sections -fdata-sections -Wall -Wextra"
"Running Make include in microblaze_0/libsrc/uartlite_v3_2/src"
C:/Xilinx/SDK/2018.2/gnuwin/bin/make -C microblaze_0/libsrc/uartlite_v3_2/src -s include  "SHELL=CMD" "COMPILER=mb-gcc" "ARCHIVER=mb-ar" "COMPILER_FLAGS=  -O2 -c -mcpu=v10.0 -mhard-float -mlittle-endian -mxl-soft-mul" "EXTRA_COMPILER_FLAGS=-ffunction-sections -fdata-sections -Wall -Wextra"
"Running Make include in microblaze_0/libsrc/wdttb_v4_3/src"
C:/Xilinx/SDK/2018.2/gnuwin/bin/make -C microblaze_0/libsrc/wdttb_v4_3/src -s include  "SHELL=CMD" "COMPILER=mb-gcc" "ARCHIVER=mb-ar" "COMPILER_FLAGS=  -O2 -c -mcpu=v10.0 -mhard-float -mlittle-endian -mxl-soft-mul" "EXTRA_COMPILER_FLAGS=-ffunction-sections -fdata-sections -Wall -Wextra"
"Running Make libs in microblaze_0/libsrc/bram_v4_2/src"
C:/Xilinx/SDK/2018.2/gnuwin/bin/make -C microblaze_0/libsrc/bram_v4_2/src -s libs  "SHELL=CMD" "COMPILER=mb-gcc" "ARCHIVER=mb-ar" "COMPILER_FLAGS=  -O2 -c -mcpu=v10.0 -mhard-float -mlittle-endian -mxl-soft-mul" "EXTRA_COMPILER_FLAGS=-ffunction-sections -fdata-sections -Wall -Wextra"
"Compiling bram"
"Running Make libs in microblaze_0/libsrc/cpu_v2_7/src"
C:/Xilinx/SDK/2018.2/gnuwin/bin/make -C microblaze_0/libsrc/cpu_v2_7/src -s libs  "SHELL=CMD" "COMPILER=mb-gcc" "ARCHIVER=mb-ar" "COMPILER_FLAGS=  -O2 -c -mcpu=v10.0 -mhard-float -mlittle-endian -mxl-soft-mul" "EXTRA_COMPILER_FLAGS=-ffunction-sections -fdata-sections -Wall -Wextra"
"Compiling cpu"
"Running Make libs in microblaze_0/libsrc/freertos10_xilinx_v1_1/src"
C:/Xilinx/SDK/2018.2/gnuwin/bin/make -C microblaze_0/libsrc/freertos10_xilinx_v1_1/src -s libs  "SHELL=CMD" "COMPILER=mb-gcc" "ARCHIVER=mb-ar" "COMPILER_FLAGS=  -O2 -c -mcpu=v10.0 -mhard-float -mlittle-endian -mxl-soft-mul" "EXTRA_COMPILER_FLAGS=-ffunction-sections -fdata-sections -Wall -Wextra"
"Compiling standalone";
microblaze_sleep.c: In function 'usleep_MB':
microblaze_sleep.c:106:29: warning: unused parameter 'useconds' [-Wunused-parameter]
 int usleep_MB(unsigned long useconds)
                             ^~~~~~~~
microblaze_sleep.c: In function 'sleep_MB':
microblaze_sleep.c:128:32: warning: unused parameter 'seconds' [-Wunused-parameter]
 unsigned sleep_MB(unsigned int seconds)
                                ^~~~~~~
microblaze_sleep.c: In function 'MB_Sleep':
microblaze_sleep.c:153:19: warning: unused parameter 'MilliSeconds' [-Wunused-parameter]
 void MB_Sleep(u32 MilliSeconds)
                   ^~~~~~~~~~~~
"Compiling FreeRTOS"
"Running Make libs in microblaze_0/libsrc/gpio_v4_3/src"
C:/Xilinx/SDK/2018.2/gnuwin/bin/make -C microblaze_0/libsrc/gpio_v4_3/src -s libs  "SHELL=CMD" "COMPILER=mb-gcc" "ARCHIVER=mb-ar" "COMPILER_FLAGS=  -O2 -c -mcpu=v10.0 -mhard-float -mlittle-endian -mxl-soft-mul" "EXTRA_COMPILER_FLAGS=-ffunction-sections -fdata-sections -Wall -Wextra"
"Compiling gpio"
"Running Make libs in microblaze_0/libsrc/intc_v3_7/src"
C:/Xilinx/SDK/2018.2/gnuwin/bin/make -C microblaze_0/libsrc/intc_v3_7/src -s libs  "SHELL=CMD" "COMPILER=mb-gcc" "ARCHIVER=mb-ar" "COMPILER_FLAGS=  -O2 -c -mcpu=v10.0 -mhard-float -mlittle-endian -mxl-soft-mul" "EXTRA_COMPILER_FLAGS=-ffunction-sections -fdata-sections -Wall -Wextra"
"Compiling intc"
"Running Make libs in microblaze_0/libsrc/nexys4IO_v1_0/src"
C:/Xilinx/SDK/2018.2/gnuwin/bin/make -C microblaze_0/libsrc/nexys4IO_v1_0/src -s libs  "SHELL=CMD" "COMPILER=mb-gcc" "ARCHIVER=mb-ar" "COMPILER_FLAGS=  -O2 -c -mcpu=v10.0 -mhard-float -mlittle-endian -mxl-soft-mul" "EXTRA_COMPILER_FLAGS=-ffunction-sections -fdata-sections -Wall -Wextra"
"Compiling nexys4IO..."
"Running Make libs in microblaze_0/libsrc/PmodENC_v1_0/src"
C:/Xilinx/SDK/2018.2/gnuwin/bin/make -C microblaze_0/libsrc/PmodENC_v1_0/src -s libs  "SHELL=CMD" "COMPILER=mb-gcc" "ARCHIVER=mb-ar" "COMPILER_FLAGS=  -O2 -c -mcpu=v10.0 -mhard-float -mlittle-endian -mxl-soft-mul" "EXTRA_COMPILER_FLAGS=-ffunction-sections -fdata-sections -Wall -Wextra"
"Compiling PmodENC..."
"Running Make libs in microblaze_0/libsrc/PmodOLEDrgb_v1_0/src"
C:/Xilinx/SDK/2018.2/gnuwin/bin/make -C microblaze_0/libsrc/PmodOLEDrgb_v1_0/src -s libs  "SHELL=CMD" "COMPILER=mb-gcc" "ARCHIVER=mb-ar" "COMPILER_FLAGS=  -O2 -c -mcpu=v10.0 -mhard-float -mlittle-endian -mxl-soft-mul" "EXTRA_COMPILER_FLAGS=-ffunction-sections -fdata-sections -Wall -Wextra"
"Compiling PmodOLEDrgb..."
PmodOLEDrgb_selftest.c: In function 'PMODOLEDRGB_Reg_SelfTest':
PmodOLEDrgb_selftest.c:52:60: warning: comparison between signed and unsigned integer expressions [-Wsign-compare]
    if ( PMODOLEDRGB_mReadReg (baseaddr, read_loop_index*4) != (read_loop_index+1)*READ_WRITE_MUL_FACTOR){
                                                            ^~
PmodOLEDrgb_selftest.c:36:6: warning: unused variable 'Index' [-Wunused-variable]
  int Index;
      ^~~~~
"Running Make libs in microblaze_0/libsrc/tmrctr_v4_4/src"
C:/Xilinx/SDK/2018.2/gnuwin/bin/make -C microblaze_0/libsrc/tmrctr_v4_4/src -s libs  "SHELL=CMD" "COMPILER=mb-gcc" "ARCHIVER=mb-ar" "COMPILER_FLAGS=  -O2 -c -mcpu=v10.0 -mhard-float -mlittle-endian -mxl-soft-mul" "EXTRA_COMPILER_FLAGS=-ffunction-sections -fdata-sections -Wall -Wextra"
"Compiling tmrctr"
"Running Make libs in microblaze_0/libsrc/uartlite_v3_2/src"
C:/Xilinx/SDK/2018.2/gnuwin/bin/make -C microblaze_0/libsrc/uartlite_v3_2/src -s libs  "SHELL=CMD" "COMPILER=mb-gcc" "ARCHIVER=mb-ar" "COMPILER_FLAGS=  -O2 -c -mcpu=v10.0 -mhard-float -mlittle-endian -mxl-soft-mul" "EXTRA_COMPILER_FLAGS=-ffunction-sections -fdata-sections -Wall -Wextra"
"Compiling uartlite"
"Running Make libs in microblaze_0/libsrc/wdttb_v4_3/src"
C:/Xilinx/SDK/2018.2/gnuwin/bin/make -C microblaze_0/libsrc/wdttb_v4_3/src -s libs  "SHELL=CMD" "COMPILER=mb-gcc" "ARCHIVER=mb-ar" "COMPILER_FLAGS=  -O2 -c -mcpu=v10.0 -mhard-float -mlittle-endian -mxl-soft-mul" "EXTRA_COMPILER_FLAGS=-ffunction-sections -fdata-sections -Wall -Wextra"
"Compiling wdttb"
In file included from xwdttb.h:173:0,
                 from xwdttb.c:87:
xwdttb.c: In function 'XWdtTb_ProgramWDTWidth':
../../../include/xil_assert.h:112:9: warning: 'return' with no value, in function returning non-void
         return;                                    \
         ^
xwdttb.c:1232:2: note: in expansion of macro 'Xil_AssertVoid'
  Xil_AssertVoid(InstancePtr != NULL);
  ^~~~~~~~~~~~~~
xwdttb.c:1229:5: note: declared here
 u32 XWdtTb_ProgramWDTWidth(XWdtTb *InstancePtr, u32 width)
     ^~~~~~~~~~~~~~~~~~~~~~
'Finished building libraries'
22:41:55 **** Auto Build of configuration Debug for project project2 ****
make all 
make: Nothing to be done for `all'.
22:41:55 **** Incremental Build of configuration Debug for project project2 ****
make all 
make: Nothing to be done for `all'.
22:47:35 **** Incremental Build of configuration Debug for project project2 ****
make all 
make: Nothing to be done for `all'.
22:54:39 **** Incremental Build of configuration Debug for project project2 ****
make all 
make: Nothing to be done for `all'.
22:59:34 **** Incremental Build of configuration Debug for project project2 ****
make all 
make: Nothing to be done for `all'.
23:02:34 **** Auto Build of project freertos10_xilinx_bsp_0 ****
make -k all 
"Running Make include in microblaze_0/libsrc/bram_v4_2/src"
C:/Xilinx/SDK/2018.2/gnuwin/bin/make -C microblaze_0/libsrc/bram_v4_2/src -s include  "SHELL=CMD" "COMPILER=mb-gcc" "ARCHIVER=mb-ar" "COMPILER_FLAGS=  -O2 -c -mcpu=v10.0 -mhard-float -mlittle-endian -mxl-soft-mul" "EXTRA_COMPILER_FLAGS=-ffunction-sections -fdata-sections -Wall -Wextra"
"Running Make include in microblaze_0/libsrc/cpu_v2_7/src"
C:/Xilinx/SDK/2018.2/gnuwin/bin/make -C microblaze_0/libsrc/cpu_v2_7/src -s include  "SHELL=CMD" "COMPILER=mb-gcc" "ARCHIVER=mb-ar" "COMPILER_FLAGS=  -O2 -c -mcpu=v10.0 -mhard-float -mlittle-endian -mxl-soft-mul" "EXTRA_COMPILER_FLAGS=-ffunction-sections -fdata-sections -Wall -Wextra"
"Running Make include in microblaze_0/libsrc/freertos10_xilinx_v1_1/src"
C:/Xilinx/SDK/2018.2/gnuwin/bin/make -C microblaze_0/libsrc/freertos10_xilinx_v1_1/src -s include  "SHELL=CMD" "COMPILER=mb-gcc" "ARCHIVER=mb-ar" "COMPILER_FLAGS=  -O2 -c -mcpu=v10.0 -mhard-float -mlittle-endian -mxl-soft-mul" "EXTRA_COMPILER_FLAGS=-ffunction-sections -fdata-sections -Wall -Wextra"
"include"
"Running Make include in microblaze_0/libsrc/gpio_v4_3/src"
C:/Xilinx/SDK/2018.2/gnuwin/bin/make -C microblaze_0/libsrc/gpio_v4_3/src -s include  "SHELL=CMD" "COMPILER=mb-gcc" "ARCHIVER=mb-ar" "COMPILER_FLAGS=  -O2 -c -mcpu=v10.0 -mhard-float -mlittle-endian -mxl-soft-mul" "EXTRA_COMPILER_FLAGS=-ffunction-sections -fdata-sections -Wall -Wextra"
"Running Make include in microblaze_0/libsrc/intc_v3_7/src"
C:/Xilinx/SDK/2018.2/gnuwin/bin/make -C microblaze_0/libsrc/intc_v3_7/src -s include  "SHELL=CMD" "COMPILER=mb-gcc" "ARCHIVER=mb-ar" "COMPILER_FLAGS=  -O2 -c -mcpu=v10.0 -mhard-float -mlittle-endian -mxl-soft-mul" "EXTRA_COMPILER_FLAGS=-ffunction-sections -fdata-sections -Wall -Wextra"
"Running Make include in microblaze_0/libsrc/nexys4IO_v1_0/src"
C:/Xilinx/SDK/2018.2/gnuwin/bin/make -C microblaze_0/libsrc/nexys4IO_v1_0/src -s include  "SHELL=CMD" "COMPILER=mb-gcc" "ARCHIVER=mb-ar" "COMPILER_FLAGS=  -O2 -c -mcpu=v10.0 -mhard-float -mlittle-endian -mxl-soft-mul" "EXTRA_COMPILER_FLAGS=-ffunction-sections -fdata-sections -Wall -Wextra"
"Running Make include in microblaze_0/libsrc/PmodENC_v1_0/src"
C:/Xilinx/SDK/2018.2/gnuwin/bin/make -C microblaze_0/libsrc/PmodENC_v1_0/src -s include  "SHELL=CMD" "COMPILER=mb-gcc" "ARCHIVER=mb-ar" "COMPILER_FLAGS=  -O2 -c -mcpu=v10.0 -mhard-float -mlittle-endian -mxl-soft-mul" "EXTRA_COMPILER_FLAGS=-ffunction-sections -fdata-sections -Wall -Wextra"
"Running Make include in microblaze_0/libsrc/PmodOLEDrgb_v1_0/src"
C:/Xilinx/SDK/2018.2/gnuwin/bin/make -C microblaze_0/libsrc/PmodOLEDrgb_v1_0/src -s include  "SHELL=CMD" "COMPILER=mb-gcc" "ARCHIVER=mb-ar" "COMPILER_FLAGS=  -O2 -c -mcpu=v10.0 -mhard-float -mlittle-endian -mxl-soft-mul" "EXTRA_COMPILER_FLAGS=-ffunction-sections -fdata-sections -Wall -Wextra"
"Running Make include in microblaze_0/libsrc/tmrctr_v4_4/src"
C:/Xilinx/SDK/2018.2/gnuwin/bin/make -C microblaze_0/libsrc/tmrctr_v4_4/src -s include  "SHELL=CMD" "COMPILER=mb-gcc" "ARCHIVER=mb-ar" "COMPILER_FLAGS=  -O2 -c -mcpu=v10.0 -mhard-float -mlittle-endian -mxl-soft-mul" "EXTRA_COMPILER_FLAGS=-ffunction-sections -fdata-sections -Wall -Wextra"
"Running Make include in microblaze_0/libsrc/uartlite_v3_2/src"
C:/Xilinx/SDK/2018.2/gnuwin/bin/make -C microblaze_0/libsrc/uartlite_v3_2/src -s include  "SHELL=CMD" "COMPILER=mb-gcc" "ARCHIVER=mb-ar" "COMPILER_FLAGS=  -O2 -c -mcpu=v10.0 -mhard-float -mlittle-endian -mxl-soft-mul" "EXTRA_COMPILER_FLAGS=-ffunction-sections -fdata-sections -Wall -Wextra"
"Running Make include in microblaze_0/libsrc/wdttb_v4_3/src"
C:/Xilinx/SDK/2018.2/gnuwin/bin/make -C microblaze_0/libsrc/wdttb_v4_3/src -s include  "SHELL=CMD" "COMPILER=mb-gcc" "ARCHIVER=mb-ar" "COMPILER_FLAGS=  -O2 -c -mcpu=v10.0 -mhard-float -mlittle-endian -mxl-soft-mul" "EXTRA_COMPILER_FLAGS=-ffunction-sections -fdata-sections -Wall -Wextra"
"Running Make libs in microblaze_0/libsrc/bram_v4_2/src"
C:/Xilinx/SDK/2018.2/gnuwin/bin/make -C microblaze_0/libsrc/bram_v4_2/src -s libs  "SHELL=CMD" "COMPILER=mb-gcc" "ARCHIVER=mb-ar" "COMPILER_FLAGS=  -O2 -c -mcpu=v10.0 -mhard-float -mlittle-endian -mxl-soft-mul" "EXTRA_COMPILER_FLAGS=-ffunction-sections -fdata-sections -Wall -Wextra"
"Compiling bram"
mb-ar: creating ../../../lib/libxil.a
"Running Make libs in microblaze_0/libsrc/cpu_v2_7/src"
C:/Xilinx/SDK/2018.2/gnuwin/bin/make -C microblaze_0/libsrc/cpu_v2_7/src -s libs  "SHELL=CMD" "COMPILER=mb-gcc" "ARCHIVER=mb-ar" "COMPILER_FLAGS=  -O2 -c -mcpu=v10.0 -mhard-float -mlittle-endian -mxl-soft-mul" "EXTRA_COMPILER_FLAGS=-ffunction-sections -fdata-sections -Wall -Wextra"
"Compiling cpu"
"Running Make libs in microblaze_0/libsrc/freertos10_xilinx_v1_1/src"
C:/Xilinx/SDK/2018.2/gnuwin/bin/make -C microblaze_0/libsrc/freertos10_xilinx_v1_1/src -s libs  "SHELL=CMD" "COMPILER=mb-gcc" "ARCHIVER=mb-ar" "COMPILER_FLAGS=  -O2 -c -mcpu=v10.0 -mhard-float -mlittle-endian -mxl-soft-mul" "EXTRA_COMPILER_FLAGS=-ffunction-sections -fdata-sections -Wall -Wextra"
"Compiling standalone";
microblaze_sleep.c: In function 'usleep_MB':
microblaze_sleep.c:106:29: warning: unused parameter 'useconds' [-Wunused-parameter]
 int usleep_MB(unsigned long useconds)
                             ^~~~~~~~
microblaze_sleep.c: In function 'sleep_MB':
microblaze_sleep.c:128:32: warning: unused parameter 'seconds' [-Wunused-parameter]
 unsigned sleep_MB(unsigned int seconds)
                                ^~~~~~~
microblaze_sleep.c: In function 'MB_Sleep':
microblaze_sleep.c:153:19: warning: unused parameter 'MilliSeconds' [-Wunused-parameter]
 void MB_Sleep(u32 MilliSeconds)
                   ^~~~~~~~~~~~
"Compiling FreeRTOS"
mb-ar: creating ../../../lib/libfreertos.a
"Running Make libs in microblaze_0/libsrc/gpio_v4_3/src"
C:/Xilinx/SDK/2018.2/gnuwin/bin/make -C microblaze_0/libsrc/gpio_v4_3/src -s libs  "SHELL=CMD" "COMPILER=mb-gcc" "ARCHIVER=mb-ar" "COMPILER_FLAGS=  -O2 -c -mcpu=v10.0 -mhard-float -mlittle-endian -mxl-soft-mul" "EXTRA_COMPILER_FLAGS=-ffunction-sections -fdata-sections -Wall -Wextra"
"Compiling gpio"
"Running Make libs in microblaze_0/libsrc/intc_v3_7/src"
C:/Xilinx/SDK/2018.2/gnuwin/bin/make -C microblaze_0/libsrc/intc_v3_7/src -s libs  "SHELL=CMD" "COMPILER=mb-gcc" "ARCHIVER=mb-ar" "COMPILER_FLAGS=  -O2 -c -mcpu=v10.0 -mhard-float -mlittle-endian -mxl-soft-mul" "EXTRA_COMPILER_FLAGS=-ffunction-sections -fdata-sections -Wall -Wextra"
"Compiling intc"
"Running Make libs in microblaze_0/libsrc/nexys4IO_v1_0/src"
C:/Xilinx/SDK/2018.2/gnuwin/bin/make -C microblaze_0/libsrc/nexys4IO_v1_0/src -s libs  "SHELL=CMD" "COMPILER=mb-gcc" "ARCHIVER=mb-ar" "COMPILER_FLAGS=  -O2 -c -mcpu=v10.0 -mhard-float -mlittle-endian -mxl-soft-mul" "EXTRA_COMPILER_FLAGS=-ffunction-sections -fdata-sections -Wall -Wextra"
"Compiling nexys4IO..."
"Running Make libs in microblaze_0/libsrc/PmodENC_v1_0/src"
C:/Xilinx/SDK/2018.2/gnuwin/bin/make -C microblaze_0/libsrc/PmodENC_v1_0/src -s libs  "SHELL=CMD" "COMPILER=mb-gcc" "ARCHIVER=mb-ar" "COMPILER_FLAGS=  -O2 -c -mcpu=v10.0 -mhard-float -mlittle-endian -mxl-soft-mul" "EXTRA_COMPILER_FLAGS=-ffunction-sections -fdata-sections -Wall -Wextra"
"Compiling PmodENC..."
"Running Make libs in microblaze_0/libsrc/PmodOLEDrgb_v1_0/src"
C:/Xilinx/SDK/2018.2/gnuwin/bin/make -C microblaze_0/libsrc/PmodOLEDrgb_v1_0/src -s libs  "SHELL=CMD" "COMPILER=mb-gcc" "ARCHIVER=mb-ar" "COMPILER_FLAGS=  -O2 -c -mcpu=v10.0 -mhard-float -mlittle-endian -mxl-soft-mul" "EXTRA_COMPILER_FLAGS=-ffunction-sections -fdata-sections -Wall -Wextra"
"Compiling PmodOLEDrgb..."
PmodOLEDrgb_selftest.c: In function 'PMODOLEDRGB_Reg_SelfTest':
PmodOLEDrgb_selftest.c:52:60: warning: comparison between signed and unsigned integer expressions [-Wsign-compare]
    if ( PMODOLEDRGB_mReadReg (baseaddr, read_loop_index*4) != (read_loop_index+1)*READ_WRITE_MUL_FACTOR){
                                                            ^~
PmodOLEDrgb_selftest.c:36:6: warning: unused variable 'Index' [-Wunused-variable]
  int Index;
      ^~~~~
"Running Make libs in microblaze_0/libsrc/tmrctr_v4_4/src"
C:/Xilinx/SDK/2018.2/gnuwin/bin/make -C microblaze_0/libsrc/tmrctr_v4_4/src -s libs  "SHELL=CMD" "COMPILER=mb-gcc" "ARCHIVER=mb-ar" "COMPILER_FLAGS=  -O2 -c -mcpu=v10.0 -mhard-float -mlittle-endian -mxl-soft-mul" "EXTRA_COMPILER_FLAGS=-ffunction-sections -fdata-sections -Wall -Wextra"
"Compiling tmrctr"
"Running Make libs in microblaze_0/libsrc/uartlite_v3_2/src"
C:/Xilinx/SDK/2018.2/gnuwin/bin/make -C microblaze_0/libsrc/uartlite_v3_2/src -s libs  "SHELL=CMD" "COMPILER=mb-gcc" "ARCHIVER=mb-ar" "COMPILER_FLAGS=  -O2 -c -mcpu=v10.0 -mhard-float -mlittle-endian -mxl-soft-mul" "EXTRA_COMPILER_FLAGS=-ffunction-sections -fdata-sections -Wall -Wextra"
"Compiling uartlite"
"Running Make libs in microblaze_0/libsrc/wdttb_v4_3/src"
C:/Xilinx/SDK/2018.2/gnuwin/bin/make -C microblaze_0/libsrc/wdttb_v4_3/src -s libs  "SHELL=CMD" "COMPILER=mb-gcc" "ARCHIVER=mb-ar" "COMPILER_FLAGS=  -O2 -c -mcpu=v10.0 -mhard-float -mlittle-endian -mxl-soft-mul" "EXTRA_COMPILER_FLAGS=-ffunction-sections -fdata-sections -Wall -Wextra"
"Compiling wdttb"
In file included from xwdttb.h:173:0,
                 from xwdttb.c:87:
xwdttb.c: In function 'XWdtTb_ProgramWDTWidth':
../../../include/xil_assert.h:112:9: warning: 'return' with no value, in function returning non-void
         return;                                    \
         ^
xwdttb.c:1232:2: note: in expansion of macro 'Xil_AssertVoid'
  Xil_AssertVoid(InstancePtr != NULL);
  ^~~~~~~~~~~~~~
xwdttb.c:1229:5: note: declared here
 u32 XWdtTb_ProgramWDTWidth(XWdtTb *InstancePtr, u32 width)
     ^~~~~~~~~~~~~~~~~~~~~~
'Finished building libraries'
23:04:07 **** Auto Build of project freertos10_xilinx_bsp_0 ****
make -k all 
"Running Make include in microblaze_0/libsrc/bram_v4_2/src"
C:/Xilinx/SDK/2018.2/gnuwin/bin/make -C microblaze_0/libsrc/bram_v4_2/src -s include  "SHELL=CMD" "COMPILER=mb-gcc" "ARCHIVER=mb-ar" "COMPILER_FLAGS=  -O2 -c -mcpu=v10.0 -mhard-float -mlittle-endian -mxl-soft-mul" "EXTRA_COMPILER_FLAGS=-ffunction-sections -fdata-sections -Wall -Wextra"
"Running Make include in microblaze_0/libsrc/cpu_v2_7/src"
C:/Xilinx/SDK/2018.2/gnuwin/bin/make -C microblaze_0/libsrc/cpu_v2_7/src -s include  "SHELL=CMD" "COMPILER=mb-gcc" "ARCHIVER=mb-ar" "COMPILER_FLAGS=  -O2 -c -mcpu=v10.0 -mhard-float -mlittle-endian -mxl-soft-mul" "EXTRA_COMPILER_FLAGS=-ffunction-sections -fdata-sections -Wall -Wextra"
"Running Make include in microblaze_0/libsrc/freertos10_xilinx_v1_1/src"
C:/Xilinx/SDK/2018.2/gnuwin/bin/make -C microblaze_0/libsrc/freertos10_xilinx_v1_1/src -s include  "SHELL=CMD" "COMPILER=mb-gcc" "ARCHIVER=mb-ar" "COMPILER_FLAGS=  -O2 -c -mcpu=v10.0 -mhard-float -mlittle-endian -mxl-soft-mul" "EXTRA_COMPILER_FLAGS=-ffunction-sections -fdata-sections -Wall -Wextra"
"include"
"Running Make include in microblaze_0/libsrc/gpio_v4_3/src"
C:/Xilinx/SDK/2018.2/gnuwin/bin/make -C microblaze_0/libsrc/gpio_v4_3/src -s include  "SHELL=CMD" "COMPILER=mb-gcc" "ARCHIVER=mb-ar" "COMPILER_FLAGS=  -O2 -c -mcpu=v10.0 -mhard-float -mlittle-endian -mxl-soft-mul" "EXTRA_COMPILER_FLAGS=-ffunction-sections -fdata-sections -Wall -Wextra"
"Running Make include in microblaze_0/libsrc/intc_v3_7/src"
[...]
                          ^
../src/myapp.c:700:8: warning: cast to pointer from integer of different size [-Wint-to-pointer-cast]
     if((u8*)gain_coe->ki > PID_KI_MAX) gain_coe->ki = PID_KI_MAX;
        ^
../src/myapp.c:700:26: warning: comparison between pointer and integer
     if((u8*)gain_coe->ki > PID_KI_MAX) gain_coe->ki = PID_KI_MAX;
                          ^
../src/myapp.c:713:8: warning: cast to pointer from integer of different size [-Wint-to-pointer-cast]
     if((u8*)gain_coe->kd > PID_KD_MAX) gain_coe->kd = PID_KD_MAX;
        ^
../src/myapp.c:713:26: warning: comparison between pointer and integer
     if((u8*)gain_coe->kd > PID_KD_MAX) gain_coe->kd = PID_KD_MAX;
                          ^
Finished building: ../src/myapp.c
 
Building target: project2.elf
Invoking: MicroBlaze gcc linker
mb-gcc -Wl,-T -Wl,../src/lscript.ld -L../../freertos10_xilinx_bsp_0/microblaze_0/lib -mlittle-endian -mcpu=v10.0 -mxl-soft-mul -mhard-float -Wl,--no-relax -Wl,--gc-sections -o "project2.elf"  ./src/myapp.o   -Wl,--start-group,-lxil,-lfreertos,-lgcc,-lc,--end-group
Finished building target: project2.elf
 
Invoking: MicroBlaze Print Size
mb-size project2.elf  |tee "project2.elf.size"
   text	   data	    bss	    dec	    hex	filename
  50288	   1516	  68644	 120448	  1d680	project2.elf
Finished building: project2.elf.size
 
17:09:58 **** Incremental Build of configuration Debug for project project2 ****
make all 
make: Nothing to be done for `all'.
17:18:35 **** Auto Build of configuration Debug for project project2 ****
make all 
Building file: ../src/myapp.c
Invoking: MicroBlaze gcc compiler
mb-gcc -Wall -O0 -g3 -c -fmessage-length=0 -MT"src/myapp.o" -I../../freertos10_xilinx_bsp_0/microblaze_0/include -mlittle-endian -mcpu=v10.0 -mxl-soft-mul -mhard-float -Wl,--no-relax -ffunction-sections -fdata-sections -MMD -MP -MF"src/myapp.d" -MT"src/myapp.o" -o "src/myapp.o" "../src/myapp.c"
../src/myapp.c: In function 'master_thread':
../src/myapp.c:350:16: warning: unused variable 'xStatus' [-Wunused-variable]
  portBASE_TYPE xStatus;
                ^~~~~~~
../src/myapp.c: In function 'prvSetupHardware':
../src/myapp.c:463:2: warning: implicit declaration of function 'initializenx4io'; did you mean 'initializegpio'? [-Wimplicit-function-declaration]
  initializenx4io();
  ^~~~~~~~~~~~~~~
  initializegpio
../src/myapp.c:457:16: warning: unused variable 'xStatus' [-Wunused-variable]
  portBASE_TYPE xStatus;
                ^~~~~~~
In file included from ../../freertos10_xilinx_bsp_0/microblaze_0/include/xtmrctr.h:178:0,
                 from ../src/myapp.c:24:
../src/myapp.c: In function 'initializewdt':
../../freertos10_xilinx_bsp_0/microblaze_0/include/xstatus.h:65:41: warning: 'return' with a value, in function returning void
 #define XST_FAILURE                     1L
                                         ^
../src/myapp.c:571:10: note: in expansion of macro 'XST_FAILURE'
   return XST_FAILURE;
          ^~~~~~~~~~~
../src/myapp.c:559:6: note: declared here
 void initializewdt(void){
      ^~~~~~~~~~~~~
In file included from ../../freertos10_xilinx_bsp_0/microblaze_0/include/xtmrctr.h:178:0,
                 from ../src/myapp.c:24:
../../freertos10_xilinx_bsp_0/microblaze_0/include/xstatus.h:65:41: warning: 'return' with a value, in function returning void
 #define XST_FAILURE                     1L
                                         ^
../src/myapp.c:581:10: note: in expansion of macro 'XST_FAILURE'
   return XST_FAILURE;
          ^~~~~~~~~~~
../src/myapp.c:559:6: note: declared here
 void initializewdt(void){
      ^~~~~~~~~~~~~
In file included from ../../freertos10_xilinx_bsp_0/microblaze_0/include/xtmrctr.h:178:0,
                 from ../src/myapp.c:24:
../../freertos10_xilinx_bsp_0/microblaze_0/include/xstatus.h:65:41: warning: 'return' with a value, in function returning void
 #define XST_FAILURE                     1L
                                         ^
../src/myapp.c:590:10: note: in expansion of macro 'XST_FAILURE'
   return XST_FAILURE;
          ^~~~~~~~~~~
../src/myapp.c:559:6: note: declared here
 void initializewdt(void){
      ^~~~~~~~~~~~~
In file included from ../../freertos10_xilinx_bsp_0/microblaze_0/include/xtmrctr.h:178:0,
                 from ../src/myapp.c:24:
../src/myapp.c: In function 'initializetimer':
../../freertos10_xilinx_bsp_0/microblaze_0/include/xstatus.h:65:41: warning: 'return' with a value, in function returning void
 #define XST_FAILURE                     1L
                                         ^
../src/myapp.c:615:10: note: in expansion of macro 'XST_FAILURE'
   return XST_FAILURE;
          ^~~~~~~~~~~
../src/myapp.c:607:6: note: declared here
 void initializetimer( void ){
      ^~~~~~~~~~~~~~~
../src/myapp.c:617:2: warning: implicit declaration of function 'printf' [-Wimplicit-function-declaration]
  printf("TIMER: AXI Timer Initialized.\r\n");
  ^~~~~~
../src/myapp.c:617:2: warning: incompatible implicit declaration of built-in function 'printf'
../src/myapp.c:617:2: note: include '<stdio.h>' or provide a declaration of 'printf'
../src/myapp.c: At top level:
../src/myapp.c:621:6: warning: conflicting types for 'initializenx4io'
 void initializenx4io( void ){
      ^~~~~~~~~~~~~~~
../src/myapp.c:463:2: note: previous implicit declaration of 'initializenx4io' was here
  initializenx4io();
  ^~~~~~~~~~~~~~~
../src/myapp.c: In function 'initializenx4io':
../src/myapp.c:625:40: error: 'NX4IO_BASEADDR' undeclared (first use in this function); did you mean 'NX4IO_setLEDs'?
  xStatus = (uint32_t) NX4IO_initialize(NX4IO_BASEADDR);
                                        ^~~~~~~~~~~~~~
                                        NX4IO_setLEDs
../src/myapp.c:625:40: note: each undeclared identifier is reported only once for each function it appears in
In file included from ../../freertos10_xilinx_bsp_0/microblaze_0/include/xtmrctr.h:178:0,
                 from ../src/myapp.c:24:
../../freertos10_xilinx_bsp_0/microblaze_0/include/xstatus.h:65:41: warning: 'return' with a value, in function returning void
 #define XST_FAILURE                     1L
                                         ^
../src/myapp.c:628:10: note: in expansion of macro 'XST_FAILURE'
   return XST_FAILURE;
          ^~~~~~~~~~~
../src/myapp.c:621:6: note: declared here
 void initializenx4io( void ){
      ^~~~~~~~~~~~~~~
../src/myapp.c: In function 'update_gains':
../src/myapp.c:699:8: warning: cast to pointer from integer of different size [-Wint-to-pointer-cast]
     if((u8*)gain_coe->kp > PID_KP_MAX) gain_coe->kp = PID_KP_MAX;
        ^
../src/myapp.c:699:26: warning: comparison between pointer and integer
     if((u8*)gain_coe->kp > PID_KP_MAX) gain_coe->kp = PID_KP_MAX;
                          ^
../src/myapp.c:713:8: warning: cast to pointer from integer of different size [-Wint-to-pointer-cast]
     if((u8*)gain_coe->ki > PID_KI_MAX) gain_coe->ki = PID_KI_MAX;
        ^
../src/myapp.c:713:26: warning: comparison between pointer and integer
     if((u8*)gain_coe->ki > PID_KI_MAX) gain_coe->ki = PID_KI_MAX;
                          ^
../src/myapp.c:726:8: warning: cast to pointer from integer of different size [-Wint-to-pointer-cast]
     if((u8*)gain_coe->kd > PID_KD_MAX) gain_coe->kd = PID_KD_MAX;
        ^
../src/myapp.c:726:26: warning: comparison between pointer and integer
     if((u8*)gain_coe->kd > PID_KD_MAX) gain_coe->kd = PID_KD_MAX;
                          ^
make: *** [src/myapp.o] Error 1
17:18:59 **** Auto Build of configuration Debug for project project2 ****
make all 
Building file: ../src/myapp.c
Invoking: MicroBlaze gcc compiler
mb-gcc -Wall -O0 -g3 -c -fmessage-length=0 -MT"src/myapp.o" -I../../freertos10_xilinx_bsp_0/microblaze_0/include -mlittle-endian -mcpu=v10.0 -mxl-soft-mul -mhard-float -Wl,--no-relax -ffunction-sections -fdata-sections -MMD -MP -MF"src/myapp.d" -MT"src/myapp.o" -o "src/myapp.o" "../src/myapp.c"
../src/myapp.c: In function 'master_thread':
../src/myapp.c:350:16: warning: unused variable 'xStatus' [-Wunused-variable]
  portBASE_TYPE xStatus;
                ^~~~~~~
../src/myapp.c: In function 'prvSetupHardware':
../src/myapp.c:463:2: warning: implicit declaration of function 'initializenx4io'; did you mean 'initializegpio'? [-Wimplicit-function-declaration]
  initializenx4io();
  ^~~~~~~~~~~~~~~
  initializegpio
../src/myapp.c:457:16: warning: unused variable 'xStatus' [-Wunused-variable]
  portBASE_TYPE xStatus;
                ^~~~~~~
In file included from ../../freertos10_xilinx_bsp_0/microblaze_0/include/xtmrctr.h:178:0,
                 from ../src/myapp.c:24:
../src/myapp.c: In function 'initializewdt':
../../freertos10_xilinx_bsp_0/microblaze_0/include/xstatus.h:65:41: warning: 'return' with a value, in function returning void
 #define XST_FAILURE                     1L
                                         ^
../src/myapp.c:571:10: note: in expansion of macro 'XST_FAILURE'
   return XST_FAILURE;
          ^~~~~~~~~~~
../src/myapp.c:559:6: note: declared here
 void initializewdt(void){
      ^~~~~~~~~~~~~
In file included from ../../freertos10_xilinx_bsp_0/microblaze_0/include/xtmrctr.h:178:0,
                 from ../src/myapp.c:24:
../../freertos10_xilinx_bsp_0/microblaze_0/include/xstatus.h:65:41: warning: 'return' with a value, in function returning void
 #define XST_FAILURE                     1L
                                         ^
../src/myapp.c:581:10: note: in expansion of macro 'XST_FAILURE'
   return XST_FAILURE;
          ^~~~~~~~~~~
../src/myapp.c:559:6: note: declared here
 void initializewdt(void){
      ^~~~~~~~~~~~~
In file included from ../../freertos10_xilinx_bsp_0/microblaze_0/include/xtmrctr.h:178:0,
                 from ../src/myapp.c:24:
../../freertos10_xilinx_bsp_0/microblaze_0/include/xstatus.h:65:41: warning: 'return' with a value, in function returning void
 #define XST_FAILURE                     1L
                                         ^
../src/myapp.c:590:10: note: in expansion of macro 'XST_FAILURE'
   return XST_FAILURE;
          ^~~~~~~~~~~
../src/myapp.c:559:6: note: declared here
 void initializewdt(void){
      ^~~~~~~~~~~~~
In file included from ../../freertos10_xilinx_bsp_0/microblaze_0/include/xtmrctr.h:178:0,
                 from ../src/myapp.c:24:
../src/myapp.c: In function 'initializetimer':
../../freertos10_xilinx_bsp_0/microblaze_0/include/xstatus.h:65:41: warning: 'return' with a value, in function returning void
 #define XST_FAILURE                     1L
                                         ^
../src/myapp.c:615:10: note: in expansion of macro 'XST_FAILURE'
   return XST_FAILURE;
          ^~~~~~~~~~~
../src/myapp.c:607:6: note: declared here
 void initializetimer( void ){
      ^~~~~~~~~~~~~~~
../src/myapp.c:617:2: warning: implicit declaration of function 'printf' [-Wimplicit-function-declaration]
  printf("TIMER: AXI Timer Initialized.\r\n");
  ^~~~~~
../src/myapp.c:617:2: warning: incompatible implicit declaration of built-in function 'printf'
../src/myapp.c:617:2: note: include '<stdio.h>' or provide a declaration of 'printf'
../src/myapp.c: At top level:
../src/myapp.c:621:6: warning: conflicting types for 'initializenx4io'
 void initializenx4io( void ){
      ^~~~~~~~~~~~~~~
../src/myapp.c:463:2: note: previous implicit declaration of 'initializenx4io' was here
  initializenx4io();
  ^~~~~~~~~~~~~~~
In file included from ../../freertos10_xilinx_bsp_0/microblaze_0/include/xtmrctr.h:178:0,
                 from ../src/myapp.c:24:
../src/myapp.c: In function 'initializenx4io':
../../freertos10_xilinx_bsp_0/microblaze_0/include/xstatus.h:65:41: warning: 'return' with a value, in function returning void
 #define XST_FAILURE                     1L
                                         ^
../src/myapp.c:628:10: note: in expansion of macro 'XST_FAILURE'
   return XST_FAILURE;
          ^~~~~~~~~~~
../src/myapp.c:621:6: note: declared here
 void initializenx4io( void ){
      ^~~~~~~~~~~~~~~
../src/myapp.c: In function 'update_gains':
../src/myapp.c:699:8: warning: cast to pointer from integer of different size [-Wint-to-pointer-cast]
     if((u8*)gain_coe->kp > PID_KP_MAX) gain_coe->kp = PID_KP_MAX;
        ^
../src/myapp.c:699:26: warning: comparison between pointer and integer
     if((u8*)gain_coe->kp > PID_KP_MAX) gain_coe->kp = PID_KP_MAX;
                          ^
../src/myapp.c:713:8: warning: cast to pointer from integer of different size [-Wint-to-pointer-cast]
     if((u8*)gain_coe->ki > PID_KI_MAX) gain_coe->ki = PID_KI_MAX;
        ^
../src/myapp.c:713:26: warning: comparison between pointer and integer
     if((u8*)gain_coe->ki > PID_KI_MAX) gain_coe->ki = PID_KI_MAX;
                          ^
../src/myapp.c:726:8: warning: cast to pointer from integer of different size [-Wint-to-pointer-cast]
     if((u8*)gain_coe->kd > PID_KD_MAX) gain_coe->kd = PID_KD_MAX;
        ^
../src/myapp.c:726:26: warning: comparison between pointer and integer
     if((u8*)gain_coe->kd > PID_KD_MAX) gain_coe->kd = PID_KD_MAX;
                          ^
Finished building: ../src/myapp.c
 
Building target: project2.elf
Invoking: MicroBlaze gcc linker
mb-gcc -Wl,-T -Wl,../src/lscript.ld -L../../freertos10_xilinx_bsp_0/microblaze_0/lib -mlittle-endian -mcpu=v10.0 -mxl-soft-mul -mhard-float -Wl,--no-relax -Wl,--gc-sections -o "project2.elf"  ./src/myapp.o   -Wl,--start-group,-lxil,-lfreertos,-lgcc,-lc,--end-group
c:/xilinx/sdk/2018.2/gnu/microblaze/nt/bin/../lib/gcc/microblaze-xilinx-elf/7.2.0/../../../../microblaze-xilinx-elf/bin/ld.exe: project2.elf section `.bss' will not fit in region `microblaze_0_local_memory_ilmb_bram_if_cntlr_Mem_microblaze_0_local_memory_dlmb_bram_if_cntlr_Mem'
c:/xilinx/sdk/2018.2/gnu/microblaze/nt/bin/../lib/gcc/microblaze-xilinx-elf/7.2.0/../../../../microblaze-xilinx-elf/bin/ld.exe: region `microblaze_0_local_memory_ilmb_bram_if_cntlr_Mem_microblaze_0_local_memory_dlmb_bram_if_cntlr_Mem' overflowed by 5744 bytes
collect2.exe: error: ld returned 1 exit status
make: *** [project2.elf] Error 1
17:19:12 **** Auto Build of configuration Debug for project project2 ****
make all 
Building file: ../src/myapp.c
Invoking: MicroBlaze gcc compiler
mb-gcc -Wall -O0 -g3 -c -fmessage-length=0 -MT"src/myapp.o" -I../../freertos10_xilinx_bsp_0/microblaze_0/include -mlittle-endian -mcpu=v10.0 -mxl-soft-mul -mhard-float -Wl,--no-relax -ffunction-sections -fdata-sections -MMD -MP -MF"src/myapp.d" -MT"src/myapp.o" -o "src/myapp.o" "../src/myapp.c"
../src/myapp.c: In function 'master_thread':
../src/myapp.c:350:16: warning: unused variable 'xStatus' [-Wunused-variable]
  portBASE_TYPE xStatus;
                ^~~~~~~
../src/myapp.c: In function 'prvSetupHardware':
../src/myapp.c:463:2: warning: implicit declaration of function 'initializenx4io'; did you mean 'initializegpio'? [-Wimplicit-function-declaration]
  initializenx4io();
  ^~~~~~~~~~~~~~~
  initializegpio
../src/myapp.c:457:16: warning: unused variable 'xStatus' [-Wunused-variable]
  portBASE_TYPE xStatus;
                ^~~~~~~
In file included from ../../freertos10_xilinx_bsp_0/microblaze_0/include/xtmrctr.h:178:0,
                 from ../src/myapp.c:24:
../src/myapp.c: In function 'initializewdt':
../../freertos10_xilinx_bsp_0/microblaze_0/include/xstatus.h:65:41: warning: 'return' with a value, in function returning void
 #define XST_FAILURE                     1L
                                         ^
../src/myapp.c:571:10: note: in expansion of macro 'XST_FAILURE'
   return XST_FAILURE;
          ^~~~~~~~~~~
../src/myapp.c:559:6: note: declared here
 void initializewdt(void){
      ^~~~~~~~~~~~~
In file included from ../../freertos10_xilinx_bsp_0/microblaze_0/include/xtmrctr.h:178:0,
                 from ../src/myapp.c:24:
../../freertos10_xilinx_bsp_0/microblaze_0/include/xstatus.h:65:41: warning: 'return' with a value, in function returning void
 #define XST_FAILURE                     1L
                                         ^
../src/myapp.c:581:10: note: in expansion of macro 'XST_FAILURE'
   return XST_FAILURE;
          ^~~~~~~~~~~
../src/myapp.c:559:6: note: declared here
 void initializewdt(void){
      ^~~~~~~~~~~~~
In file included from ../../freertos10_xilinx_bsp_0/microblaze_0/include/xtmrctr.h:178:0,
                 from ../src/myapp.c:24:
../../freertos10_xilinx_bsp_0/microblaze_0/include/xstatus.h:65:41: warning: 'return' with a value, in function returning void
 #define XST_FAILURE                     1L
                                         ^
../src/myapp.c:590:10: note: in expansion of macro 'XST_FAILURE'
   return XST_FAILURE;
          ^~~~~~~~~~~
../src/myapp.c:559:6: note: declared here
 void initializewdt(void){
      ^~~~~~~~~~~~~
In file included from ../../freertos10_xilinx_bsp_0/microblaze_0/include/xtmrctr.h:178:0,
                 from ../src/myapp.c:24:
../src/myapp.c: In function 'initializetimer':
../../freertos10_xilinx_bsp_0/microblaze_0/include/xstatus.h:65:41: warning: 'return' with a value, in function returning void
 #define XST_FAILURE                     1L
                                         ^
../src/myapp.c:615:10: note: in expansion of macro 'XST_FAILURE'
   return XST_FAILURE;
          ^~~~~~~~~~~
../src/myapp.c:607:6: note: declared here
 void initializetimer( void ){
      ^~~~~~~~~~~~~~~
../src/myapp.c: At top level:
../src/myapp.c:621:6: warning: conflicting types for 'initializenx4io'
 void initializenx4io( void ){
      ^~~~~~~~~~~~~~~
../src/myapp.c:463:2: note: previous implicit declaration of 'initializenx4io' was here
  initializenx4io();
  ^~~~~~~~~~~~~~~
In file included from ../../freertos10_xilinx_bsp_0/microblaze_0/include/xtmrctr.h:178:0,
                 from ../src/myapp.c:24:
../src/myapp.c: In function 'initializenx4io':
../../freertos10_xilinx_bsp_0/microblaze_0/include/xstatus.h:65:41: warning: 'return' with a value, in function returning void
 #define XST_FAILURE                     1L
                                         ^
../src/myapp.c:628:10: note: in expansion of macro 'XST_FAILURE'
   return XST_FAILURE;
          ^~~~~~~~~~~
../src/myapp.c:621:6: note: declared here
 void initializenx4io( void ){
      ^~~~~~~~~~~~~~~
../src/myapp.c: In function 'update_gains':
../src/myapp.c:699:8: warning: cast to pointer from integer of different size [-Wint-to-pointer-cast]
     if((u8*)gain_coe->kp > PID_KP_MAX) gain_coe->kp = PID_KP_MAX;
        ^
../src/myapp.c:699:26: warning: comparison between pointer and integer
     if((u8*)gain_coe->kp > PID_KP_MAX) gain_coe->kp = PID_KP_MAX;
                          ^
../src/myapp.c:713:8: warning: cast to pointer from integer of different size [-Wint-to-pointer-cast]
     if((u8*)gain_coe->ki > PID_KI_MAX) gain_coe->ki = PID_KI_MAX;
        ^
../src/myapp.c:713:26: warning: comparison between pointer and integer
     if((u8*)gain_coe->ki > PID_KI_MAX) gain_coe->ki = PID_KI_MAX;
                          ^
../src/myapp.c:726:8: warning: cast to pointer from integer of different size [-Wint-to-pointer-cast]
     if((u8*)gain_coe->kd > PID_KD_MAX) gain_coe->kd = PID_KD_MAX;
        ^
../src/myapp.c:726:26: warning: comparison between pointer and integer
     if((u8*)gain_coe->kd > PID_KD_MAX) gain_coe->kd = PID_KD_MAX;
                          ^
Finished building: ../src/myapp.c
 
Building target: project2.elf
Invoking: MicroBlaze gcc linker
mb-gcc -Wl,-T -Wl,../src/lscript.ld -L../../freertos10_xilinx_bsp_0/microblaze_0/lib -mlittle-endian -mcpu=v10.0 -mxl-soft-mul -mhard-float -Wl,--no-relax -Wl,--gc-sections -o "project2.elf"  ./src/myapp.o   -Wl,--start-group,-lxil,-lfreertos,-lgcc,-lc,--end-group
Finished building target: project2.elf
 
Invoking: MicroBlaze Print Size
mb-size project2.elf  |tee "project2.elf.size"
   text	   data	    bss	    dec	    hex	filename
  51976	   1516	  68684	 122176	  1dd40	project2.elf
Finished building: project2.elf.size
 
17:19:21 **** Incremental Build of configuration Debug for project project2 ****
make all 
make: Nothing to be done for `all'.
