22:11:00 **** Build of project project2_bsp ****
make -k all 
"Running Make include in microblaze_0/libsrc/bram_v4_2/src"
C:/Xilinx/SDK/2018.2/gnuwin/bin/make -C microblaze_0/libsrc/bram_v4_2/src -s include  "SHELL=CMD" "COMPILER=mb-gcc" "ARCHIVER=mb-ar" "COMPILER_FLAGS=  -O2 -c -mcpu=v10.0 -mhard-float -mlittle-endian -mxl-soft-mul" "EXTRA_COMPILER_FLAGS=-ffunction-sections -fdata-sections -Wall -Wextra"
"Running Make include in microblaze_0/libsrc/cpu_v2_7/src"
C:/Xilinx/SDK/2018.2/gnuwin/bin/make -C microblaze_0/libsrc/cpu_v2_7/src -s include  "SHELL=CMD" "COMPILER=mb-gcc" "ARCHIVER=mb-ar" "COMPILER_FLAGS=  -O2 -c -mcpu=v10.0 -mhard-float -mlittle-endian -mxl-soft-mul" "EXTRA_COMPILER_FLAGS=-ffunction-sections -fdata-sections -Wall -Wextra"
"Running Make include in microblaze_0/libsrc/gpio_v4_3/src"
C:/Xilinx/SDK/2018.2/gnuwin/bin/make -C microblaze_0/libsrc/gpio_v4_3/src -s include  "SHELL=CMD" "COMPILER=mb-gcc" "ARCHIVER=mb-ar" "COMPILER_FLAGS=  -O2 -c -mcpu=v10.0 -mhard-float -mlittle-endian -mxl-soft-mul" "EXTRA_COMPILER_FLAGS=-ffunction-sections -fdata-sections -Wall -Wextra"
"Running Make include in microblaze_0/libsrc/intc_v3_7/src"
C:/Xilinx/SDK/2018.2/gnuwin/bin/make -C microblaze_0/libsrc/intc_v3_7/src -s include  "SHELL=CMD" "COMPILER=mb-gcc" "ARCHIVER=mb-ar" "COMPILER_FLAGS=  -O2 -c -mcpu=v10.0 -mhard-float -mlittle-endian -mxl-soft-mul" "EXTRA_COMPILER_FLAGS=-ffunction-sections -fdata-sections -Wall -Wextra"
"Running Make include in microblaze_0/libsrc/nexys4IO_v1_0/src"
C:/Xilinx/SDK/2018.2/gnuwin/bin/make -C microblaze_0/libsrc/nexys4IO_v1_0/src -s include  "SHELL=CMD" "COMPILER=mb-gcc" "ARCHIVER=mb-ar" "COMPILER_FLAGS=  -O2 -c -mcpu=v10.0 -mhard-float -mlittle-endian -mxl-soft-mul" "EXTRA_COMPILER_FLAGS=-ffunction-sections -fdata-sections -Wall -Wextra"
"Running Make include in microblaze_0/libsrc/PmodENC_v1_0/src"
C:/Xilinx/SDK/2018.2/gnuwin/bin/make -C microblaze_0/libsrc/PmodENC_v1_0/src -s include  "SHELL=CMD" "COMPILER=mb-gcc" "ARCHIVER=mb-ar" "COMPILER_FLAGS=  -O2 -c -mcpu=v10.0 -mhard-float -mlittle-endian -mxl-soft-mul" "EXTRA_COMPILER_FLAGS=-ffunction-sections -fdata-sections -Wall -Wextra"
"Running Make include in microblaze_0/libsrc/PmodOLEDrgb_v1_0/src"
C:/Xilinx/SDK/2018.2/gnuwin/bin/make -C microblaze_0/libsrc/PmodOLEDrgb_v1_0/src -s include  "SHELL=CMD" "COMPILER=mb-gcc" "ARCHIVER=mb-ar" "COMPILER_FLAGS=  -O2 -c -mcpu=v10.0 -mhard-float -mlittle-endian -mxl-soft-mul" "EXTRA_COMPILER_FLAGS=-ffunction-sections -fdata-sections -Wall -Wextra"
"Running Make include in microblaze_0/libsrc/standalone_v6_7/src"
C:/Xilinx/SDK/2018.2/gnuwin/bin/make -C microblaze_0/libsrc/standalone_v6_7/src -s include  "SHELL=CMD" "COMPILER=mb-gcc" "ARCHIVER=mb-ar" "COMPILER_FLAGS=  -O2 -c -mcpu=v10.0 -mhard-float -mlittle-endian -mxl-soft-mul" "EXTRA_COMPILER_FLAGS=-ffunction-sections -fdata-sections -Wall -Wextra"
"Running Make include in microblaze_0/libsrc/tmrctr_v4_4/src"
C:/Xilinx/SDK/2018.2/gnuwin/bin/make -C microblaze_0/libsrc/tmrctr_v4_4/src -s include  "SHELL=CMD" "COMPILER=mb-gcc" "ARCHIVER=mb-ar" "COMPILER_FLAGS=  -O2 -c -mcpu=v10.0 -mhard-float -mlittle-endian -mxl-soft-mul" "EXTRA_COMPILER_FLAGS=-ffunction-sections -fdata-sections -Wall -Wextra"
"Running Make include in microblaze_0/libsrc/uartlite_v3_2/src"
C:/Xilinx/SDK/2018.2/gnuwin/bin/make -C microblaze_0/libsrc/uartlite_v3_2/src -s include  "SHELL=CMD" "COMPILER=mb-gcc" "ARCHIVER=mb-ar" "COMPILER_FLAGS=  -O2 -c -mcpu=v10.0 -mhard-float -mlittle-endian -mxl-soft-mul" "EXTRA_COMPILER_FLAGS=-ffunction-sections -fdata-sections -Wall -Wextra"
"Running Make include in microblaze_0/libsrc/wdttb_v4_3/src"
C:/Xilinx/SDK/2018.2/gnuwin/bin/make -C microblaze_0/libsrc/wdttb_v4_3/src -s include  "SHELL=CMD" "COMPILER=mb-gcc" "ARCHIVER=mb-ar" "COMPILER_FLAGS=  -O2 -c -mcpu=v10.0 -mhard-float -mlittle-endian -mxl-soft-mul" "EXTRA_COMPILER_FLAGS=-ffunction-sections -fdata-sections -Wall -Wextra"
"Running Make libs in microblaze_0/libsrc/bram_v4_2/src"
C:/Xilinx/SDK/2018.2/gnuwin/bin/make -C microblaze_0/libsrc/bram_v4_2/src -s libs  "SHELL=CMD" "COMPILER=mb-gcc" "ARCHIVER=mb-ar" "COMPILER_FLAGS=  -O2 -c -mcpu=v10.0 -mhard-float -mlittle-endian -mxl-soft-mul" "EXTRA_COMPILER_FLAGS=-ffunction-sections -fdata-sections -Wall -Wextra"
"Compiling bram"
mb-ar: creating ../../../lib/libxil.a
"Running Make libs in microblaze_0/libsrc/cpu_v2_7/src"
C:/Xilinx/SDK/2018.2/gnuwin/bin/make -C microblaze_0/libsrc/cpu_v2_7/src -s libs  "SHELL=CMD" "COMPILER=mb-gcc" "ARCHIVER=mb-ar" "COMPILER_FLAGS=  -O2 -c -mcpu=v10.0 -mhard-float -mlittle-endian -mxl-soft-mul" "EXTRA_COMPILER_FLAGS=-ffunction-sections -fdata-sections -Wall -Wextra"
"Compiling cpu"
"Running Make libs in microblaze_0/libsrc/gpio_v4_3/src"
C:/Xilinx/SDK/2018.2/gnuwin/bin/make -C microblaze_0/libsrc/gpio_v4_3/src -s libs  "SHELL=CMD" "COMPILER=mb-gcc" "ARCHIVER=mb-ar" "COMPILER_FLAGS=  -O2 -c -mcpu=v10.0 -mhard-float -mlittle-endian -mxl-soft-mul" "EXTRA_COMPILER_FLAGS=-ffunction-sections -fdata-sections -Wall -Wextra"
"Compiling gpio"
"Running Make libs in microblaze_0/libsrc/intc_v3_7/src"
C:/Xilinx/SDK/2018.2/gnuwin/bin/make -C microblaze_0/libsrc/intc_v3_7/src -s libs  "SHELL=CMD" "COMPILER=mb-gcc" "ARCHIVER=mb-ar" "COMPILER_FLAGS=  -O2 -c -mcpu=v10.0 -mhard-float -mlittle-endian -mxl-soft-mul" "EXTRA_COMPILER_FLAGS=-ffunction-sections -fdata-sections -Wall -Wextra"
"Compiling intc"
"Running Make libs in microblaze_0/libsrc/nexys4IO_v1_0/src"
C:/Xilinx/SDK/2018.2/gnuwin/bin/make -C microblaze_0/libsrc/nexys4IO_v1_0/src -s libs  "SHELL=CMD" "COMPILER=mb-gcc" "ARCHIVER=mb-ar" "COMPILER_FLAGS=  -O2 -c -mcpu=v10.0 -mhard-float -mlittle-endian -mxl-soft-mul" "EXTRA_COMPILER_FLAGS=-ffunction-sections -fdata-sections -Wall -Wextra"
"Compiling nexys4IO..."
"Running Make libs in microblaze_0/libsrc/PmodENC_v1_0/src"
C:/Xilinx/SDK/2018.2/gnuwin/bin/make -C microblaze_0/libsrc/PmodENC_v1_0/src -s libs  "SHELL=CMD" "COMPILER=mb-gcc" "ARCHIVER=mb-ar" "COMPILER_FLAGS=  -O2 -c -mcpu=v10.0 -mhard-float -mlittle-endian -mxl-soft-mul" "EXTRA_COMPILER_FLAGS=-ffunction-sections -fdata-sections -Wall -Wextra"
"Compiling PmodENC..."
"Running Make libs in microblaze_0/libsrc/PmodOLEDrgb_v1_0/src"
C:/Xilinx/SDK/2018.2/gnuwin/bin/make -C microblaze_0/libsrc/PmodOLEDrgb_v1_0/src -s libs  "SHELL=CMD" "COMPILER=mb-gcc" "ARCHIVER=mb-ar" "COMPILER_FLAGS=  -O2 -c -mcpu=v10.0 -mhard-float -mlittle-endian -mxl-soft-mul" "EXTRA_COMPILER_FLAGS=-ffunction-sections -fdata-sections -Wall -Wextra"
"Compiling PmodOLEDrgb..."
PmodOLEDrgb_selftest.c: In function 'PMODOLEDRGB_Reg_SelfTest':
PmodOLEDrgb_selftest.c:52:60: warning: comparison between signed and unsigned integer expressions [-Wsign-compare]
    if ( PMODOLEDRGB_mReadReg (baseaddr, read_loop_index*4) != (read_loop_index+1)*READ_WRITE_MUL_FACTOR){
                                                            ^~
PmodOLEDrgb_selftest.c:36:6: warning: unused variable 'Index' [-Wunused-variable]
  int Index;
      ^~~~~
"Running Make libs in microblaze_0/libsrc/standalone_v6_7/src"
C:/Xilinx/SDK/2018.2/gnuwin/bin/make -C microblaze_0/libsrc/standalone_v6_7/src -s libs  "SHELL=CMD" "COMPILER=mb-gcc" "ARCHIVER=mb-ar" "COMPILER_FLAGS=  -O2 -c -mcpu=v10.0 -mhard-float -mlittle-endian -mxl-soft-mul" "EXTRA_COMPILER_FLAGS=-ffunction-sections -fdata-sections -Wall -Wextra"
"Compiling standalone";
microblaze_sleep.c:74:9: note: #pragma message: For the sleep routines, assembly instructions are used
 #pragma message ("For the sleep routines, assembly instructions are used")
         ^~~~~~~
Command canceled
22:12:04 **** Build of project project2_bsp ****
make -k all 
"Running Make include in microblaze_0/libsrc/bram_v4_2/src"
C:/Xilinx/SDK/2018.2/gnuwin/bin/make -C microblaze_0/libsrc/bram_v4_2/src -s include  "SHELL=CMD" "COMPILER=mb-gcc" "ARCHIVER=mb-ar" "COMPILER_FLAGS=  -O2 -c -mcpu=v10.0 -mhard-float -mlittle-endian -mxl-soft-mul" "EXTRA_COMPILER_FLAGS=-ffunction-sections -fdata-sections -Wall -Wextra"
"Running Make include in microblaze_0/libsrc/cpu_v2_7/src"
C:/Xilinx/SDK/2018.2/gnuwin/bin/make -C microblaze_0/libsrc/cpu_v2_7/src -s include  "SHELL=CMD" "COMPILER=mb-gcc" "ARCHIVER=mb-ar" "COMPILER_FLAGS=  -O2 -c -mcpu=v10.0 -mhard-float -mlittle-endian -mxl-soft-mul" "EXTRA_COMPILER_FLAGS=-ffunction-sections -fdata-sections -Wall -Wextra"
"Running Make include in microblaze_0/libsrc/gpio_v4_3/src"
C:/Xilinx/SDK/2018.2/gnuwin/bin/make -C microblaze_0/libsrc/gpio_v4_3/src -s include  "SHELL=CMD" "COMPILER=mb-gcc" "ARCHIVER=mb-ar" "COMPILER_FLAGS=  -O2 -c -mcpu=v10.0 -mhard-float -mlittle-endian -mxl-soft-mul" "EXTRA_COMPILER_FLAGS=-ffunction-sections -fdata-sections -Wall -Wextra"
"Running Make include in microblaze_0/libsrc/intc_v3_7/src"
C:/Xilinx/SDK/2018.2/gnuwin/bin/make -C microblaze_0/libsrc/intc_v3_7/src -s include  "SHELL=CMD" "COMPILER=mb-gcc" "ARCHIVER=mb-ar" "COMPILER_FLAGS=  -O2 -c -mcpu=v10.0 -mhard-float -mlittle-endian -mxl-soft-mul" "EXTRA_COMPILER_FLAGS=-ffunction-sections -fdata-sections -Wall -Wextra"
"Running Make include in microblaze_0/libsrc/nexys4IO_v1_0/src"
C:/Xilinx/SDK/2018.2/gnuwin/bin/make -C microblaze_0/libsrc/nexys4IO_v1_0/src -s include  "SHELL=CMD" "COMPILER=mb-gcc" "ARCHIVER=mb-ar" "COMPILER_FLAGS=  -O2 -c -mcpu=v10.0 -mhard-float -mlittle-endian -mxl-soft-mul" "EXTRA_COMPILER_FLAGS=-ffunction-sections -fdata-sections -Wall -Wextra"
"Running Make include in microblaze_0/libsrc/PmodENC_v1_0/src"
C:/Xilinx/SDK/2018.2/gnuwin/bin/make -C microblaze_0/libsrc/PmodENC_v1_0/src -s include  "SHELL=CMD" "COMPILER=mb-gcc" "ARCHIVER=mb-ar" "COMPILER_FLAGS=  -O2 -c -mcpu=v10.0 -mhard-float -mlittle-endian -mxl-soft-mul" "EXTRA_COMPILER_FLAGS=-ffunction-sections -fdata-sections -Wall -Wextra"
"Running Make include in microblaze_0/libsrc/PmodOLEDrgb_v1_0/src"
C:/Xilinx/SDK/2018.2/gnuwin/bin/make -C microblaze_0/libsrc/PmodOLEDrgb_v1_0/src -s include  "SHELL=CMD" "COMPILER=mb-gcc" "ARCHIVER=mb-ar" "COMPILER_FLAGS=  -O2 -c -mcpu=v10.0 -mhard-float -mlittle-endian -mxl-soft-mul" "EXTRA_COMPILER_FLAGS=-ffunction-sections -fdata-sections -Wall -Wextra"
"Running Make include in microblaze_0/libsrc/standalone_v6_7/src"
C:/Xilinx/SDK/2018.2/gnuwin/bin/make -C microblaze_0/libsrc/standalone_v6_7/src -s include  "SHELL=CMD" "COMPILER=mb-gcc" "ARCHIVER=mb-ar" "COMPILER_FLAGS=  -O2 -c -mcpu=v10.0 -mhard-float -mlittle-endian -mxl-soft-mul" "EXTRA_COMPILER_FLAGS=-ffunction-sections -fdata-sections -Wall -Wextra"
"Running Make include in microblaze_0/libsrc/tmrctr_v4_4/src"
C:/Xilinx/SDK/2018.2/gnuwin/bin/make -C microblaze_0/libsrc/tmrctr_v4_4/src -s include  "SHELL=CMD" "COMPILER=mb-gcc" "ARCHIVER=mb-ar" "COMPILER_FLAGS=  -O2 -c -mcpu=v10.0 -mhard-float -mlittle-endian -mxl-soft-mul" "EXTRA_COMPILER_FLAGS=-ffunction-sections -fdata-sections -Wall -Wextra"
"Running Make include in microblaze_0/libsrc/uartlite_v3_2/src"
C:/Xilinx/SDK/2018.2/gnuwin/bin/make -C microblaze_0/libsrc/uartlite_v3_2/src -s include  "SHELL=CMD" "COMPILER=mb-gcc" "ARCHIVER=mb-ar" "COMPILER_FLAGS=  -O2 -c -mcpu=v10.0 -mhard-float -mlittle-endian -mxl-soft-mul" "EXTRA_COMPILER_FLAGS=-ffunction-sections -fdata-sections -Wall -Wextra"
"Running Make include in microblaze_0/libsrc/wdttb_v4_3/src"
C:/Xilinx/SDK/2018.2/gnuwin/bin/make -C microblaze_0/libsrc/wdttb_v4_3/src -s include  "SHELL=CMD" "COMPILER=mb-gcc" "ARCHIVER=mb-ar" "COMPILER_FLAGS=  -O2 -c -mcpu=v10.0 -mhard-float -mlittle-endian -mxl-soft-mul" "EXTRA_COMPILER_FLAGS=-ffunction-sections -fdata-sections -Wall -Wextra"
"Running Make libs in microblaze_0/libsrc/bram_v4_2/src"
C:/Xilinx/SDK/2018.2/gnuwin/bin/make -C microblaze_0/libsrc/bram_v4_2/src -s libs  "SHELL=CMD" "COMPILER=mb-gcc" "ARCHIVER=mb-ar" "COMPILER_FLAGS=  -O2 -c -mcpu=v10.0 -mhard-float -mlittle-endian -mxl-soft-mul" "EXTRA_COMPILER_FLAGS=-ffunction-sections -fdata-sections -Wall -Wextra"
"Compiling bram"
Command canceled
22:12:47 **** Build of project project2_bsp ****
make -k all 
"Running Make include in microblaze_0/libsrc/bram_v4_2/src"
C:/Xilinx/SDK/2018.2/gnuwin/bin/make -C microblaze_0/libsrc/bram_v4_2/src -s include  "SHELL=CMD" "COMPILER=mb-gcc" "ARCHIVER=mb-ar" "COMPILER_FLAGS=  -O2 -c -mcpu=v10.0 -mhard-float -mlittle-endian -mxl-soft-mul" "EXTRA_COMPILER_FLAGS=-ffunction-sections -fdata-sections -Wall -Wextra"
"Running Make include in microblaze_0/libsrc/cpu_v2_7/src"
C:/Xilinx/SDK/2018.2/gnuwin/bin/make -C microblaze_0/libsrc/cpu_v2_7/src -s include  "SHELL=CMD" "COMPILER=mb-gcc" "ARCHIVER=mb-ar" "COMPILER_FLAGS=  -O2 -c -mcpu=v10.0 -mhard-float -mlittle-endian -mxl-soft-mul" "EXTRA_COMPILER_FLAGS=-ffunction-sections -fdata-sections -Wall -Wextra"
"Running Make include in microblaze_0/libsrc/freertos10_xilinx_v1_1/src"
C:/Xilinx/SDK/2018.2/gnuwin/bin/make -C microblaze_0/libsrc/freertos10_xilinx_v1_1/src -s include  "SHELL=CMD" "COMPILER=mb-gcc" "ARCHIVER=mb-ar" "COMPILER_FLAGS=  -O2 -c -mcpu=v10.0 -mhard-float -mlittle-endian -mxl-soft-mul" "EXTRA_COMPILER_FLAGS=-ffunction-sections -fdata-sections -Wall -Wextra"
"include"
"Running Make include in microblaze_0/libsrc/gpio_v4_3/src"
C:/Xilinx/SDK/2018.2/gnuwin/bin/make -C microblaze_0/libsrc/gpio_v4_3/src -s include  "SHELL=CMD" "COMPILER=mb-gcc" "ARCHIVER=mb-ar" "COMPILER_FLAGS=  -O2 -c -mcpu=v10.0 -mhard-float -mlittle-endian -mxl-soft-mul" "EXTRA_COMPILER_FLAGS=-ffunction-sections -fdata-sections -Wall -Wextra"
"Running Make include in microblaze_0/libsrc/intc_v3_7/src"
C:/Xilinx/SDK/2018.2/gnuwin/bin/make -C microblaze_0/libsrc/intc_v3_7/src -s include  "SHELL=CMD" "COMPILER=mb-gcc" "ARCHIVER=mb-ar" "COMPILER_FLAGS=  -O2 -c -mcpu=v10.0 -mhard-float -mlittle-endian -mxl-soft-mul" "EXTRA_COMPILER_FLAGS=-ffunction-sections -fdata-sections -Wall -Wextra"
"Running Make include in microblaze_0/libsrc/nexys4IO_v1_0/src"
C:/Xilinx/SDK/2018.2/gnuwin/bin/make -C microblaze_0/libsrc/nexys4IO_v1_0/src -s include  "SHELL=CMD" "COMPILER=mb-gcc" "ARCHIVER=mb-ar" "COMPILER_FLAGS=  -O2 -c -mcpu=v10.0 -mhard-float -mlittle-endian -mxl-soft-mul" "EXTRA_COMPILER_FLAGS=-ffunction-sections -fdata-sections -Wall -Wextra"
"Running Make include in microblaze_0/libsrc/PmodENC_v1_0/src"
C:/Xilinx/SDK/2018.2/gnuwin/bin/make -C microblaze_0/libsrc/PmodENC_v1_0/src -s include  "SHELL=CMD" "COMPILER=mb-gcc" "ARCHIVER=mb-ar" "COMPILER_FLAGS=  -O2 -c -mcpu=v10.0 -mhard-float -mlittle-endian -mxl-soft-mul" "EXTRA_COMPILER_FLAGS=-ffunction-sections -fdata-sections -Wall -Wextra"
"Running Make include in microblaze_0/libsrc/PmodOLEDrgb_v1_0/src"
C:/Xilinx/SDK/2018.2/gnuwin/bin/make -C microblaze_0/libsrc/PmodOLEDrgb_v1_0/src -s include  "SHELL=CMD" "COMPILER=mb-gcc" "ARCHIVER=mb-ar" "COMPILER_FLAGS=  -O2 -c -mcpu=v10.0 -mhard-float -mlittle-endian -mxl-soft-mul" "EXTRA_COMPILER_FLAGS=-ffunction-sections -fdata-sections -Wall -Wextra"
"Running Make include in microblaze_0/libsrc/tmrctr_v4_4/src"
C:/Xilinx/SDK/2018.2/gnuwin/bin/make -C microblaze_0/libsrc/tmrctr_v4_4/src -s include  "SHELL=CMD" "COMPILER=mb-gcc" "ARCHIVER=mb-ar" "COMPILER_FLAGS=  -O2 -c -mcpu=v10.0 -mhard-float -mlittle-endian -mxl-soft-mul" "EXTRA_COMPILER_FLAGS=-ffunction-sections -fdata-sections -Wall -Wextra"
"Running Make include in microblaze_0/libsrc/uartlite_v3_2/src"
C:/Xilinx/SDK/2018.2/gnuwin/bin/make -C microblaze_0/libsrc/uartlite_v3_2/src -s include  "SHELL=CMD" "COMPILER=mb-gcc" "ARCHIVER=mb-ar" "COMPILER_FLAGS=  -O2 -c -mcpu=v10.0 -mhard-float -mlittle-endian -mxl-soft-mul" "EXTRA_COMPILER_FLAGS=-ffunction-sections -fdata-sections -Wall -Wextra"
"Running Make include in microblaze_0/libsrc/wdttb_v4_3/src"
C:/Xilinx/SDK/2018.2/gnuwin/bin/make -C microblaze_0/libsrc/wdttb_v4_3/src -s include  "SHELL=CMD" "COMPILER=mb-gcc" "ARCHIVER=mb-ar" "COMPILER_FLAGS=  -O2 -c -mcpu=v10.0 -mhard-float -mlittle-endian -mxl-soft-mul" "EXTRA_COMPILER_FLAGS=-ffunction-sections -fdata-sections -Wall -Wextra"
"Running Make libs in microblaze_0/libsrc/bram_v4_2/src"
C:/Xilinx/SDK/2018.2/gnuwin/bin/make -C microblaze_0/libsrc/bram_v4_2/src -s libs  "SHELL=CMD" "COMPILER=mb-gcc" "ARCHIVER=mb-ar" "COMPILER_FLAGS=  -O2 -c -mcpu=v10.0 -mhard-float -mlittle-endian -mxl-soft-mul" "EXTRA_COMPILER_FLAGS=-ffunction-sections -fdata-sections -Wall -Wextra"
"Compiling bram"
mb-ar: creating ../../../lib/libxil.a
"Running Make libs in microblaze_0/libsrc/cpu_v2_7/src"
C:/Xilinx/SDK/2018.2/gnuwin/bin/make -C microblaze_0/libsrc/cpu_v2_7/src -s libs  "SHELL=CMD" "COMPILER=mb-gcc" "ARCHIVER=mb-ar" "COMPILER_FLAGS=  -O2 -c -mcpu=v10.0 -mhard-float -mlittle-endian -mxl-soft-mul" "EXTRA_COMPILER_FLAGS=-ffunction-sections -fdata-sections -Wall -Wextra"
"Compiling cpu"
"Running Make libs in microblaze_0/libsrc/freertos10_xilinx_v1_1/src"
C:/Xilinx/SDK/2018.2/gnuwin/bin/make -C microblaze_0/libsrc/freertos10_xilinx_v1_1/src -s libs  "SHELL=CMD" "COMPILER=mb-gcc" "ARCHIVER=mb-ar" "COMPILER_FLAGS=  -O2 -c -mcpu=v10.0 -mhard-float -mlittle-endian -mxl-soft-mul" "EXTRA_COMPILER_FLAGS=-ffunction-sections -fdata-sections -Wall -Wextra"
"Compiling standalone";
microblaze_sleep.c: In function 'usleep_MB':
microblaze_sleep.c:106:29: warning: unused parameter 'useconds' [-Wunused-parameter]
 int usleep_MB(unsigned long useconds)
                             ^~~~~~~~
microblaze_sleep.c: In function 'sleep_MB':
microblaze_sleep.c:128:32: warning: unused parameter 'seconds' [-Wunused-parameter]
 unsigned sleep_MB(unsigned int seconds)
                                ^~~~~~~
microblaze_sleep.c: In function 'MB_Sleep':
microblaze_sleep.c:153:19: warning: unused parameter 'MilliSeconds' [-Wunused-parameter]
 void MB_Sleep(u32 MilliSeconds)
                   ^~~~~~~~~~~~
"Compiling FreeRTOS"
mb-ar: creating ../../../lib/libfreertos.a
"Running Make libs in microblaze_0/libsrc/gpio_v4_3/src"
C:/Xilinx/SDK/2018.2/gnuwin/bin/make -C microblaze_0/libsrc/gpio_v4_3/src -s libs  "SHELL=CMD" "COMPILER=mb-gcc" "ARCHIVER=mb-ar" "COMPILER_FLAGS=  -O2 -c -mcpu=v10.0 -mhard-float -mlittle-endian -mxl-soft-mul" "EXTRA_COMPILER_FLAGS=-ffunction-sections -fdata-sections -Wall -Wextra"
"Compiling gpio"
"Running Make libs in microblaze_0/libsrc/intc_v3_7/src"
C:/Xilinx/SDK/2018.2/gnuwin/bin/make -C microblaze_0/libsrc/intc_v3_7/src -s libs  "SHELL=CMD" "COMPILER=mb-gcc" "ARCHIVER=mb-ar" "COMPILER_FLAGS=  -O2 -c -mcpu=v10.0 -mhard-float -mlittle-endian -mxl-soft-mul" "EXTRA_COMPILER_FLAGS=-ffunction-sections -fdata-sections -Wall -Wextra"
"Compiling intc"
"Running Make libs in microblaze_0/libsrc/nexys4IO_v1_0/src"
C:/Xilinx/SDK/2018.2/gnuwin/bin/make -C microblaze_0/libsrc/nexys4IO_v1_0/src -s libs  "SHELL=CMD" "COMPILER=mb-gcc" "ARCHIVER=mb-ar" "COMPILER_FLAGS=  -O2 -c -mcpu=v10.0 -mhard-float -mlittle-endian -mxl-soft-mul" "EXTRA_COMPILER_FLAGS=-ffunction-sections -fdata-sections -Wall -Wextra"
"Compiling nexys4IO..."
"Running Make libs in microblaze_0/libsrc/PmodENC_v1_0/src"
C:/Xilinx/SDK/2018.2/gnuwin/bin/make -C microblaze_0/libsrc/PmodENC_v1_0/src -s libs  "SHELL=CMD" "COMPILER=mb-gcc" "ARCHIVER=mb-ar" "COMPILER_FLAGS=  -O2 -c -mcpu=v10.0 -mhard-float -mlittle-endian -mxl-soft-mul" "EXTRA_COMPILER_FLAGS=-ffunction-sections -fdata-sections -Wall -Wextra"
"Compiling PmodENC..."
"Running Make libs in microblaze_0/libsrc/PmodOLEDrgb_v1_0/src"
C:/Xilinx/SDK/2018.2/gnuwin/bin/make -C microblaze_0/libsrc/PmodOLEDrgb_v1_0/src -s libs  "SHELL=CMD" "COMPILER=mb-gcc" "ARCHIVER=mb-ar" "COMPILER_FLAGS=  -O2 -c -mcpu=v10.0 -mhard-float -mlittle-endian -mxl-soft-mul" "EXTRA_COMPILER_FLAGS=-ffunction-sections -fdata-sections -Wall -Wextra"
"Compiling PmodOLEDrgb..."
PmodOLEDrgb_selftest.c: In function 'PMODOLEDRGB_Reg_SelfTest':
PmodOLEDrgb_selftest.c:52:60: warning: comparison between signed and unsigned integer expressions [-Wsign-compare]
    if ( PMODOLEDRGB_mReadReg (baseaddr, read_loop_index*4) != (read_loop_index+1)*READ_WRITE_MUL_FACTOR){
                                                            ^~
PmodOLEDrgb_selftest.c:36:6: warning: unused variable 'Index' [-Wunused-variable]
  int Index;
      ^~~~~
"Running Make libs in microblaze_0/libsrc/tmrctr_v4_4/src"
C:/Xilinx/SDK/2018.2/gnuwin/bin/make -C microblaze_0/libsrc/tmrctr_v4_4/src -s libs  "SHELL=CMD" "COMPILER=mb-gcc" "ARCHIVER=mb-ar" "COMPILER_FLAGS=  -O2 -c -mcpu=v10.0 -mhard-float -mlittle-endian -mxl-soft-mul" "EXTRA_COMPILER_FLAGS=-ffunction-sections -fdata-sections -Wall -Wextra"
"Compiling tmrctr"
"Running Make libs in microblaze_0/libsrc/uartlite_v3_2/src"
C:/Xilinx/SDK/2018.2/gnuwin/bin/make -C microblaze_0/libsrc/uartlite_v3_2/src -s libs  "SHELL=CMD" "COMPILER=mb-gcc" "ARCHIVER=mb-ar" "COMPILER_FLAGS=  -O2 -c -mcpu=v10.0 -mhard-float -mlittle-endian -mxl-soft-mul" "EXTRA_COMPILER_FLAGS=-ffunction-sections -fdata-sections -Wall -Wextra"
"Compiling uartlite"
"Running Make libs in microblaze_0/libsrc/wdttb_v4_3/src"
C:/Xilinx/SDK/2018.2/gnuwin/bin/make -C microblaze_0/libsrc/wdttb_v4_3/src -s libs  "SHELL=CMD" "COMPILER=mb-gcc" "ARCHIVER=mb-ar" "COMPILER_FLAGS=  -O2 -c -mcpu=v10.0 -mhard-float -mlittle-endian -mxl-soft-mul" "EXTRA_COMPILER_FLAGS=-ffunction-sections -fdata-sections -Wall -Wextra"
"Compiling wdttb"
In file included from xwdttb.h:173:0,
                 from xwdttb.c:87:
xwdttb.c: In function 'XWdtTb_ProgramWDTWidth':
../../../include/xil_assert.h:112:9: warning: 'return' with no value, in function returning non-void
         return;                                    \
         ^
xwdttb.c:1232:2: note: in expansion of macro 'Xil_AssertVoid'
  Xil_AssertVoid(InstancePtr != NULL);
  ^~~~~~~~~~~~~~
xwdttb.c:1229:5: note: declared here
 u32 XWdtTb_ProgramWDTWidth(XWdtTb *InstancePtr, u32 width)
     ^~~~~~~~~~~~~~~~~~~~~~
'Finished building libraries'
22:14:27 **** Build of configuration Debug for project project2 ****
make all 
Building file: ../src/freertos_hello_world.c
Invoking: MicroBlaze gcc compiler
mb-gcc -Wall -O0 -g3 -c -fmessage-length=0 -MT"src/freertos_hello_world.o" -I../../project2_bsp/microblaze_0/include -mlittle-endian -mcpu=v10.0 -mxl-soft-mul -mhard-float -Wl,--no-relax -ffunction-sections -fdata-sections -MMD -MP -MF"src/freertos_hello_world.d" -MT"src/freertos_hello_world.o" -o "src/freertos_hello_world.o" "../src/freertos_hello_world.c"
Finished building: ../src/freertos_hello_world.c
 
Building target: project2.elf
Invoking: MicroBlaze gcc linker
mb-gcc -Wl,-T -Wl,../src/lscript.ld -L../../project2_bsp/microblaze_0/lib -mlittle-endian -mcpu=v10.0 -mxl-soft-mul -mhard-float -Wl,--no-relax -Wl,--gc-sections -o "project2.elf"  ./src/freertos_hello_world.o   -Wl,--start-group,-lxil,-lfreertos,-lgcc,-lc,--end-group
Finished building target: project2.elf
 
Invoking: MicroBlaze Print Size
mb-size project2.elf  |tee "project2.elf.size"
   text	   data	    bss	    dec	    hex	filename
  38884	   1480	  69588	 109952	  1ad80	project2.elf
Finished building: project2.elf.size
 
22:17:09 **** Auto Build of configuration Debug for project project2 ****
make all 
make: Nothing to be done for `all'.
22:19:26 **** Build of project freertos10_xilinx_bsp_0 ****
make -k all 
"Running Make include in microblaze_0/libsrc/bram_v4_2/src"
C:/Xilinx/SDK/2018.2/gnuwin/bin/make -C microblaze_0/libsrc/bram_v4_2/src -s include  "SHELL=CMD" "COMPILER=mb-gcc" "ARCHIVER=mb-ar" "COMPILER_FLAGS=  -O2 -c -mcpu=v10.0 -mhard-float -mlittle-endian -mxl-soft-mul" "EXTRA_COMPILER_FLAGS=-ffunction-sections -fdata-sections -Wall -Wextra"
"Running Make include in microblaze_0/libsrc/cpu_v2_7/src"
C:/Xilinx/SDK/2018.2/gnuwin/bin/make -C microblaze_0/libsrc/cpu_v2_7/src -s include  "SHELL=CMD" "COMPILER=mb-gcc" "ARCHIVER=mb-ar" "COMPILER_FLAGS=  -O2 -c -mcpu=v10.0 -mhard-float -mlittle-endian -mxl-soft-mul" "EXTRA_COMPILER_FLAGS=-ffunction-sections -fdata-sections -Wall -Wextra"
"Running Make include in microblaze_0/libsrc/freertos10_xilinx_v1_1/src"
C:/Xilinx/SDK/2018.2/gnuwin/bin/make -C microblaze_0/libsrc/freertos10_xilinx_v1_1/src -s include  "SHELL=CMD" "COMPILER=mb-gcc" "ARCHIVER=mb-ar" "COMPILER_FLAGS=  -O2 -c -mcpu=v10.0 -mhard-float -mlittle-endian -mxl-soft-mul" "EXTRA_COMPILER_FLAGS=-ffunction-sections -fdata-sections -Wall -Wextra"
"include"
"Running Make include in microblaze_0/libsrc/gpio_v4_3/src"
C:/Xilinx/SDK/2018.2/gnuwin/bin/make -C microblaze_0/libsrc/gpio_v4_3/src -s include  "SHELL=CMD" "COMPILER=mb-gcc" "ARCHIVER=mb-ar" "COMPILER_FLAGS=  -O2 -c -mcpu=v10.0 -mhard-float -mlittle-endian -mxl-soft-mul" "EXTRA_COMPILER_FLAGS=-ffunction-sections -fdata-sections -Wall -Wextra"
"Running Make include in microblaze_0/libsrc/intc_v3_7/src"
C:/Xilinx/SDK/2018.2/gnuwin/bin/make -C microblaze_0/libsrc/intc_v3_7/src -s include  "SHELL=CMD" "COMPILER=mb-gcc" "ARCHIVER=mb-ar" "COMPILER_FLAGS=  -O2 -c -mcpu=v10.0 -mhard-float -mlittle-endian -mxl-soft-mul" "EXTRA_COMPILER_FLAGS=-ffunction-sections -fdata-sections -Wall -Wextra"
"Running Make include in microblaze_0/libsrc/nexys4IO_v1_0/src"
C:/Xilinx/SDK/2018.2/gnuwin/bin/make -C microblaze_0/libsrc/nexys4IO_v1_0/src -s include  "SHELL=CMD" "COMPILER=mb-gcc" "ARCHIVER=mb-ar" "COMPILER_FLAGS=  -O2 -c -mcpu=v10.0 -mhard-float -mlittle-endian -mxl-soft-mul" "EXTRA_COMPILER_FLAGS=-ffunction-sections -fdata-sections -Wall -Wextra"
"Running Make include in microblaze_0/libsrc/PmodENC_v1_0/src"
C:/Xilinx/SDK/2018.2/gnuwin/bin/make -C microblaze_0/libsrc/PmodENC_v1_0/src -s include  "SHELL=CMD" "COMPILER=mb-gcc" "ARCHIVER=mb-ar" "COMPILER_FLAGS=  -O2 -c -mcpu=v10.0 -mhard-float -mlittle-endian -mxl-soft-mul" "EXTRA_COMPILER_FLAGS=-ffunction-sections -fdata-sections -Wall -Wextra"
"Running Make include in microblaze_0/libsrc/PmodOLEDrgb_v1_0/src"
C:/Xilinx/SDK/2018.2/gnuwin/bin/make -C microblaze_0/libsrc/PmodOLEDrgb_v1_0/src -s include  "SHELL=CMD" "COMPILER=mb-gcc" "ARCHIVER=mb-ar" "COMPILER_FLAGS=  -O2 -c -mcpu=v10.0 -mhard-float -mlittle-endian -mxl-soft-mul" "EXTRA_COMPILER_FLAGS=-ffunction-sections -fdata-sections -Wall -Wextra"
"Running Make include in microblaze_0/libsrc/tmrctr_v4_4/src"
C:/Xilinx/SDK/2018.2/gnuwin/bin/make -C microblaze_0/libsrc/tmrctr_v4_4/src -s include  "SHELL=CMD" "COMPILER=mb-gcc" "ARCHIVER=mb-ar" "COMPILER_FLAGS=  -O2 -c -mcpu=v10.0 -mhard-float -mlittle-endian -mxl-soft-mul" "EXTRA_COMPILER_FLAGS=-ffunction-sections -fdata-sections -Wall -Wextra"
"Running Make include in microblaze_0/libsrc/uartlite_v3_2/src"
C:/Xilinx/SDK/2018.2/gnuwin/bin/make -C microblaze_0/libsrc/uartlite_v3_2/src -s include  "SHELL=CMD" "COMPILER=mb-gcc" "ARCHIVER=mb-ar" "COMPILER_FLAGS=  -O2 -c -mcpu=v10.0 -mhard-float -mlittle-endian -mxl-soft-mul" "EXTRA_COMPILER_FLAGS=-ffunction-sections -fdata-sections -Wall -Wextra"
"Running Make include in microblaze_0/libsrc/wdttb_v4_3/src"
C:/Xilinx/SDK/2018.2/gnuwin/bin/make -C microblaze_0/libsrc/wdttb_v4_3/src -s include  "SHELL=CMD" "COMPILER=mb-gcc" "ARCHIVER=mb-ar" "COMPILER_FLAGS=  -O2 -c -mcpu=v10.0 -mhard-float -mlittle-endian -mxl-soft-mul" "EXTRA_COMPILER_FLAGS=-ffunction-sections -fdata-sections -Wall -Wextra"
"Running Make libs in microblaze_0/libsrc/bram_v4_2/src"
C:/Xilinx/SDK/2018.2/gnuwin/bin/make -C microblaze_0/libsrc/bram_v4_2/src -s libs  "SHELL=CMD" "COMPILER=mb-gcc" "ARCHIVER=mb-ar" "COMPILER_FLAGS=  -O2 -c -mcpu=v10.0 -mhard-float -mlittle-endian -mxl-soft-mul" "EXTRA_COMPILER_FLAGS=-ffunction-sections -fdata-sections -Wall -Wextra"
"Compiling bram"
mb-ar: creating ../../../lib/libxil.a
"Running Make libs in microblaze_0/libsrc/cpu_v2_7/src"
C:/Xilinx/SDK/2018.2/gnuwin/bin/make -C microblaze_0/libsrc/cpu_v2_7/src -s libs  "SHELL=CMD" "COMPILER=mb-gcc" "ARCHIVER=mb-ar" "COMPILER_FLAGS=  -O2 -c -mcpu=v10.0 -mhard-float -mlittle-endian -mxl-soft-mul" "EXTRA_COMPILER_FLAGS=-ffunction-sections -fdata-sections -Wall -Wextra"
"Compiling cpu"
"Running Make libs in microblaze_0/libsrc/freertos10_xilinx_v1_1/src"
C:/Xilinx/SDK/2018.2/gnuwin/bin/make -C microblaze_0/libsrc/freertos10_xilinx_v1_1/src -s libs  "SHELL=CMD" "COMPILER=mb-gcc" "ARCHIVER=mb-ar" "COMPILER_FLAGS=  -O2 -c -mcpu=v10.0 -mhard-float -mlittle-endian -mxl-soft-mul" "EXTRA_COMPILER_FLAGS=-ffunction-sections -fdata-sections -Wall -Wextra"
"Compiling standalone";
microblaze_sleep.c: In function 'usleep_MB':
microblaze_sleep.c:106:29: warning: unused parameter 'useconds' [-Wunused-parameter]
 int usleep_MB(unsigned long useconds)
                             ^~~~~~~~
microblaze_sleep.c: In function 'sleep_MB':
microblaze_sleep.c:128:32: warning: unused parameter 'seconds' [-Wunused-parameter]
 unsigned sleep_MB(unsigned int seconds)
                                ^~~~~~~
microblaze_sleep.c: In function 'MB_Sleep':
microblaze_sleep.c:153:19: warning: unused parameter 'MilliSeconds' [-Wunused-parameter]
 void MB_Sleep(u32 MilliSeconds)
                   ^~~~~~~~~~~~
"Compiling FreeRTOS"
mb-ar: creating ../../../lib/libfreertos.a
"Running Make libs in microblaze_0/libsrc/gpio_v4_3/src"
C:/Xilinx/SDK/2018.2/gnuwin/bin/make -C microblaze_0/libsrc/gpio_v4_3/src -s libs  "SHELL=CMD" "COMPILER=mb-gcc" "ARCHIVER=mb-ar" "COMPILER_FLAGS=  -O2 -c -mcpu=v10.0 -mhard-float -mlittle-endian -mxl-soft-mul" "EXTRA_COMPILER_FLAGS=-ffunction-sections -fdata-sections -Wall -Wextra"
"Compiling gpio"
"Running Make libs in microblaze_0/libsrc/intc_v3_7/src"
C:/Xilinx/SDK/2018.2/gnuwin/bin/make -C microblaze_0/libsrc/intc_v3_7/src -s libs  "SHELL=CMD" "COMPILER=mb-gcc" "ARCHIVER=mb-ar" "COMPILER_FLAGS=  -O2 -c -mcpu=v10.0 -mhard-float -mlittle-endian -mxl-soft-mul" "EXTRA_COMPILER_FLAGS=-ffunction-sections -fdata-sections -Wall -Wextra"
"Compiling intc"
"Running Make libs in microblaze_0/libsrc/nexys4IO_v1_0/src"
C:/Xilinx/SDK/2018.2/gnuwin/bin/make -C microblaze_0/libsrc/nexys4IO_v1_0/src -s libs  "SHELL=CMD" "COMPILER=mb-gcc" "ARCHIVER=mb-ar" "COMPILER_FLAGS=  -O2 -c -mcpu=v10.0 -mhard-float -mlittle-endian -mxl-soft-mul" "EXTRA_COMPILER_FLAGS=-ffunction-sections -fdata-sections -Wall -Wextra"
"Compiling nexys4IO..."
"Running Make libs in microblaze_0/libsrc/PmodENC_v1_0/src"
C:/Xilinx/SDK/2018.2/gnuwin/bin/make -C microblaze_0/libsrc/PmodENC_v1_0/src -s libs  "SHELL=CMD" "COMPILER=mb-gcc" "ARCHIVER=mb-ar" "COMPILER_FLAGS=  -O2 -c -mcpu=v10.0 -mhard-float -mlittle-endian -mxl-soft-mul" "EXTRA_COMPILER_FLAGS=-ffunction-sections -fdata-sections -Wall -Wextra"
"Compiling PmodENC..."
"Running Make libs in microblaze_0/libsrc/PmodOLEDrgb_v1_0/src"
C:/Xilinx/SDK/2018.2/gnuwin/bin/make -C microblaze_0/libsrc/PmodOLEDrgb_v1_0/src -s libs  "SHELL=CMD" "COMPILER=mb-gcc" "ARCHIVER=mb-ar" "COMPILER_FLAGS=  -O2 -c -mcpu=v10.0 -mhard-float -mlittle-endian -mxl-soft-mul" "EXTRA_COMPILER_FLAGS=-ffunction-sections -fdata-sections -Wall -Wextra"
"Compiling PmodOLEDrgb..."
PmodOLEDrgb_selftest.c: In function 'PMODOLEDRGB_Reg_SelfTest':
PmodOLEDrgb_selftest.c:52:60: warning: comparison between signed and unsigned integer expressions [-Wsign-compare]
    if ( PMODOLEDRGB_mReadReg (baseaddr, read_loop_index*4) != (read_loop_index+1)*READ_WRITE_MUL_FACTOR){
                                                            ^~
PmodOLEDrgb_selftest.c:36:6: warning: unused variable 'Index' [-Wunused-variable]
  int Index;
      ^~~~~
"Running Make libs in microblaze_0/libsrc/tmrctr_v4_4/src"
C:/Xilinx/SDK/2018.2/gnuwin/bin/make -C microblaze_0/libsrc/tmrctr_v4_4/src -s libs  "SHELL=CMD" "COMPILER=mb-gcc" "ARCHIVER=mb-ar" "COMPILER_FLAGS=  -O2 -c -mcpu=v10.0 -mhard-float -mlittle-endian -mxl-soft-mul" "EXTRA_COMPILER_FLAGS=-ffunction-sections -fdata-sections -Wall -Wextra"
"Compiling tmrctr"
"Running Make libs in microblaze_0/libsrc/uartlite_v3_2/src"
C:/Xilinx/SDK/2018.2/gnuwin/bin/make -C microblaze_0/libsrc/uartlite_v3_2/src -s libs  "SHELL=CMD" "COMPILER=mb-gcc" "ARCHIVER=mb-ar" "COMPILER_FLAGS=  -O2 -c -mcpu=v10.0 -mhard-float -mlittle-endian -mxl-soft-mul" "EXTRA_COMPILER_FLAGS=-ffunction-sections -fdata-sections -Wall -Wextra"
"Compiling uartlite"
"Running Make libs in microblaze_0/libsrc/wdttb_v4_3/src"
C:/Xilinx/SDK/2018.2/gnuwin/bin/make -C microblaze_0/libsrc/wdttb_v4_3/src -s libs  "SHELL=CMD" "COMPILER=mb-gcc" "ARCHIVER=mb-ar" "COMPILER_FLAGS=  -O2 -c -mcpu=v10.0 -mhard-float -mlittle-endian -mxl-soft-mul" "EXTRA_COMPILER_FLAGS=-ffunction-sections -fdata-sections -Wall -Wextra"
"Compiling wdttb"
In file included from xwdttb.h:173:0,
                 from xwdttb.c:87:
xwdttb.c: In function 'XWdtTb_ProgramWDTWidth':
../../../include/xil_assert.h:112:9: warning: 'return' with no value, in function returning non-void
         return;                                    \
         ^
xwdttb.c:1232:2: note: in expansion of macro 'Xil_AssertVoid'
  Xil_AssertVoid(InstancePtr != NULL);
  ^~~~~~~~~~~~~~
xwdttb.c:1229:5: note: declared here
 u32 XWdtTb_ProgramWDTWidth(XWdtTb *InstancePtr, u32 width)
     ^~~~~~~~~~~~~~~~~~~~~~
'Finished building libraries'
22:21:09 **** Auto Build of project freertos10_xilinx_bsp_0 ****
make -k all 
"Running Make include in microblaze_0/libsrc/bram_v4_2/src"
C:/Xilinx/SDK/2018.2/gnuwin/bin/make -C microblaze_0/libsrc/bram_v4_2/src -s include  "SHELL=CMD" "COMPILER=mb-gcc" "ARCHIVER=mb-ar" "COMPILER_FLAGS=  -O2 -c -mcpu=v10.0 -mhard-float -mlittle-endian -mxl-soft-mul" "EXTRA_COMPILER_FLAGS=-ffunction-sections -fdata-sections -Wall -Wextra"
"Running Make include in microblaze_0/libsrc/cpu_v2_7/src"
C:/Xilinx/SDK/2018.2/gnuwin/bin/make -C microblaze_0/libsrc/cpu_v2_7/src -s include  "SHELL=CMD" "COMPILER=mb-gcc" "ARCHIVER=mb-ar" "COMPILER_FLAGS=  -O2 -c -mcpu=v10.0 -mhard-float -mlittle-endian -mxl-soft-mul" "EXTRA_COMPILER_FLAGS=-ffunction-sections -fdata-sections -Wall -Wextra"
"Running Make include in microblaze_0/libsrc/freertos10_xilinx_v1_1/src"
C:/Xilinx/SDK/2018.2/gnuwin/bin/make -C microblaze_0/libsrc/freertos10_xilinx_v1_1/src -s include  "SHELL=CMD" "COMPILER=mb-gcc" "ARCHIVER=mb-ar" "COMPILER_FLAGS=  -O2 -c -mcpu=v10.0 -mhard-float -mlittle-endian -mxl-soft-mul" "EXTRA_COMPILER_FLAGS=-ffunction-sections -fdata-sections -Wall -Wextra"
"include"
"Running Make include in microblaze_0/libsrc/gpio_v4_3/src"
C:/Xilinx/SDK/2018.2/gnuwin/bin/make -C microblaze_0/libsrc/gpio_v4_3/src -s include  "SHELL=CMD" "COMPILER=mb-gcc" "ARCHIVER=mb-ar" "COMPILER_FLAGS=  -O2 -c -mcpu=v10.0 -mhard-float -mlittle-endian -mxl-soft-mul" "EXTRA_COMPILER_FLAGS=-ffunction-sections -fdata-sections -Wall -Wextra"
"Running Make include in microblaze_0/libsrc/intc_v3_7/src"
C:/Xilinx/SDK/2018.2/gnuwin/bin/make -C microblaze_0/libsrc/intc_v3_7/src -s include  "SHELL=CMD" "COMPILER=mb-gcc" "ARCHIVER=mb-ar" "COMPILER_FLAGS=  -O2 -c -mcpu=v10.0 -mhard-float -mlittle-endian -mxl-soft-mul" "EXTRA_COMPILER_FLAGS=-ffunction-sections -fdata-sections -Wall -Wextra"
"Running Make include in microblaze_0/libsrc/nexys4IO_v1_0/src"
C:/Xilinx/SDK/2018.2/gnuwin/bin/make -C microblaze_0/libsrc/nexys4IO_v1_0/src -s include  "SHELL=CMD" "COMPILER=mb-gcc" "ARCHIVER=mb-ar" "COMPILER_FLAGS=  -O2 -c -mcpu=v10.0 -mhard-float -mlittle-endian -mxl-soft-mul" "EXTRA_COMPILER_FLAGS=-ffunction-sections -fdata-sections -Wall -Wextra"
"Running Make include in microblaze_0/libsrc/PmodENC_v1_0/src"
C:/Xilinx/SDK/2018.2/gnuwin/bin/make -C microblaze_0/libsrc/PmodENC_v1_0/src -s include  "SHELL=CMD" "COMPILER=mb-gcc" "ARCHIVER=mb-ar" "COMPILER_FLAGS=  -O2 -c -mcpu=v10.0 -mhard-float -mlittle-endian -mxl-soft-mul" "EXTRA_COMPILER_FLAGS=-ffunction-sections -fdata-sections -Wall -Wextra"
"Running Make include in microblaze_0/libsrc/PmodOLEDrgb_v1_0/src"
C:/Xilinx/SDK/2018.2/gnuwin/bin/make -C microblaze_0/libsrc/PmodOLEDrgb_v1_0/src -s include  "SHELL=CMD" "COMPILER=mb-gcc" "ARCHIVER=mb-ar" "COMPILER_FLAGS=  -O2 -c -mcpu=v10.0 -mhard-float -mlittle-endian -mxl-soft-mul" "EXTRA_COMPILER_FLAGS=-ffunction-sections -fdata-sections -Wall -Wextra"
"Running Make include in microblaze_0/libsrc/tmrctr_v4_4/src"
C:/Xilinx/SDK/2018.2/gnuwin/bin/make -C microblaze_0/libsrc/tmrctr_v4_4/src -s include  "SHELL=CMD" "COMPILER=mb-gcc" "ARCHIVER=mb-ar" "COMPILER_FLAGS=  -O2 -c -mcpu=v10.0 -mhard-float -mlittle-endian -mxl-soft-mul" "EXTRA_COMPILER_FLAGS=-ffunction-sections -fdata-sections -Wall -Wextra"
"Running Make include in microblaze_0/libsrc/uartlite_v3_2/src"
C:/Xilinx/SDK/2018.2/gnuwin/bin/make -C microblaze_0/libsrc/uartlite_v3_2/src -s include  "SHELL=CMD" "COMPILER=mb-gcc" "ARCHIVER=mb-ar" "COMPILER_FLAGS=  -O2 -c -mcpu=v10.0 -mhard-float -mlittle-endian -mxl-soft-mul" "EXTRA_COMPILER_FLAGS=-ffunction-sections -fdata-sections -Wall -Wextra"
"Running Make include in microblaze_0/libsrc/wdttb_v4_3/src"
C:/Xilinx/SDK/2018.2/gnuwin/bin/make -C microblaze_0/libsrc/wdttb_v4_3/src -s include  "SHELL=CMD" "COMPILER=mb-gcc" "ARCHIVER=mb-ar" "COMPILER_FLAGS=  -O2 -c -mcpu=v10.0 -mhard-float -mlittle-endian -mxl-soft-mul" "EXTRA_COMPILER_FLAGS=-ffunction-sections -fdata-sections -Wall -Wextra"
"Running Make libs in microblaze_0/libsrc/bram_v4_2/src"
C:/Xilinx/SDK/2018.2/gnuwin/bin/make -C microblaze_0/libsrc/bram_v4_2/src -s libs  "SHELL=CMD" "COMPILER=mb-gcc" "ARCHIVER=mb-ar" "COMPILER_FLAGS=  -O2 -c -mcpu=v10.0 -mhard-float -mlittle-endian -mxl-soft-mul" "EXTRA_COMPILER_FLAGS=-ffunction-sections -fdata-sections -Wall -Wextra"
"Compiling bram"
"Running Make libs in microblaze_0/libsrc/cpu_v2_7/src"
C:/Xilinx/SDK/2018.2/gnuwin/bin/make -C microblaze_0/libsrc/cpu_v2_7/src -s libs  "SHELL=CMD" "COMPILER=mb-gcc" "ARCHIVER=mb-ar" "COMPILER_FLAGS=  -O2 -c -mcpu=v10.0 -mhard-float -mlittle-endian -mxl-soft-mul" "EXTRA_COMPILER_FLAGS=-ffunction-sections -fdata-sections -Wall -Wextra"
"Compiling cpu"
"Running Make libs in microblaze_0/libsrc/freertos10_xilinx_v1_1/src"
C:/Xilinx/SDK/2018.2/gnuwin/bin/make -C microblaze_0/libsrc/freertos10_xilinx_v1_1/src -s libs  "SHELL=CMD" "COMPILER=mb-gcc" "ARCHIVER=mb-ar" "COMPILER_FLAGS=  -O2 -c -mcpu=v10.0 -mhard-float -mlittle-endian -mxl-soft-mul" "EXTRA_COMPILER_FLAGS=-ffunction-sections -fdata-sections -Wall -Wextra"
"Compiling standalone";
microblaze_sleep.c: In function 'usleep_MB':
microblaze_sleep.c:106:29: warning: unused parameter 'useconds' [-Wunused-parameter]
 int usleep_MB(unsigned long useconds)
                             ^~~~~~~~
microblaze_sleep.c: In function 'sleep_MB':
microblaze_sleep.c:128:32: warning: unused parameter 'seconds' [-Wunused-parameter]
 unsigned sleep_MB(unsigned int seconds)
                                ^~~~~~~
microblaze_sleep.c: In function 'MB_Sleep':
microblaze_sleep.c:153:19: warning: unused parameter 'MilliSeconds' [-Wunused-parameter]
 void MB_Sleep(u32 MilliSeconds)
                   ^~~~~~~~~~~~
"Compiling FreeRTOS"
"Running Make libs in microblaze_0/libsrc/gpio_v4_3/src"
C:/Xilinx/SDK/2018.2/gnuwin/bin/make -C microblaze_0/libsrc/gpio_v4_3/src -s libs  "SHELL=CMD" "COMPILER=mb-gcc" "ARCHIVER=mb-ar" "COMPILER_FLAGS=  -O2 -c -mcpu=v10.0 -mhard-float -mlittle-endian -mxl-soft-mul" "EXTRA_COMPILER_FLAGS=-ffunction-sections -fdata-sections -Wall -Wextra"
"Compiling gpio"
"Running Make libs in microblaze_0/libsrc/intc_v3_7/src"
C:/Xilinx/SDK/2018.2/gnuwin/bin/make -C microblaze_0/libsrc/intc_v3_7/src -s libs  "SHELL=CMD" "COMPILER=mb-gcc" "ARCHIVER=mb-ar" "COMPILER_FLAGS=  -O2 -c -mcpu=v10.0 -mhard-float -mlittle-endian -mxl-soft-mul" "EXTRA_COMPILER_FLAGS=-ffunction-sections -fdata-sections -Wall -Wextra"
"Compiling intc"
"Running Make libs in microblaze_0/libsrc/nexys4IO_v1_0/src"
C:/Xilinx/SDK/2018.2/gnuwin/bin/make -C microblaze_0/libsrc/nexys4IO_v1_0/src -s libs  "SHELL=CMD" "COMPILER=mb-gcc" "ARCHIVER=mb-ar" "COMPILER_FLAGS=  -O2 -c -mcpu=v10.0 -mhard-float -mlittle-endian -mxl-soft-mul" "EXTRA_COMPILER_FLAGS=-ffunction-sections -fdata-sections -Wall -Wextra"
"Compiling nexys4IO..."
"Running Make libs in microblaze_0/libsrc/PmodENC_v1_0/src"
C:/Xilinx/SDK/2018.2/gnuwin/bin/make -C microblaze_0/libsrc/PmodENC_v1_0/src -s libs  "SHELL=CMD" "COMPILER=mb-gcc" "ARCHIVER=mb-ar" "COMPILER_FLAGS=  -O2 -c -mcpu=v10.0 -mhard-float -mlittle-endian -mxl-soft-mul" "EXTRA_COMPILER_FLAGS=-ffunction-sections -fdata-sections -Wall -Wextra"
"Compiling PmodENC..."
"Running Make libs in microblaze_0/libsrc/PmodOLEDrgb_v1_0/src"
C:/Xilinx/SDK/2018.2/gnuwin/bin/make -C microblaze_0/libsrc/PmodOLEDrgb_v1_0/src -s libs  "SHELL=CMD" "COMPILER=mb-gcc" "ARCHIVER=mb-ar" "COMPILER_FLAGS=  -O2 -c -mcpu=v10.0 -mhard-float -mlittle-endian -mxl-soft-mul" "EXTRA_COMPILER_FLAGS=-ffunction-sections -fdata-sections -Wall -Wextra"
"Compiling PmodOLEDrgb..."
PmodOLEDrgb_selftest.c: In function 'PMODOLEDRGB_Reg_SelfTest':
PmodOLEDrgb_selftest.c:52:60: warning: comparison between signed and unsigned integer expressions [-Wsign-compare]
    if ( PMODOLEDRGB_mReadReg (baseaddr, read_loop_index*4) != (read_loop_index+1)*READ_WRITE_MUL_FACTOR){
                                                            ^~
PmodOLEDrgb_selftest.c:36:6: warning: unused variable 'Index' [-Wunused-variable]
  int Index;
      ^~~~~
"Running Make libs in microblaze_0/libsrc/tmrctr_v4_4/src"
C:/Xilinx/SDK/2018.2/gnuwin/bin/make -C microblaze_0/libsrc/tmrctr_v4_4/src -s libs  "SHELL=CMD" "COMPILER=mb-gcc" "ARCHIVER=mb-ar" "COMPILER_FLAGS=  -O2 -c -mcpu=v10.0 -mhard-float -mlittle-endian -mxl-soft-mul" "EXTRA_COMPILER_FLAGS=-ffunction-sections -fdata-sections -Wall -Wextra"
"Compiling tmrctr"
"Running Make libs in microblaze_0/libsrc/uartlite_v3_2/src"
C:/Xilinx/SDK/2018.2/gnuwin/bin/make -C microblaze_0/libsrc/uartlite_v3_2/src -s libs  "SHELL=CMD" "COMPILER=mb-gcc" "ARCHIVER=mb-ar" "COMPILER_FLAGS=  -O2 -c -mcpu=v10.0 -mhard-float -mlittle-endian -mxl-soft-mul" "EXTRA_COMPILER_FLAGS=-ffunction-sections -fdata-sections -Wall -Wextra"
"Compiling uartlite"
"Running Make libs in microblaze_0/libsrc/wdttb_v4_3/src"
C:/Xilinx/SDK/2018.2/gnuwin/bin/make -C microblaze_0/libsrc/wdttb_v4_3/src -s libs  "SHELL=CMD" "COMPILER=mb-gcc" "ARCHIVER=mb-ar" "COMPILER_FLAGS=  -O2 -c -mcpu=v10.0 -mhard-float -mlittle-endian -mxl-soft-mul" "EXTRA_COMPILER_FLAGS=-ffunction-sections -fdata-sections -Wall -Wextra"
"Compiling wdttb"
In file included from xwdttb.h:173:0,
                 from xwdttb.c:87:
xwdttb.c: In function 'XWdtTb_ProgramWDTWidth':
../../../include/xil_assert.h:112:9: warning: 'return' with no value, in function returning non-void
         return;                                    \
         ^
xwdttb.c:1232:2: note: in expansion of macro 'Xil_AssertVoid'
  Xil_AssertVoid(InstancePtr != NULL);
  ^~~~~~~~~~~~~~
xwdttb.c:1229:5: note: declared here
 u32 XWdtTb_ProgramWDTWidth(XWdtTb *InstancePtr, u32 width)
     ^~~~~~~~~~~~~~~~~~~~~~
'Finished building libraries'
22:22:41 **** Build of configuration Debug for project project2 ****
make all 
Building file: ../src/freertos_hello_world.c
Invoking: MicroBlaze gcc compiler
mb-gcc -Wall -O0 -g3 -c -fmessage-length=0 -MT"src/freertos_hello_world.o" -I../../freertos10_xilinx_bsp_0/microblaze_0/include -mlittle-endian -mcpu=v10.0 -mxl-soft-mul -mhard-float -Wl,--no-relax -ffunction-sections -fdata-sections -MMD -MP -MF"src/freertos_hello_world.d" -MT"src/freertos_hello_world.o" -o "src/freertos_hello_world.o" "../src/freertos_hello_world.c"
Finished building: ../src/freertos_hello_world.c
 
Building target: project2.elf
Invoking: MicroBlaze gcc linker
mb-gcc -Wl,-T -Wl,../src/lscript.ld -L../../freertos10_xilinx_bsp_0/microblaze_0/lib -mlittle-endian -mcpu=v10.0 -mxl-soft-mul -mhard-float -Wl,--no-relax -Wl,--gc-sections -o "project2.elf"  ./src/freertos_hello_world.o   -Wl,--start-group,-lxil,-lfreertos,-lgcc,-lc,--end-group
Finished building target: project2.elf
 
Invoking: MicroBlaze Print Size
mb-size project2.elf  |tee "project2.elf.size"
   text	   data	    bss	    dec	    hex	filename
  38884	   1480	  69588	 109952	  1ad80	project2.elf
Finished building: project2.elf.size
 
22:27:16 **** Clean-only build of configuration Debug for project project2 ****
make clean 
rm -rf  ./src/freertos_hello_world.o  ./src/freertos_hello_world.d  project2.elf.size  project2.elf
 
22:27:17 **** Auto Build of configuration Debug for project project2 ****
make all 
Building file: ../src/freertos_hello_world.c
Invoking: MicroBlaze gcc compiler
mb-gcc -Wall -O0 -g3 -c -fmessage-length=0 -MT"src/freertos_hello_world.o" -I../../freertos10_xilinx_bsp_0/microblaze_0/include -mlittle-endian -mcpu=v10.0 -mxl-soft-mul -mhard-float -Wl,--no-relax -ffunction-sections -fdata-sections -MMD -MP -MF"src/freertos_hello_world.d" -MT"src/freertos_hello_world.o" -o "src/freertos_hello_world.o" "../src/freertos_hello_world.c"
Finished building: ../src/freertos_hello_world.c
 
Building target: project2.elf
Invoking: MicroBlaze gcc linker
mb-gcc -Wl,-T -Wl,../src/lscript.ld -L../../freertos10_xilinx_bsp_0/microblaze_0/lib -mlittle-endian -mcpu=v10.0 -mxl-soft-mul -mhard-float -Wl,--no-relax -Wl,--gc-sections -o "project2.elf"  ./src/freertos_hello_world.o   -Wl,--start-group,-lxil,-lfreertos,-lgcc,-lc,--end-group
Finished building target: project2.elf
 
Invoking: MicroBlaze Print Size
mb-size project2.elf  |tee "project2.elf.size"
   text	   data	    bss	    dec	    hex	filename
  38884	   1480	  68564	 108928	  1a980	project2.elf
Finished building: project2.elf.size
 
22:29:47 **** Auto Build of configuration Debug for project project2 ****
make all 
make: Nothing to be done for `all'.
22:30:06 **** Clean-only build of configuration Debug for project project2 ****
make clean 
rm -rf  ./src/FreeRTOS\ Getting\ Started/FreeRTOS_Example.o  ./src/freertos_hello_world.o  ./src/FreeRTOS\ Getting\ Started/FreeRTOS_Example.d  ./src/freertos_hello_world.d  project2.elf.size  project2.elf
 
22:30:10 **** Auto Build of configuration Debug for project project2 ****
make all 
Building file: ../src/FreeRTOS Getting Started/FreeRTOS_Example.c
Invoking: MicroBlaze gcc compiler
mb-gcc -Wall -O0 -g3 -c -fmessage-length=0 -MT"src/FreeRTOS Getting Started/FreeRTOS_Example.o" -I../../freertos10_xilinx_bsp_0/microblaze_0/include -mlittle-endian -mcpu=v10.0 -mxl-soft-mul -mhard-float -Wl,--no-relax -ffunction-sections -fdata-sections -MMD -MP -MF"src/FreeRTOS Getting Started/FreeRTOS_Example.d" -MT"src/FreeRTOS\ Getting\ Started/FreeRTOS_Example.d" -o "src/FreeRTOS Getting Started/FreeRTOS_Example.o" "../src/FreeRTOS Getting Started/FreeRTOS_Example.c"
Finished building: ../src/FreeRTOS Getting Started/FreeRTOS_Example.c
 
Building target: project2.elf
Invoking: MicroBlaze gcc linker
mb-gcc -Wl,-T -Wl,../src/lscript.ld -L../../freertos10_xilinx_bsp_0/microblaze_0/lib -mlittle-endian -mcpu=v10.0 -mxl-soft-mul -mhard-float -Wl,--no-relax -Wl,--gc-sections -o "project2.elf"  ./src/FreeRTOS\ Getting\ Started/FreeRTOS_Example.o   -Wl,--start-group,-lxil,-lfreertos,-lgcc,-lc,--end-group
Finished building target: project2.elf
 
Invoking: MicroBlaze Print Size
mb-size project2.elf  |tee "project2.elf.size"
   text	   data	    bss	    dec	    hex	filename
  42444	   1496	  68580	 112520	  1b788	project2.elf
Finished building: project2.elf.size
 
22:30:16 **** Clean-only build of configuration Debug for project project2 ****
make clean 
rm -rf  ./src/FreeRTOS\ Getting\ Started/FreeRTOS_Example.o  ./src/FreeRTOS\ Getting\ Started/FreeRTOS_Example.d  project2.elf.size  project2.elf
 
22:30:17 **** Auto Build of configuration Debug for project project2 ****
make all 
Building file: ../src/FreeRTOS Getting Started/FreeRTOS_Example.c
Invoking: MicroBlaze gcc compiler
mb-gcc -Wall -O0 -g3 -c -fmessage-length=0 -MT"src/FreeRTOS Getting Started/FreeRTOS_Example.o" -I../../freertos10_xilinx_bsp_0/microblaze_0/include -mlittle-endian -mcpu=v10.0 -mxl-soft-mul -mhard-float -Wl,--no-relax -ffunction-sections -fdata-sections -MMD -MP -MF"src/FreeRTOS Getting Started/FreeRTOS_Example.d" -MT"src/FreeRTOS\ Getting\ Started/FreeRTOS_Example.d" -o "src/FreeRTOS Getting Started/FreeRTOS_Example.o" "../src/FreeRTOS Getting Started/FreeRTOS_Example.c"
Finished building: ../src/FreeRTOS Getting Started/FreeRTOS_Example.c
 
Building target: project2.elf
Invoking: MicroBlaze gcc linker
mb-gcc -Wl,-T -Wl,../src/lscript.ld -L../../freertos10_xilinx_bsp_0/microblaze_0/lib -mlittle-endian -mcpu=v10.0 -mxl-soft-mul -mhard-float -Wl,--no-relax -Wl,--gc-sections -o "project2.elf"  ./src/FreeRTOS\ Getting\ Started/FreeRTOS_Example.o   -Wl,--start-group,-lxil,-lfreertos,-lgcc,-lc,--end-group
Finished building target: project2.elf
 
Invoking: MicroBlaze Print Size
mb-size project2.elf  |tee "project2.elf.size"
   text	   data	    bss	    dec	    hex	filename
  42444	   1496	  68580	 112520	  1b788	project2.elf
Finished building: project2.elf.size
 
22:30:35 **** Incremental Build of configuration Debug for project project2 ****
make all 
make: Nothing to be done for `all'.
22:33:06 **** Incremental Build of configuration Debug for project project2 ****
make all 
make: Nothing to be done for `all'.
22:38:52 **** Auto Build of project freertos10_xilinx_bsp_0 ****
make -k all 
"Running Make include in microblaze_0/libsrc/bram_v4_2/src"
C:/Xilinx/SDK/2018.2/gnuwin/bin/make -C microblaze_0/libsrc/bram_v4_2/src -s include  "SHELL=CMD" "COMPILER=mb-gcc" "ARCHIVER=mb-ar" "COMPILER_FLAGS=  -O2 -c -mcpu=v10.0 -mhard-float -mlittle-endian -mxl-soft-mul" "EXTRA_COMPILER_FLAGS=-ffunction-sections -fdata-sections -Wall -Wextra"
"Running Make include in microblaze_0/libsrc/cpu_v2_7/src"
C:/Xilinx/SDK/2018.2/gnuwin/bin/make -C microblaze_0/libsrc/cpu_v2_7/src -s include  "SHELL=CMD" "COMPILER=mb-gcc" "ARCHIVER=mb-ar" "COMPILER_FLAGS=  -O2 -c -mcpu=v10.0 -mhard-float -mlittle-endian -mxl-soft-mul" "EXTRA_COMPILER_FLAGS=-ffunction-sections -fdata-sections -Wall -Wextra"
"Running Make include in microblaze_0/libsrc/freertos10_xilinx_v1_1/src"
C:/Xilinx/SDK/2018.2/gnuwin/bin/make -C microblaze_0/libsrc/freertos10_xilinx_v1_1/src -s include  "SHELL=CMD" "COMPILER=mb-gcc" "ARCHIVER=mb-ar" "COMPILER_FLAGS=  -O2 -c -mcpu=v10.0 -mhard-float -mlittle-endian -mxl-soft-mul" "EXTRA_COMPILER_FLAGS=-ffunction-sections -fdata-sections -Wall -Wextra"
"include"
"Running Make include in microblaze_0/libsrc/gpio_v4_3/src"
C:/Xilinx/SDK/2018.2/gnuwin/bin/make -C microblaze_0/libsrc/gpio_v4_3/src -s include  "SHELL=CMD" "COMPILER=mb-gcc" "ARCHIVER=mb-ar" "COMPILER_FLAGS=  -O2 -c -mcpu=v10.0 -mhard-float -mlittle-endian -mxl-soft-mul" "EXTRA_COMPILER_FLAGS=-ffunction-sections -fdata-sections -Wall -Wextra"
"Running Make include in microblaze_0/libsrc/intc_v3_7/src"
C:/Xilinx/SDK/2018.2/gnuwin/bin/make -C microblaze_0/libsrc/intc_v3_7/src -s include  "SHELL=CMD" "COMPILER=mb-gcc" "ARCHIVER=mb-ar" "COMPILER_FLAGS=  -O2 -c -mcpu=v10.0 -mhard-float -mlittle-endian -mxl-soft-mul" "EXTRA_COMPILER_FLAGS=-ffunction-sections -fdata-sections -Wall -Wextra"
"Running Make include in microblaze_0/libsrc/nexys4IO_v1_0/src"
C:/Xilinx/SDK/2018.2/gnuwin/bin/make -C microblaze_0/libsrc/nexys4IO_v1_0/src -s include  "SHELL=CMD" "COMPILER=mb-gcc" "ARCHIVER=mb-ar" "COMPILER_FLAGS=  -O2 -c -mcpu=v10.0 -mhard-float -mlittle-endian -mxl-soft-mul" "EXTRA_COMPILER_FLAGS=-ffunction-sections -fdata-sections -Wall -Wextra"
"Running Make include in microblaze_0/libsrc/PmodENC_v1_0/src"
C:/Xilinx/SDK/2018.2/gnuwin/bin/make -C microblaze_0/libsrc/PmodENC_v1_0/src -s include  "SHELL=CMD" "COMPILER=mb-gcc" "ARCHIVER=mb-ar" "COMPILER_FLAGS=  -O2 -c -mcpu=v10.0 -mhard-float -mlittle-endian -mxl-soft-mul" "EXTRA_COMPILER_FLAGS=-ffunction-sections -fdata-sections -Wall -Wextra"
"Running Make include in microblaze_0/libsrc/PmodOLEDrgb_v1_0/src"
C:/Xilinx/SDK/2018.2/gnuwin/bin/make -C microblaze_0/libsrc/PmodOLEDrgb_v1_0/src -s include  "SHELL=CMD" "COMPILER=mb-gcc" "ARCHIVER=mb-ar" "COMPILER_FLAGS=  -O2 -c -mcpu=v10.0 -mhard-float -mlittle-endian -mxl-soft-mul" "EXTRA_COMPILER_FLAGS=-ffunction-sections -fdata-sections -Wall -Wextra"
"Running Make include in microblaze_0/libsrc/tmrctr_v4_4/src"
C:/Xilinx/SDK/2018.2/gnuwin/bin/make -C microblaze_0/libsrc/tmrctr_v4_4/src -s include  "SHELL=CMD" "COMPILER=mb-gcc" "ARCHIVER=mb-ar" "COMPILER_FLAGS=  -O2 -c -mcpu=v10.0 -mhard-float -mlittle-endian -mxl-soft-mul" "EXTRA_COMPILER_FLAGS=-ffunction-sections -fdata-sections -Wall -Wextra"
"Running Make include in microblaze_0/libsrc/uartlite_v3_2/src"
C:/Xilinx/SDK/2018.2/gnuwin/bin/make -C microblaze_0/libsrc/uartlite_v3_2/src -s include  "SHELL=CMD" "COMPILER=mb-gcc" "ARCHIVER=mb-ar" "COMPILER_FLAGS=  -O2 -c -mcpu=v10.0 -mhard-float -mlittle-endian -mxl-soft-mul" "EXTRA_COMPILER_FLAGS=-ffunction-sections -fdata-sections -Wall -Wextra"
"Running Make include in microblaze_0/libsrc/wdttb_v4_3/src"
C:/Xilinx/SDK/2018.2/gnuwin/bin/make -C microblaze_0/libsrc/wdttb_v4_3/src -s include  "SHELL=CMD" "COMPILER=mb-gcc" "ARCHIVER=mb-ar" "COMPILER_FLAGS=  -O2 -c -mcpu=v10.0 -mhard-float -mlittle-endian -mxl-soft-mul" "EXTRA_COMPILER_FLAGS=-ffunction-sections -fdata-sections -Wall -Wextra"
"Running Make libs in microblaze_0/libsrc/bram_v4_2/src"
C:/Xilinx/SDK/2018.2/gnuwin/bin/make -C microblaze_0/libsrc/bram_v4_2/src -s libs  "SHELL=CMD" "COMPILER=mb-gcc" "ARCHIVER=mb-ar" "COMPILER_FLAGS=  -O2 -c -mcpu=v10.0 -mhard-float -mlittle-endian -mxl-soft-mul" "EXTRA_COMPILER_FLAGS=-ffunction-sections -fdata-sections -Wall -Wextra"
"Compiling bram"
mb-ar: creating ../../../lib/libxil.a
"Running Make libs in microblaze_0/libsrc/cpu_v2_7/src"
C:/Xilinx/SDK/2018.2/gnuwin/bin/make -C microblaze_0/libsrc/cpu_v2_7/src -s libs  "SHELL=CMD" "COMPILER=mb-gcc" "ARCHIVER=mb-ar" "COMPILER_FLAGS=  -O2 -c -mcpu=v10.0 -mhard-float -mlittle-endian -mxl-soft-mul" "EXTRA_COMPILER_FLAGS=-ffunction-sections -fdata-sections -Wall -Wextra"
"Compiling cpu"
"Running Make libs in microblaze_0/libsrc/freertos10_xilinx_v1_1/src"
C:/Xilinx/SDK/2018.2/gnuwin/bin/make -C microblaze_0/libsrc/freertos10_xilinx_v1_1/src -s libs  "SHELL=CMD" "COMPILER=mb-gcc" "ARCHIVER=mb-ar" "COMPILER_FLAGS=  -O2 -c -mcpu=v10.0 -mhard-float -mlittle-endian -mxl-soft-mul" "EXTRA_COMPILER_FLAGS=-ffunction-sections -fdata-sections -Wall -Wextra"
"Compiling standalone";
microblaze_sleep.c: In function 'usleep_MB':
microblaze_sleep.c:106:29: warning: unused parameter 'useconds' [-Wunused-parameter]
 int usleep_MB(unsigned long useconds)
                             ^~~~~~~~
microblaze_sleep.c: In function 'sleep_MB':
microblaze_sleep.c:128:32: warning: unused parameter 'seconds' [-Wunused-parameter]
 unsigned sleep_MB(unsigned int seconds)
                                ^~~~~~~
microblaze_sleep.c: In function 'MB_Sleep':
microblaze_sleep.c:153:19: warning: unused parameter 'MilliSeconds' [-Wunused-parameter]
 void MB_Sleep(u32 MilliSeconds)
                   ^~~~~~~~~~~~
"Compiling FreeRTOS"
mb-ar: creating ../../../lib/libfreertos.a
"Running Make libs in microblaze_0/libsrc/gpio_v4_3/src"
C:/Xilinx/SDK/2018.2/gnuwin/bin/make -C microblaze_0/libsrc/gpio_v4_3/src -s libs  "SHELL=CMD" "COMPILER=mb-gcc" "ARCHIVER=mb-ar" "COMPILER_FLAGS=  -O2 -c -mcpu=v10.0 -mhard-float -mlittle-endian -mxl-soft-mul" "EXTRA_COMPILER_FLAGS=-ffunction-sections -fdata-sections -Wall -Wextra"
"Compiling gpio"
"Running Make libs in microblaze_0/libsrc/intc_v3_7/src"
C:/Xilinx/SDK/2018.2/gnuwin/bin/make -C microblaze_0/libsrc/intc_v3_7/src -s libs  "SHELL=CMD" "COMPILER=mb-gcc" "ARCHIVER=mb-ar" "COMPILER_FLAGS=  -O2 -c -mcpu=v10.0 -mhard-float -mlittle-endian -mxl-soft-mul" "EXTRA_COMPILER_FLAGS=-ffunction-sections -fdata-sections -Wall -Wextra"
"Compiling intc"
"Running Make libs in microblaze_0/libsrc/nexys4IO_v1_0/src"
C:/Xilinx/SDK/2018.2/gnuwin/bin/make -C microblaze_0/libsrc/nexys4IO_v1_0/src -s libs  "SHELL=CMD" "COMPILER=mb-gcc" "ARCHIVER=mb-ar" "COMPILER_FLAGS=  -O2 -c -mcpu=v10.0 -mhard-float -mlittle-endian -mxl-soft-mul" "EXTRA_COMPILER_FLAGS=-ffunction-sections -fdata-sections -Wall -Wextra"
"Compiling nexys4IO..."
"Running Make libs in microblaze_0/libsrc/PmodENC_v1_0/src"
C:/Xilinx/SDK/2018.2/gnuwin/bin/make -C microblaze_0/libsrc/PmodENC_v1_0/src -s libs  "SHELL=CMD" "COMPILER=mb-gcc" "ARCHIVER=mb-ar" "COMPILER_FLAGS=  -O2 -c -mcpu=v10.0 -mhard-float -mlittle-endian -mxl-soft-mul" "EXTRA_COMPILER_FLAGS=-ffunction-sections -fdata-sections -Wall -Wextra"
"Compiling PmodENC..."
"Running Make libs in microblaze_0/libsrc/PmodOLEDrgb_v1_0/src"
C:/Xilinx/SDK/2018.2/gnuwin/bin/make -C microblaze_0/libsrc/PmodOLEDrgb_v1_0/src -s libs  "SHELL=CMD" "COMPILER=mb-gcc" "ARCHIVER=mb-ar" "COMPILER_FLAGS=  -O2 -c -mcpu=v10.0 -mhard-float -mlittle-endian -mxl-soft-mul" "EXTRA_COMPILER_FLAGS=-ffunction-sections -fdata-sections -Wall -Wextra"
"Compiling PmodOLEDrgb..."
PmodOLEDrgb_selftest.c: In function 'PMODOLEDRGB_Reg_SelfTest':
PmodOLEDrgb_selftest.c:52:60: warning: comparison between signed and unsigned integer expressions [-Wsign-compare]
    if ( PMODOLEDRGB_mReadReg (baseaddr, read_loop_index*4) != (read_loop_index+1)*READ_WRITE_MUL_FACTOR){
                                                            ^~
PmodOLEDrgb_selftest.c:36:6: warning: unused variable 'Index' [-Wunused-variable]
  int Index;
      ^~~~~
"Running Make libs in microblaze_0/libsrc/tmrctr_v4_4/src"
C:/Xilinx/SDK/2018.2/gnuwin/bin/make -C microblaze_0/libsrc/tmrctr_v4_4/src -s libs  "SHELL=CMD" "COMPILER=mb-gcc" "ARCHIVER=mb-ar" "COMPILER_FLAGS=  -O2 -c -mcpu=v10.0 -mhard-float -mlittle-endian -mxl-soft-mul" "EXTRA_COMPILER_FLAGS=-ffunction-sections -fdata-sections -Wall -Wextra"
"Compiling tmrctr"
"Running Make libs in microblaze_0/libsrc/uartlite_v3_2/src"
C:/Xilinx/SDK/2018.2/gnuwin/bin/make -C microblaze_0/libsrc/uartlite_v3_2/src -s libs  "SHELL=CMD" "COMPILER=mb-gcc" "ARCHIVER=mb-ar" "COMPILER_FLAGS=  -O2 -c -mcpu=v10.0 -mhard-float -mlittle-endian -mxl-soft-mul" "EXTRA_COMPILER_FLAGS=-ffunction-sections -fdata-sections -Wall -Wextra"
"Compiling uartlite"
"Running Make libs in microblaze_0/libsrc/wdttb_v4_3/src"
C:/Xilinx/SDK/2018.2/gnuwin/bin/make -C microblaze_0/libsrc/wdttb_v4_3/src -s libs  "SHELL=CMD" "COMPILER=mb-gcc" "ARCHIVER=mb-ar" "COMPILER_FLAGS=  -O2 -c -mcpu=v10.0 -mhard-float -mlittle-endian -mxl-soft-mul" "EXTRA_COMPILER_FLAGS=-ffunction-sections -fdata-sections -Wall -Wextra"
"Compiling wdttb"
In file included from xwdttb.h:173:0,
                 from xwdttb.c:87:
xwdttb.c: In function 'XWdtTb_ProgramWDTWidth':
../../../include/xil_assert.h:112:9: warning: 'return' with no value, in function returning non-void
         return;                                    \
         ^
xwdttb.c:1232:2: note: in expansion of macro 'Xil_AssertVoid'
  Xil_AssertVoid(InstancePtr != NULL);
  ^~~~~~~~~~~~~~
xwdttb.c:1229:5: note: declared here
 u32 XWdtTb_ProgramWDTWidth(XWdtTb *InstancePtr, u32 width)
     ^~~~~~~~~~~~~~~~~~~~~~
'Finished building libraries'
22:40:17 **** Auto Build of project freertos10_xilinx_bsp_0 ****
make -k all 
"Running Make include in microblaze_0/libsrc/bram_v4_2/src"
C:/Xilinx/SDK/2018.2/gnuwin/bin/make -C microblaze_0/libsrc/bram_v4_2/src -s include  "SHELL=CMD" "COMPILER=mb-gcc" "ARCHIVER=mb-ar" "COMPILER_FLAGS=  -O2 -c -mcpu=v10.0 -mhard-float -mlittle-endian -mxl-soft-mul" "EXTRA_COMPILER_FLAGS=-ffunction-sections -fdata-sections -Wall -Wextra"
"Running Make include in microblaze_0/libsrc/cpu_v2_7/src"
C:/Xilinx/SDK/2018.2/gnuwin/bin/make -C microblaze_0/libsrc/cpu_v2_7/src -s include  "SHELL=CMD" "COMPILER=mb-gcc" "ARCHIVER=mb-ar" "COMPILER_FLAGS=  -O2 -c -mcpu=v10.0 -mhard-float -mlittle-endian -mxl-soft-mul" "EXTRA_COMPILER_FLAGS=-ffunction-sections -fdata-sections -Wall -Wextra"
"Running Make include in microblaze_0/libsrc/freertos10_xilinx_v1_1/src"
C:/Xilinx/SDK/2018.2/gnuwin/bin/make -C microblaze_0/libsrc/freertos10_xilinx_v1_1/src -s include  "SHELL=CMD" "COMPILER=mb-gcc" "ARCHIVER=mb-ar" "COMPILER_FLAGS=  -O2 -c -mcpu=v10.0 -mhard-float -mlittle-endian -mxl-soft-mul" "EXTRA_COMPILER_FLAGS=-ffunction-sections -fdata-sections -Wall -Wextra"
"include"
"Running Make include in microblaze_0/libsrc/gpio_v4_3/src"
C:/Xilinx/SDK/2018.2/gnuwin/bin/make -C microblaze_0/libsrc/gpio_v4_3/src -s include  "SHELL=CMD" "COMPILER=mb-gcc" "ARCHIVER=mb-ar" "COMPILER_FLAGS=  -O2 -c -mcpu=v10.0 -mhard-float -mlittle-endian -mxl-soft-mul" "EXTRA_COMPILER_FLAGS=-ffunction-sections -fdata-sections -Wall -Wextra"
"Running Make include in microblaze_0/libsrc/intc_v3_7/src"
C:/Xilinx/SDK/2018.2/gnuwin/bin/make -C microblaze_0/libsrc/intc_v3_7/src -s include  "SHELL=CMD" "COMPILER=mb-gcc" "ARCHIVER=mb-ar" "COMPILER_FLAGS=  -O2 -c -mcpu=v10.0 -mhard-float -mlittle-endian -mxl-soft-mul" "EXTRA_COMPILER_FLAGS=-ffunction-sections -fdata-sections -Wall -Wextra"
"Running Make include in microblaze_0/libsrc/nexys4IO_v1_0/src"
C:/Xilinx/SDK/2018.2/gnuwin/bin/make -C microblaze_0/libsrc/nexys4IO_v1_0/src -s include  "SHELL=CMD" "COMPILER=mb-gcc" "ARCHIVER=mb-ar" "COMPILER_FLAGS=  -O2 -c -mcpu=v10.0 -mhard-float -mlittle-endian -mxl-soft-mul" "EXTRA_COMPILER_FLAGS=-ffunction-sections -fdata-sections -Wall -Wextra"
"Running Make include in microblaze_0/libsrc/PmodENC_v1_0/src"
C:/Xilinx/SDK/2018.2/gnuwin/bin/make -C microblaze_0/libsrc/PmodENC_v1_0/src -s include  "SHELL=CMD" "COMPILER=mb-gcc" "ARCHIVER=mb-ar" "COMPILER_FLAGS=  -O2 -c -mcpu=v10.0 -mhard-float -mlittle-endian -mxl-soft-mul" "EXTRA_COMPILER_FLAGS=-ffunction-sections -fdata-sections -Wall -Wextra"
"Running Make include in microblaze_0/libsrc/PmodOLEDrgb_v1_0/src"
C:/Xilinx/SDK/2018.2/gnuwin/bin/make -C microblaze_0/libsrc/PmodOLEDrgb_v1_0/src -s include  "SHELL=CMD" "COMPILER=mb-gcc" "ARCHIVER=mb-ar" "COMPILER_FLAGS=  -O2 -c -mcpu=v10.0 -mhard-float -mlittle-endian -mxl-soft-mul" "EXTRA_COMPILER_FLAGS=-ffunction-sections -fdata-sections -Wall -Wextra"
"Running Make include in microblaze_0/libsrc/tmrctr_v4_4/src"
C:/Xilinx/SDK/2018.2/gnuwin/bin/make -C microblaze_0/libsrc/tmrctr_v4_4/src -s include  "SHELL=CMD" "COMPILER=mb-gcc" "ARCHIVER=mb-ar" "COMPILER_FLAGS=  -O2 -c -mcpu=v10.0 -mhard-float -mlittle-endian -mxl-soft-mul" "EXTRA_COMPILER_FLAGS=-ffunction-sections -fdata-sections -Wall -Wextra"
"Running Make include in microblaze_0/libsrc/uartlite_v3_2/src"
C:/Xilinx/SDK/2018.2/gnuwin/bin/make -C microblaze_0/libsrc/uartlite_v3_2/src -s include  "SHELL=CMD" "COMPILER=mb-gcc" "ARCHIVER=mb-ar" "COMPILER_FLAGS=  -O2 -c -mcpu=v10.0 -mhard-float -mlittle-endian -mxl-soft-mul" "EXTRA_COMPILER_FLAGS=-ffunction-sections -fdata-sections -Wall -Wextra"
"Running Make include in microblaze_0/libsrc/wdttb_v4_3/src"
C:/Xilinx/SDK/2018.2/gnuwin/bin/make -C microblaze_0/libsrc/wdttb_v4_3/src -s include  "SHELL=CMD" "COMPILER=mb-gcc" "ARCHIVER=mb-ar" "COMPILER_FLAGS=  -O2 -c -mcpu=v10.0 -mhard-float -mlittle-endian -mxl-soft-mul" "EXTRA_COMPILER_FLAGS=-ffunction-sections -fdata-sections -Wall -Wextra"
"Running Make libs in microblaze_0/libsrc/bram_v4_2/src"
C:/Xilinx/SDK/2018.2/gnuwin/bin/make -C microblaze_0/libsrc/bram_v4_2/src -s libs  "SHELL=CMD" "COMPILER=mb-gcc" "ARCHIVER=mb-ar" "COMPILER_FLAGS=  -O2 -c -mcpu=v10.0 -mhard-float -mlittle-endian -mxl-soft-mul" "EXTRA_COMPILER_FLAGS=-ffunction-sections -fdata-sections -Wall -Wextra"
"Compiling bram"
"Running Make libs in microblaze_0/libsrc/cpu_v2_7/src"
C:/Xilinx/SDK/2018.2/gnuwin/bin/make -C microblaze_0/libsrc/cpu_v2_7/src -s libs  "SHELL=CMD" "COMPILER=mb-gcc" "ARCHIVER=mb-ar" "COMPILER_FLAGS=  -O2 -c -mcpu=v10.0 -mhard-float -mlittle-endian -mxl-soft-mul" "EXTRA_COMPILER_FLAGS=-ffunction-sections -fdata-sections -Wall -Wextra"
"Compiling cpu"
"Running Make libs in microblaze_0/libsrc/freertos10_xilinx_v1_1/src"
C:/Xilinx/SDK/2018.2/gnuwin/bin/make -C microblaze_0/libsrc/freertos10_xilinx_v1_1/src -s libs  "SHELL=CMD" "COMPILER=mb-gcc" "ARCHIVER=mb-ar" "COMPILER_FLAGS=  -O2 -c -mcpu=v10.0 -mhard-float -mlittle-endian -mxl-soft-mul" "EXTRA_COMPILER_FLAGS=-ffunction-sections -fdata-sections -Wall -Wextra"
"Compiling standalone";
microblaze_sleep.c: In function 'usleep_MB':
microblaze_sleep.c:106:29: warning: unused parameter 'useconds' [-Wunused-parameter]
 int usleep_MB(unsigned long useconds)
                             ^~~~~~~~
microblaze_sleep.c: In function 'sleep_MB':
microblaze_sleep.c:128:32: warning: unused parameter 'seconds' [-Wunused-parameter]
 unsigned sleep_MB(unsigned int seconds)
                                ^~~~~~~
microblaze_sleep.c: In function 'MB_Sleep':
microblaze_sleep.c:153:19: warning: unused parameter 'MilliSeconds' [-Wunused-parameter]
 void MB_Sleep(u32 MilliSeconds)
                   ^~~~~~~~~~~~
"Compiling FreeRTOS"
"Running Make libs in microblaze_0/libsrc/gpio_v4_3/src"
C:/Xilinx/SDK/2018.2/gnuwin/bin/make -C microblaze_0/libsrc/gpio_v4_3/src -s libs  "SHELL=CMD" "COMPILER=mb-gcc" "ARCHIVER=mb-ar" "COMPILER_FLAGS=  -O2 -c -mcpu=v10.0 -mhard-float -mlittle-endian -mxl-soft-mul" "EXTRA_COMPILER_FLAGS=-ffunction-sections -fdata-sections -Wall -Wextra"
"Compiling gpio"
"Running Make libs in microblaze_0/libsrc/intc_v3_7/src"
C:/Xilinx/SDK/2018.2/gnuwin/bin/make -C microblaze_0/libsrc/intc_v3_7/src -s libs  "SHELL=CMD" "COMPILER=mb-gcc" "ARCHIVER=mb-ar" "COMPILER_FLAGS=  -O2 -c -mcpu=v10.0 -mhard-float -mlittle-endian -mxl-soft-mul" "EXTRA_COMPILER_FLAGS=-ffunction-sections -fdata-sections -Wall -Wextra"
"Compiling intc"
"Running Make libs in microblaze_0/libsrc/nexys4IO_v1_0/src"
C:/Xilinx/SDK/2018.2/gnuwin/bin/make -C microblaze_0/libsrc/nexys4IO_v1_0/src -s libs  "SHELL=CMD" "COMPILER=mb-gcc" "ARCHIVER=mb-ar" "COMPILER_FLAGS=  -O2 -c -mcpu=v10.0 -mhard-float -mlittle-endian -mxl-soft-mul" "EXTRA_COMPILER_FLAGS=-ffunction-sections -fdata-sections -Wall -Wextra"
"Compiling nexys4IO..."
"Running Make libs in microblaze_0/libsrc/PmodENC_v1_0/src"
C:/Xilinx/SDK/2018.2/gnuwin/bin/make -C microblaze_0/libsrc/PmodENC_v1_0/src -s libs  "SHELL=CMD" "COMPILER=mb-gcc" "ARCHIVER=mb-ar" "COMPILER_FLAGS=  -O2 -c -mcpu=v10.0 -mhard-float -mlittle-endian -mxl-soft-mul" "EXTRA_COMPILER_FLAGS=-ffunction-sections -fdata-sections -Wall -Wextra"
"Compiling PmodENC..."
"Running Make libs in microblaze_0/libsrc/PmodOLEDrgb_v1_0/src"
C:/Xilinx/SDK/2018.2/gnuwin/bin/make -C microblaze_0/libsrc/PmodOLEDrgb_v1_0/src -s libs  "SHELL=CMD" "COMPILER=mb-gcc" "ARCHIVER=mb-ar" "COMPILER_FLAGS=  -O2 -c -mcpu=v10.0 -mhard-float -mlittle-endian -mxl-soft-mul" "EXTRA_COMPILER_FLAGS=-ffunction-sections -fdata-sections -Wall -Wextra"
"Compiling PmodOLEDrgb..."
PmodOLEDrgb_selftest.c: In function 'PMODOLEDRGB_Reg_SelfTest':
PmodOLEDrgb_selftest.c:52:60: warning: comparison between signed and unsigned integer expressions [-Wsign-compare]
    if ( PMODOLEDRGB_mReadReg (baseaddr, read_loop_index*4) != (read_loop_index+1)*READ_WRITE_MUL_FACTOR){
                                                            ^~
PmodOLEDrgb_selftest.c:36:6: warning: unused variable 'Index' [-Wunused-variable]
  int Index;
      ^~~~~
"Running Make libs in microblaze_0/libsrc/tmrctr_v4_4/src"
C:/Xilinx/SDK/2018.2/gnuwin/bin/make -C microblaze_0/libsrc/tmrctr_v4_4/src -s libs  "SHELL=CMD" "COMPILER=mb-gcc" "ARCHIVER=mb-ar" "COMPILER_FLAGS=  -O2 -c -mcpu=v10.0 -mhard-float -mlittle-endian -mxl-soft-mul" "EXTRA_COMPILER_FLAGS=-ffunction-sections -fdata-sections -Wall -Wextra"
"Compiling tmrctr"
"Running Make libs in microblaze_0/libsrc/uartlite_v3_2/src"
C:/Xilinx/SDK/2018.2/gnuwin/bin/make -C microblaze_0/libsrc/uartlite_v3_2/src -s libs  "SHELL=CMD" "COMPILER=mb-gcc" "ARCHIVER=mb-ar" "COMPILER_FLAGS=  -O2 -c -mcpu=v10.0 -mhard-float -mlittle-endian -mxl-soft-mul" "EXTRA_COMPILER_FLAGS=-ffunction-sections -fdata-sections -Wall -Wextra"
"Compiling uartlite"
"Running Make libs in microblaze_0/libsrc/wdttb_v4_3/src"
C:/Xilinx/SDK/2018.2/gnuwin/bin/make -C microblaze_0/libsrc/wdttb_v4_3/src -s libs  "SHELL=CMD" "COMPILER=mb-gcc" "ARCHIVER=mb-ar" "COMPILER_FLAGS=  -O2 -c -mcpu=v10.0 -mhard-float -mlittle-endian -mxl-soft-mul" "EXTRA_COMPILER_FLAGS=-ffunction-sections -fdata-sections -Wall -Wextra"
"Compiling wdttb"
In file included from xwdttb.h:173:0,
                 from xwdttb.c:87:
xwdttb.c: In function 'XWdtTb_ProgramWDTWidth':
../../../include/xil_assert.h:112:9: warning: 'return' with no value, in function returning non-void
         return;                                    \
         ^
xwdttb.c:1232:2: note: in expansion of macro 'Xil_AssertVoid'
  Xil_AssertVoid(InstancePtr != NULL);
  ^~~~~~~~~~~~~~
xwdttb.c:1229:5: note: declared here
 u32 XWdtTb_ProgramWDTWidth(XWdtTb *InstancePtr, u32 width)
     ^~~~~~~~~~~~~~~~~~~~~~
'Finished building libraries'
22:41:55 **** Auto Build of configuration Debug for project project2 ****
make all 
make: Nothing to be done for `all'.
22:41:55 **** Incremental Build of configuration Debug for project project2 ****
make all 
make: Nothing to be done for `all'.
22:47:35 **** Incremental Build of configuration Debug for project project2 ****
make all 
make: Nothing to be done for `all'.
22:54:39 **** Incremental Build of configuration Debug for project project2 ****
make all 
make: Nothing to be done for `all'.
22:59:34 **** Incremental Build of configuration Debug for project project2 ****
make all 
make: Nothing to be done for `all'.
23:02:34 **** Auto Build of project freertos10_xilinx_bsp_0 ****
make -k all 
"Running Make include in microblaze_0/libsrc/bram_v4_2/src"
C:/Xilinx/SDK/2018.2/gnuwin/bin/make -C microblaze_0/libsrc/bram_v4_2/src -s include  "SHELL=CMD" "COMPILER=mb-gcc" "ARCHIVER=mb-ar" "COMPILER_FLAGS=  -O2 -c -mcpu=v10.0 -mhard-float -mlittle-endian -mxl-soft-mul" "EXTRA_COMPILER_FLAGS=-ffunction-sections -fdata-sections -Wall -Wextra"
"Running Make include in microblaze_0/libsrc/cpu_v2_7/src"
C:/Xilinx/SDK/2018.2/gnuwin/bin/make -C microblaze_0/libsrc/cpu_v2_7/src -s include  "SHELL=CMD" "COMPILER=mb-gcc" "ARCHIVER=mb-ar" "COMPILER_FLAGS=  -O2 -c -mcpu=v10.0 -mhard-float -mlittle-endian -mxl-soft-mul" "EXTRA_COMPILER_FLAGS=-ffunction-sections -fdata-sections -Wall -Wextra"
"Running Make include in microblaze_0/libsrc/freertos10_xilinx_v1_1/src"
C:/Xilinx/SDK/2018.2/gnuwin/bin/make -C microblaze_0/libsrc/freertos10_xilinx_v1_1/src -s include  "SHELL=CMD" "COMPILER=mb-gcc" "ARCHIVER=mb-ar" "COMPILER_FLAGS=  -O2 -c -mcpu=v10.0 -mhard-float -mlittle-endian -mxl-soft-mul" "EXTRA_COMPILER_FLAGS=-ffunction-sections -fdata-sections -Wall -Wextra"
"include"
"Running Make include in microblaze_0/libsrc/gpio_v4_3/src"
C:/Xilinx/SDK/2018.2/gnuwin/bin/make -C microblaze_0/libsrc/gpio_v4_3/src -s include  "SHELL=CMD" "COMPILER=mb-gcc" "ARCHIVER=mb-ar" "COMPILER_FLAGS=  -O2 -c -mcpu=v10.0 -mhard-float -mlittle-endian -mxl-soft-mul" "EXTRA_COMPILER_FLAGS=-ffunction-sections -fdata-sections -Wall -Wextra"
"Running Make include in microblaze_0/libsrc/intc_v3_7/src"
C:/Xilinx/SDK/2018.2/gnuwin/bin/make -C microblaze_0/libsrc/intc_v3_7/src -s include  "SHELL=CMD" "COMPILER=mb-gcc" "ARCHIVER=mb-ar" "COMPILER_FLAGS=  -O2 -c -mcpu=v10.0 -mhard-float -mlittle-endian -mxl-soft-mul" "EXTRA_COMPILER_FLAGS=-ffunction-sections -fdata-sections -Wall -Wextra"
"Running Make include in microblaze_0/libsrc/nexys4IO_v1_0/src"
C:/Xilinx/SDK/2018.2/gnuwin/bin/make -C microblaze_0/libsrc/nexys4IO_v1_0/src -s include  "SHELL=CMD" "COMPILER=mb-gcc" "ARCHIVER=mb-ar" "COMPILER_FLAGS=  -O2 -c -mcpu=v10.0 -mhard-float -mlittle-endian -mxl-soft-mul" "EXTRA_COMPILER_FLAGS=-ffunction-sections -fdata-sections -Wall -Wextra"
"Running Make include in microblaze_0/libsrc/PmodENC_v1_0/src"
C:/Xilinx/SDK/2018.2/gnuwin/bin/make -C microblaze_0/libsrc/PmodENC_v1_0/src -s include  "SHELL=CMD" "COMPILER=mb-gcc" "ARCHIVER=mb-ar" "COMPILER_FLAGS=  -O2 -c -mcpu=v10.0 -mhard-float -mlittle-endian -mxl-soft-mul" "EXTRA_COMPILER_FLAGS=-ffunction-sections -fdata-sections -Wall -Wextra"
"Running Make include in microblaze_0/libsrc/PmodOLEDrgb_v1_0/src"
C:/Xilinx/SDK/2018.2/gnuwin/bin/make -C microblaze_0/libsrc/PmodOLEDrgb_v1_0/src -s include  "SHELL=CMD" "COMPILER=mb-gcc" "ARCHIVER=mb-ar" "COMPILER_FLAGS=  -O2 -c -mcpu=v10.0 -mhard-float -mlittle-endian -mxl-soft-mul" "EXTRA_COMPILER_FLAGS=-ffunction-sections -fdata-sections -Wall -Wextra"
"Running Make include in microblaze_0/libsrc/tmrctr_v4_4/src"
C:/Xilinx/SDK/2018.2/gnuwin/bin/make -C microblaze_0/libsrc/tmrctr_v4_4/src -s include  "SHELL=CMD" "COMPILER=mb-gcc" "ARCHIVER=mb-ar" "COMPILER_FLAGS=  -O2 -c -mcpu=v10.0 -mhard-float -mlittle-endian -mxl-soft-mul" "EXTRA_COMPILER_FLAGS=-ffunction-sections -fdata-sections -Wall -Wextra"
"Running Make include in microblaze_0/libsrc/uartlite_v3_2/src"
C:/Xilinx/SDK/2018.2/gnuwin/bin/make -C microblaze_0/libsrc/uartlite_v3_2/src -s include  "SHELL=CMD" "COMPILER=mb-gcc" "ARCHIVER=mb-ar" "COMPILER_FLAGS=  -O2 -c -mcpu=v10.0 -mhard-float -mlittle-endian -mxl-soft-mul" "EXTRA_COMPILER_FLAGS=-ffunction-sections -fdata-sections -Wall -Wextra"
"Running Make include in microblaze_0/libsrc/wdttb_v4_3/src"
C:/Xilinx/SDK/2018.2/gnuwin/bin/make -C microblaze_0/libsrc/wdttb_v4_3/src -s include  "SHELL=CMD" "COMPILER=mb-gcc" "ARCHIVER=mb-ar" "COMPILER_FLAGS=  -O2 -c -mcpu=v10.0 -mhard-float -mlittle-endian -mxl-soft-mul" "EXTRA_COMPILER_FLAGS=-ffunction-sections -fdata-sections -Wall -Wextra"
"Running Make libs in microblaze_0/libsrc/bram_v4_2/src"
C:/Xilinx/SDK/2018.2/gnuwin/bin/make -C microblaze_0/libsrc/bram_v4_2/src -s libs  "SHELL=CMD" "COMPILER=mb-gcc" "ARCHIVER=mb-ar" "COMPILER_FLAGS=  -O2 -c -mcpu=v10.0 -mhard-float -mlittle-endian -mxl-soft-mul" "EXTRA_COMPILER_FLAGS=-ffunction-sections -fdata-sections -Wall -Wextra"
"Compiling bram"
mb-ar: creating ../../../lib/libxil.a
"Running Make libs in microblaze_0/libsrc/cpu_v2_7/src"
C:/Xilinx/SDK/2018.2/gnuwin/bin/make -C microblaze_0/libsrc/cpu_v2_7/src -s libs  "SHELL=CMD" "COMPILER=mb-gcc" "ARCHIVER=mb-ar" "COMPILER_FLAGS=  -O2 -c -mcpu=v10.0 -mhard-float -mlittle-endian -mxl-soft-mul" "EXTRA_COMPILER_FLAGS=-ffunction-sections -fdata-sections -Wall -Wextra"
"Compiling cpu"
"Running Make libs in microblaze_0/libsrc/freertos10_xilinx_v1_1/src"
C:/Xilinx/SDK/2018.2/gnuwin/bin/make -C microblaze_0/libsrc/freertos10_xilinx_v1_1/src -s libs  "SHELL=CMD" "COMPILER=mb-gcc" "ARCHIVER=mb-ar" "COMPILER_FLAGS=  -O2 -c -mcpu=v10.0 -mhard-float -mlittle-endian -mxl-soft-mul" "EXTRA_COMPILER_FLAGS=-ffunction-sections -fdata-sections -Wall -Wextra"
"Compiling standalone";
microblaze_sleep.c: In function 'usleep_MB':
microblaze_sleep.c:106:29: warning: unused parameter 'useconds' [-Wunused-parameter]
 int usleep_MB(unsigned long useconds)
                             ^~~~~~~~
microblaze_sleep.c: In function 'sleep_MB':
microblaze_sleep.c:128:32: warning: unused parameter 'seconds' [-Wunused-parameter]
 unsigned sleep_MB(unsigned int seconds)
                                ^~~~~~~
microblaze_sleep.c: In function 'MB_Sleep':
microblaze_sleep.c:153:19: warning: unused parameter 'MilliSeconds' [-Wunused-parameter]
 void MB_Sleep(u32 MilliSeconds)
                   ^~~~~~~~~~~~
"Compiling FreeRTOS"
mb-ar: creating ../../../lib/libfreertos.a
"Running Make libs in microblaze_0/libsrc/gpio_v4_3/src"
C:/Xilinx/SDK/2018.2/gnuwin/bin/make -C microblaze_0/libsrc/gpio_v4_3/src -s libs  "SHELL=CMD" "COMPILER=mb-gcc" "ARCHIVER=mb-ar" "COMPILER_FLAGS=  -O2 -c -mcpu=v10.0 -mhard-float -mlittle-endian -mxl-soft-mul" "EXTRA_COMPILER_FLAGS=-ffunction-sections -fdata-sections -Wall -Wextra"
"Compiling gpio"
"Running Make libs in microblaze_0/libsrc/intc_v3_7/src"
C:/Xilinx/SDK/2018.2/gnuwin/bin/make -C microblaze_0/libsrc/intc_v3_7/src -s libs  "SHELL=CMD" "COMPILER=mb-gcc" "ARCHIVER=mb-ar" "COMPILER_FLAGS=  -O2 -c -mcpu=v10.0 -mhard-float -mlittle-endian -mxl-soft-mul" "EXTRA_COMPILER_FLAGS=-ffunction-sections -fdata-sections -Wall -Wextra"
"Compiling intc"
"Running Make libs in microblaze_0/libsrc/nexys4IO_v1_0/src"
C:/Xilinx/SDK/2018.2/gnuwin/bin/make -C microblaze_0/libsrc/nexys4IO_v1_0/src -s libs  "SHELL=CMD" "COMPILER=mb-gcc" "ARCHIVER=mb-ar" "COMPILER_FLAGS=  -O2 -c -mcpu=v10.0 -mhard-float -mlittle-endian -mxl-soft-mul" "EXTRA_COMPILER_FLAGS=-ffunction-sections -fdata-sections -Wall -Wextra"
"Compiling nexys4IO..."
"Running Make libs in microblaze_0/libsrc/PmodENC_v1_0/src"
C:/Xilinx/SDK/2018.2/gnuwin/bin/make -C microblaze_0/libsrc/PmodENC_v1_0/src -s libs  "SHELL=CMD" "COMPILER=mb-gcc" "ARCHIVER=mb-ar" "COMPILER_FLAGS=  -O2 -c -mcpu=v10.0 -mhard-float -mlittle-endian -mxl-soft-mul" "EXTRA_COMPILER_FLAGS=-ffunction-sections -fdata-sections -Wall -Wextra"
"Compiling PmodENC..."
"Running Make libs in microblaze_0/libsrc/PmodOLEDrgb_v1_0/src"
C:/Xilinx/SDK/2018.2/gnuwin/bin/make -C microblaze_0/libsrc/PmodOLEDrgb_v1_0/src -s libs  "SHELL=CMD" "COMPILER=mb-gcc" "ARCHIVER=mb-ar" "COMPILER_FLAGS=  -O2 -c -mcpu=v10.0 -mhard-float -mlittle-endian -mxl-soft-mul" "EXTRA_COMPILER_FLAGS=-ffunction-sections -fdata-sections -Wall -Wextra"
"Compiling PmodOLEDrgb..."
PmodOLEDrgb_selftest.c: In function 'PMODOLEDRGB_Reg_SelfTest':
PmodOLEDrgb_selftest.c:52:60: warning: comparison between signed and unsigned integer expressions [-Wsign-compare]
    if ( PMODOLEDRGB_mReadReg (baseaddr, read_loop_index*4) != (read_loop_index+1)*READ_WRITE_MUL_FACTOR){
                                                            ^~
PmodOLEDrgb_selftest.c:36:6: warning: unused variable 'Index' [-Wunused-variable]
  int Index;
      ^~~~~
"Running Make libs in microblaze_0/libsrc/tmrctr_v4_4/src"
C:/Xilinx/SDK/2018.2/gnuwin/bin/make -C microblaze_0/libsrc/tmrctr_v4_4/src -s libs  "SHELL=CMD" "COMPILER=mb-gcc" "ARCHIVER=mb-ar" "COMPILER_FLAGS=  -O2 -c -mcpu=v10.0 -mhard-float -mlittle-endian -mxl-soft-mul" "EXTRA_COMPILER_FLAGS=-ffunction-sections -fdata-sections -Wall -Wextra"
"Compiling tmrctr"
"Running Make libs in microblaze_0/libsrc/uartlite_v3_2/src"
C:/Xilinx/SDK/2018.2/gnuwin/bin/make -C microblaze_0/libsrc/uartlite_v3_2/src -s libs  "SHELL=CMD" "COMPILER=mb-gcc" "ARCHIVER=mb-ar" "COMPILER_FLAGS=  -O2 -c -mcpu=v10.0 -mhard-float -mlittle-endian -mxl-soft-mul" "EXTRA_COMPILER_FLAGS=-ffunction-sections -fdata-sections -Wall -Wextra"
"Compiling uartlite"
"Running Make libs in microblaze_0/libsrc/wdttb_v4_3/src"
C:/Xilinx/SDK/2018.2/gnuwin/bin/make -C microblaze_0/libsrc/wdttb_v4_3/src -s libs  "SHELL=CMD" "COMPILER=mb-gcc" "ARCHIVER=mb-ar" "COMPILER_FLAGS=  -O2 -c -mcpu=v10.0 -mhard-float -mlittle-endian -mxl-soft-mul" "EXTRA_COMPILER_FLAGS=-ffunction-sections -fdata-sections -Wall -Wextra"
"Compiling wdttb"
In file included from xwdttb.h:173:0,
                 from xwdttb.c:87:
xwdttb.c: In function 'XWdtTb_ProgramWDTWidth':
../../../include/xil_assert.h:112:9: warning: 'return' with no value, in function returning non-void
         return;                                    \
         ^
xwdttb.c:1232:2: note: in expansion of macro 'Xil_AssertVoid'
  Xil_AssertVoid(InstancePtr != NULL);
  ^~~~~~~~~~~~~~
xwdttb.c:1229:5: note: declared here
 u32 XWdtTb_ProgramWDTWidth(XWdtTb *InstancePtr, u32 width)
     ^~~~~~~~~~~~~~~~~~~~~~
'Finished building libraries'
23:04:07 **** Auto Build of project freertos10_xilinx_bsp_0 ****
make -k all 
"Running Make include in microblaze_0/libsrc/bram_v4_2/src"
C:/Xilinx/SDK/2018.2/gnuwin/bin/make -C microblaze_0/libsrc/bram_v4_2/src -s include  "SHELL=CMD" "COMPILER=mb-gcc" "ARCHIVER=mb-ar" "COMPILER_FLAGS=  -O2 -c -mcpu=v10.0 -mhard-float -mlittle-endian -mxl-soft-mul" "EXTRA_COMPILER_FLAGS=-ffunction-sections -fdata-sections -Wall -Wextra"
"Running Make include in microblaze_0/libsrc/cpu_v2_7/src"
C:/Xilinx/SDK/2018.2/gnuwin/bin/make -C microblaze_0/libsrc/cpu_v2_7/src -s include  "SHELL=CMD" "COMPILER=mb-gcc" "ARCHIVER=mb-ar" "COMPILER_FLAGS=  -O2 -c -mcpu=v10.0 -mhard-float -mlittle-endian -mxl-soft-mul" "EXTRA_COMPILER_FLAGS=-ffunction-sections -fdata-sections -Wall -Wextra"
"Running Make include in microblaze_0/libsrc/freertos10_xilinx_v1_1/src"
C:/Xilinx/SDK/2018.2/gnuwin/bin/make -C microblaze_0/libsrc/freertos10_xilinx_v1_1/src -s include  "SHELL=CMD" "COMPILER=mb-gcc" "ARCHIVER=mb-ar" "COMPILER_FLAGS=  -O2 -c -mcpu=v10.0 -mhard-float -mlittle-endian -mxl-soft-mul" "EXTRA_COMPILER_FLAGS=-ffunction-sections -fdata-sections -Wall -Wextra"
"include"
"Running Make include in microblaze_0/libsrc/gpio_v4_3/src"
C:/Xilinx/SDK/2018.2/gnuwin/bin/make -C microblaze_0/libsrc/gpio_v4_3/src -s include  "SHELL=CMD" "COMPILER=mb-gcc" "ARCHIVER=mb-ar" "COMPILER_FLAGS=  -O2 -c -mcpu=v10.0 -mhard-float -mlittle-endian -mxl-soft-mul" "EXTRA_COMPILER_FLAGS=-ffunction-sections -fdata-sections -Wall -Wextra"
"Running Make include in microblaze_0/libsrc/intc_v3_7/src"
[...]
"Running Make include in microblaze_0/libsrc/PmodENC_v1_0/src"
C:/Xilinx/SDK/2018.2/gnuwin/bin/make -C microblaze_0/libsrc/PmodENC_v1_0/src -s include  "SHELL=CMD" "COMPILER=mb-gcc" "ARCHIVER=mb-ar" "COMPILER_FLAGS=  -O2 -c -mcpu=v10.0 -mhard-float -mlittle-endian -mxl-soft-mul" "EXTRA_COMPILER_FLAGS=-ffunction-sections -fdata-sections -Wall -Wextra"
"Running Make include in microblaze_0/libsrc/PmodOLEDrgb_v1_0/src"
C:/Xilinx/SDK/2018.2/gnuwin/bin/make -C microblaze_0/libsrc/PmodOLEDrgb_v1_0/src -s include  "SHELL=CMD" "COMPILER=mb-gcc" "ARCHIVER=mb-ar" "COMPILER_FLAGS=  -O2 -c -mcpu=v10.0 -mhard-float -mlittle-endian -mxl-soft-mul" "EXTRA_COMPILER_FLAGS=-ffunction-sections -fdata-sections -Wall -Wextra"
"Running Make include in microblaze_0/libsrc/tmrctr_v4_4/src"
C:/Xilinx/SDK/2018.2/gnuwin/bin/make -C microblaze_0/libsrc/tmrctr_v4_4/src -s include  "SHELL=CMD" "COMPILER=mb-gcc" "ARCHIVER=mb-ar" "COMPILER_FLAGS=  -O2 -c -mcpu=v10.0 -mhard-float -mlittle-endian -mxl-soft-mul" "EXTRA_COMPILER_FLAGS=-ffunction-sections -fdata-sections -Wall -Wextra"
"Running Make include in microblaze_0/libsrc/uartlite_v3_2/src"
C:/Xilinx/SDK/2018.2/gnuwin/bin/make -C microblaze_0/libsrc/uartlite_v3_2/src -s include  "SHELL=CMD" "COMPILER=mb-gcc" "ARCHIVER=mb-ar" "COMPILER_FLAGS=  -O2 -c -mcpu=v10.0 -mhard-float -mlittle-endian -mxl-soft-mul" "EXTRA_COMPILER_FLAGS=-ffunction-sections -fdata-sections -Wall -Wextra"
"Running Make include in microblaze_0/libsrc/wdttb_v4_3/src"
C:/Xilinx/SDK/2018.2/gnuwin/bin/make -C microblaze_0/libsrc/wdttb_v4_3/src -s include  "SHELL=CMD" "COMPILER=mb-gcc" "ARCHIVER=mb-ar" "COMPILER_FLAGS=  -O2 -c -mcpu=v10.0 -mhard-float -mlittle-endian -mxl-soft-mul" "EXTRA_COMPILER_FLAGS=-ffunction-sections -fdata-sections -Wall -Wextra"
"Running Make libs in microblaze_0/libsrc/bram_v4_2/src"
C:/Xilinx/SDK/2018.2/gnuwin/bin/make -C microblaze_0/libsrc/bram_v4_2/src -s libs  "SHELL=CMD" "COMPILER=mb-gcc" "ARCHIVER=mb-ar" "COMPILER_FLAGS=  -O2 -c -mcpu=v10.0 -mhard-float -mlittle-endian -mxl-soft-mul" "EXTRA_COMPILER_FLAGS=-ffunction-sections -fdata-sections -Wall -Wextra"
"Compiling bram"
mb-ar: creating ../../../lib/libxil.a
"Running Make libs in microblaze_0/libsrc/cpu_v2_7/src"
C:/Xilinx/SDK/2018.2/gnuwin/bin/make -C microblaze_0/libsrc/cpu_v2_7/src -s libs  "SHELL=CMD" "COMPILER=mb-gcc" "ARCHIVER=mb-ar" "COMPILER_FLAGS=  -O2 -c -mcpu=v10.0 -mhard-float -mlittle-endian -mxl-soft-mul" "EXTRA_COMPILER_FLAGS=-ffunction-sections -fdata-sections -Wall -Wextra"
"Compiling cpu"
"Running Make libs in microblaze_0/libsrc/freertos10_xilinx_v1_1/src"
C:/Xilinx/SDK/2018.2/gnuwin/bin/make -C microblaze_0/libsrc/freertos10_xilinx_v1_1/src -s libs  "SHELL=CMD" "COMPILER=mb-gcc" "ARCHIVER=mb-ar" "COMPILER_FLAGS=  -O2 -c -mcpu=v10.0 -mhard-float -mlittle-endian -mxl-soft-mul" "EXTRA_COMPILER_FLAGS=-ffunction-sections -fdata-sections -Wall -Wextra"
"Compiling standalone";
microblaze_sleep.c: In function 'usleep_MB':
microblaze_sleep.c:106:29: warning: unused parameter 'useconds' [-Wunused-parameter]
 int usleep_MB(unsigned long useconds)
                             ^~~~~~~~
microblaze_sleep.c: In function 'sleep_MB':
microblaze_sleep.c:128:32: warning: unused parameter 'seconds' [-Wunused-parameter]
 unsigned sleep_MB(unsigned int seconds)
                                ^~~~~~~
microblaze_sleep.c: In function 'MB_Sleep':
microblaze_sleep.c:153:19: warning: unused parameter 'MilliSeconds' [-Wunused-parameter]
 void MB_Sleep(u32 MilliSeconds)
                   ^~~~~~~~~~~~
"Compiling FreeRTOS"
mb-ar: creating ../../../lib/libfreertos.a
"Running Make libs in microblaze_0/libsrc/gpio_v4_3/src"
C:/Xilinx/SDK/2018.2/gnuwin/bin/make -C microblaze_0/libsrc/gpio_v4_3/src -s libs  "SHELL=CMD" "COMPILER=mb-gcc" "ARCHIVER=mb-ar" "COMPILER_FLAGS=  -O2 -c -mcpu=v10.0 -mhard-float -mlittle-endian -mxl-soft-mul" "EXTRA_COMPILER_FLAGS=-ffunction-sections -fdata-sections -Wall -Wextra"
"Compiling gpio"
"Running Make libs in microblaze_0/libsrc/intc_v3_7/src"
C:/Xilinx/SDK/2018.2/gnuwin/bin/make -C microblaze_0/libsrc/intc_v3_7/src -s libs  "SHELL=CMD" "COMPILER=mb-gcc" "ARCHIVER=mb-ar" "COMPILER_FLAGS=  -O2 -c -mcpu=v10.0 -mhard-float -mlittle-endian -mxl-soft-mul" "EXTRA_COMPILER_FLAGS=-ffunction-sections -fdata-sections -Wall -Wextra"
"Compiling intc"
"Running Make libs in microblaze_0/libsrc/nexys4IO_v1_0/src"
C:/Xilinx/SDK/2018.2/gnuwin/bin/make -C microblaze_0/libsrc/nexys4IO_v1_0/src -s libs  "SHELL=CMD" "COMPILER=mb-gcc" "ARCHIVER=mb-ar" "COMPILER_FLAGS=  -O2 -c -mcpu=v10.0 -mhard-float -mlittle-endian -mxl-soft-mul" "EXTRA_COMPILER_FLAGS=-ffunction-sections -fdata-sections -Wall -Wextra"
"Compiling nexys4IO..."
"Running Make libs in microblaze_0/libsrc/PmodENC_v1_0/src"
C:/Xilinx/SDK/2018.2/gnuwin/bin/make -C microblaze_0/libsrc/PmodENC_v1_0/src -s libs  "SHELL=CMD" "COMPILER=mb-gcc" "ARCHIVER=mb-ar" "COMPILER_FLAGS=  -O2 -c -mcpu=v10.0 -mhard-float -mlittle-endian -mxl-soft-mul" "EXTRA_COMPILER_FLAGS=-ffunction-sections -fdata-sections -Wall -Wextra"
"Compiling PmodENC..."
"Running Make libs in microblaze_0/libsrc/PmodOLEDrgb_v1_0/src"
C:/Xilinx/SDK/2018.2/gnuwin/bin/make -C microblaze_0/libsrc/PmodOLEDrgb_v1_0/src -s libs  "SHELL=CMD" "COMPILER=mb-gcc" "ARCHIVER=mb-ar" "COMPILER_FLAGS=  -O2 -c -mcpu=v10.0 -mhard-float -mlittle-endian -mxl-soft-mul" "EXTRA_COMPILER_FLAGS=-ffunction-sections -fdata-sections -Wall -Wextra"
"Compiling PmodOLEDrgb..."
PmodOLEDrgb_selftest.c: In function 'PMODOLEDRGB_Reg_SelfTest':
PmodOLEDrgb_selftest.c:52:60: warning: comparison between signed and unsigned integer expressions [-Wsign-compare]
    if ( PMODOLEDRGB_mReadReg (baseaddr, read_loop_index*4) != (read_loop_index+1)*READ_WRITE_MUL_FACTOR){
                                                            ^~
PmodOLEDrgb_selftest.c:36:6: warning: unused variable 'Index' [-Wunused-variable]
  int Index;
      ^~~~~
"Running Make libs in microblaze_0/libsrc/tmrctr_v4_4/src"
C:/Xilinx/SDK/2018.2/gnuwin/bin/make -C microblaze_0/libsrc/tmrctr_v4_4/src -s libs  "SHELL=CMD" "COMPILER=mb-gcc" "ARCHIVER=mb-ar" "COMPILER_FLAGS=  -O2 -c -mcpu=v10.0 -mhard-float -mlittle-endian -mxl-soft-mul" "EXTRA_COMPILER_FLAGS=-ffunction-sections -fdata-sections -Wall -Wextra"
"Compiling tmrctr"
"Running Make libs in microblaze_0/libsrc/uartlite_v3_2/src"
C:/Xilinx/SDK/2018.2/gnuwin/bin/make -C microblaze_0/libsrc/uartlite_v3_2/src -s libs  "SHELL=CMD" "COMPILER=mb-gcc" "ARCHIVER=mb-ar" "COMPILER_FLAGS=  -O2 -c -mcpu=v10.0 -mhard-float -mlittle-endian -mxl-soft-mul" "EXTRA_COMPILER_FLAGS=-ffunction-sections -fdata-sections -Wall -Wextra"
"Compiling uartlite"
"Running Make libs in microblaze_0/libsrc/wdttb_v4_3/src"
C:/Xilinx/SDK/2018.2/gnuwin/bin/make -C microblaze_0/libsrc/wdttb_v4_3/src -s libs  "SHELL=CMD" "COMPILER=mb-gcc" "ARCHIVER=mb-ar" "COMPILER_FLAGS=  -O2 -c -mcpu=v10.0 -mhard-float -mlittle-endian -mxl-soft-mul" "EXTRA_COMPILER_FLAGS=-ffunction-sections -fdata-sections -Wall -Wextra"
"Compiling wdttb"
In file included from xwdttb.h:173:0,
                 from xwdttb.c:87:
xwdttb.c: In function 'XWdtTb_ProgramWDTWidth':
../../../include/xil_assert.h:112:9: warning: 'return' with no value, in function returning non-void
         return;                                    \
         ^
xwdttb.c:1232:2: note: in expansion of macro 'Xil_AssertVoid'
  Xil_AssertVoid(InstancePtr != NULL);
  ^~~~~~~~~~~~~~
xwdttb.c:1229:5: note: declared here
 u32 XWdtTb_ProgramWDTWidth(XWdtTb *InstancePtr, u32 width)
     ^~~~~~~~~~~~~~~~~~~~~~
'Finished building libraries'

**** Build of configuration Debug for project project2 ****

Nothing to build for project project2
00:11:37 **** Auto Build of project freertos10_xilinx_bsp_0 ****
make -k all 
"Running Make include in microblaze_0/libsrc/bram_v4_2/src"
C:/Xilinx/SDK/2018.2/gnuwin/bin/make -C microblaze_0/libsrc/bram_v4_2/src -s include  "SHELL=CMD" "COMPILER=mb-gcc" "ARCHIVER=mb-ar" "COMPILER_FLAGS=  -O2 -c -mcpu=v10.0 -mhard-float -mlittle-endian -mxl-soft-mul" "EXTRA_COMPILER_FLAGS=-ffunction-sections -fdata-sections -Wall -Wextra"
"Running Make include in microblaze_0/libsrc/cpu_v2_7/src"
C:/Xilinx/SDK/2018.2/gnuwin/bin/make -C microblaze_0/libsrc/cpu_v2_7/src -s include  "SHELL=CMD" "COMPILER=mb-gcc" "ARCHIVER=mb-ar" "COMPILER_FLAGS=  -O2 -c -mcpu=v10.0 -mhard-float -mlittle-endian -mxl-soft-mul" "EXTRA_COMPILER_FLAGS=-ffunction-sections -fdata-sections -Wall -Wextra"
"Running Make include in microblaze_0/libsrc/freertos10_xilinx_v1_1/src"
C:/Xilinx/SDK/2018.2/gnuwin/bin/make -C microblaze_0/libsrc/freertos10_xilinx_v1_1/src -s include  "SHELL=CMD" "COMPILER=mb-gcc" "ARCHIVER=mb-ar" "COMPILER_FLAGS=  -O2 -c -mcpu=v10.0 -mhard-float -mlittle-endian -mxl-soft-mul" "EXTRA_COMPILER_FLAGS=-ffunction-sections -fdata-sections -Wall -Wextra"
"include"
"Running Make include in microblaze_0/libsrc/gpio_v4_3/src"
C:/Xilinx/SDK/2018.2/gnuwin/bin/make -C microblaze_0/libsrc/gpio_v4_3/src -s include  "SHELL=CMD" "COMPILER=mb-gcc" "ARCHIVER=mb-ar" "COMPILER_FLAGS=  -O2 -c -mcpu=v10.0 -mhard-float -mlittle-endian -mxl-soft-mul" "EXTRA_COMPILER_FLAGS=-ffunction-sections -fdata-sections -Wall -Wextra"
"Running Make include in microblaze_0/libsrc/intc_v3_7/src"
C:/Xilinx/SDK/2018.2/gnuwin/bin/make -C microblaze_0/libsrc/intc_v3_7/src -s include  "SHELL=CMD" "COMPILER=mb-gcc" "ARCHIVER=mb-ar" "COMPILER_FLAGS=  -O2 -c -mcpu=v10.0 -mhard-float -mlittle-endian -mxl-soft-mul" "EXTRA_COMPILER_FLAGS=-ffunction-sections -fdata-sections -Wall -Wextra"
"Running Make include in microblaze_0/libsrc/nexys4IO_v1_0/src"
C:/Xilinx/SDK/2018.2/gnuwin/bin/make -C microblaze_0/libsrc/nexys4IO_v1_0/src -s include  "SHELL=CMD" "COMPILER=mb-gcc" "ARCHIVER=mb-ar" "COMPILER_FLAGS=  -O2 -c -mcpu=v10.0 -mhard-float -mlittle-endian -mxl-soft-mul" "EXTRA_COMPILER_FLAGS=-ffunction-sections -fdata-sections -Wall -Wextra"
"Running Make include in microblaze_0/libsrc/PmodENC_v1_0/src"
C:/Xilinx/SDK/2018.2/gnuwin/bin/make -C microblaze_0/libsrc/PmodENC_v1_0/src -s include  "SHELL=CMD" "COMPILER=mb-gcc" "ARCHIVER=mb-ar" "COMPILER_FLAGS=  -O2 -c -mcpu=v10.0 -mhard-float -mlittle-endian -mxl-soft-mul" "EXTRA_COMPILER_FLAGS=-ffunction-sections -fdata-sections -Wall -Wextra"
"Running Make include in microblaze_0/libsrc/PmodOLEDrgb_v1_0/src"
C:/Xilinx/SDK/2018.2/gnuwin/bin/make -C microblaze_0/libsrc/PmodOLEDrgb_v1_0/src -s include  "SHELL=CMD" "COMPILER=mb-gcc" "ARCHIVER=mb-ar" "COMPILER_FLAGS=  -O2 -c -mcpu=v10.0 -mhard-float -mlittle-endian -mxl-soft-mul" "EXTRA_COMPILER_FLAGS=-ffunction-sections -fdata-sections -Wall -Wextra"
"Running Make include in microblaze_0/libsrc/tmrctr_v4_4/src"
C:/Xilinx/SDK/2018.2/gnuwin/bin/make -C microblaze_0/libsrc/tmrctr_v4_4/src -s include  "SHELL=CMD" "COMPILER=mb-gcc" "ARCHIVER=mb-ar" "COMPILER_FLAGS=  -O2 -c -mcpu=v10.0 -mhard-float -mlittle-endian -mxl-soft-mul" "EXTRA_COMPILER_FLAGS=-ffunction-sections -fdata-sections -Wall -Wextra"
"Running Make include in microblaze_0/libsrc/uartlite_v3_2/src"
C:/Xilinx/SDK/2018.2/gnuwin/bin/make -C microblaze_0/libsrc/uartlite_v3_2/src -s include  "SHELL=CMD" "COMPILER=mb-gcc" "ARCHIVER=mb-ar" "COMPILER_FLAGS=  -O2 -c -mcpu=v10.0 -mhard-float -mlittle-endian -mxl-soft-mul" "EXTRA_COMPILER_FLAGS=-ffunction-sections -fdata-sections -Wall -Wextra"
"Running Make include in microblaze_0/libsrc/wdttb_v4_3/src"
C:/Xilinx/SDK/2018.2/gnuwin/bin/make -C microblaze_0/libsrc/wdttb_v4_3/src -s include  "SHELL=CMD" "COMPILER=mb-gcc" "ARCHIVER=mb-ar" "COMPILER_FLAGS=  -O2 -c -mcpu=v10.0 -mhard-float -mlittle-endian -mxl-soft-mul" "EXTRA_COMPILER_FLAGS=-ffunction-sections -fdata-sections -Wall -Wextra"
"Running Make libs in microblaze_0/libsrc/bram_v4_2/src"
C:/Xilinx/SDK/2018.2/gnuwin/bin/make -C microblaze_0/libsrc/bram_v4_2/src -s libs  "SHELL=CMD" "COMPILER=mb-gcc" "ARCHIVER=mb-ar" "COMPILER_FLAGS=  -O2 -c -mcpu=v10.0 -mhard-float -mlittle-endian -mxl-soft-mul" "EXTRA_COMPILER_FLAGS=-ffunction-sections -fdata-sections -Wall -Wextra"
"Compiling bram"
"Running Make libs in microblaze_0/libsrc/cpu_v2_7/src"
C:/Xilinx/SDK/2018.2/gnuwin/bin/make -C microblaze_0/libsrc/cpu_v2_7/src -s libs  "SHELL=CMD" "COMPILER=mb-gcc" "ARCHIVER=mb-ar" "COMPILER_FLAGS=  -O2 -c -mcpu=v10.0 -mhard-float -mlittle-endian -mxl-soft-mul" "EXTRA_COMPILER_FLAGS=-ffunction-sections -fdata-sections -Wall -Wextra"
"Compiling cpu"
"Running Make libs in microblaze_0/libsrc/freertos10_xilinx_v1_1/src"
C:/Xilinx/SDK/2018.2/gnuwin/bin/make -C microblaze_0/libsrc/freertos10_xilinx_v1_1/src -s libs  "SHELL=CMD" "COMPILER=mb-gcc" "ARCHIVER=mb-ar" "COMPILER_FLAGS=  -O2 -c -mcpu=v10.0 -mhard-float -mlittle-endian -mxl-soft-mul" "EXTRA_COMPILER_FLAGS=-ffunction-sections -fdata-sections -Wall -Wextra"
"Compiling standalone";
microblaze_sleep.c: In function 'usleep_MB':
microblaze_sleep.c:106:29: warning: unused parameter 'useconds' [-Wunused-parameter]
 int usleep_MB(unsigned long useconds)
                             ^~~~~~~~
microblaze_sleep.c: In function 'sleep_MB':
microblaze_sleep.c:128:32: warning: unused parameter 'seconds' [-Wunused-parameter]
 unsigned sleep_MB(unsigned int seconds)
                                ^~~~~~~
microblaze_sleep.c: In function 'MB_Sleep':
microblaze_sleep.c:153:19: warning: unused parameter 'MilliSeconds' [-Wunused-parameter]
 void MB_Sleep(u32 MilliSeconds)
                   ^~~~~~~~~~~~
"Compiling FreeRTOS"
"Running Make libs in microblaze_0/libsrc/gpio_v4_3/src"
C:/Xilinx/SDK/2018.2/gnuwin/bin/make -C microblaze_0/libsrc/gpio_v4_3/src -s libs  "SHELL=CMD" "COMPILER=mb-gcc" "ARCHIVER=mb-ar" "COMPILER_FLAGS=  -O2 -c -mcpu=v10.0 -mhard-float -mlittle-endian -mxl-soft-mul" "EXTRA_COMPILER_FLAGS=-ffunction-sections -fdata-sections -Wall -Wextra"
"Compiling gpio"
"Running Make libs in microblaze_0/libsrc/intc_v3_7/src"
C:/Xilinx/SDK/2018.2/gnuwin/bin/make -C microblaze_0/libsrc/intc_v3_7/src -s libs  "SHELL=CMD" "COMPILER=mb-gcc" "ARCHIVER=mb-ar" "COMPILER_FLAGS=  -O2 -c -mcpu=v10.0 -mhard-float -mlittle-endian -mxl-soft-mul" "EXTRA_COMPILER_FLAGS=-ffunction-sections -fdata-sections -Wall -Wextra"
"Compiling intc"
"Running Make libs in microblaze_0/libsrc/nexys4IO_v1_0/src"
C:/Xilinx/SDK/2018.2/gnuwin/bin/make -C microblaze_0/libsrc/nexys4IO_v1_0/src -s libs  "SHELL=CMD" "COMPILER=mb-gcc" "ARCHIVER=mb-ar" "COMPILER_FLAGS=  -O2 -c -mcpu=v10.0 -mhard-float -mlittle-endian -mxl-soft-mul" "EXTRA_COMPILER_FLAGS=-ffunction-sections -fdata-sections -Wall -Wextra"
"Compiling nexys4IO..."
"Running Make libs in microblaze_0/libsrc/PmodENC_v1_0/src"
C:/Xilinx/SDK/2018.2/gnuwin/bin/make -C microblaze_0/libsrc/PmodENC_v1_0/src -s libs  "SHELL=CMD" "COMPILER=mb-gcc" "ARCHIVER=mb-ar" "COMPILER_FLAGS=  -O2 -c -mcpu=v10.0 -mhard-float -mlittle-endian -mxl-soft-mul" "EXTRA_COMPILER_FLAGS=-ffunction-sections -fdata-sections -Wall -Wextra"
"Compiling PmodENC..."
"Running Make libs in microblaze_0/libsrc/PmodOLEDrgb_v1_0/src"
C:/Xilinx/SDK/2018.2/gnuwin/bin/make -C microblaze_0/libsrc/PmodOLEDrgb_v1_0/src -s libs  "SHELL=CMD" "COMPILER=mb-gcc" "ARCHIVER=mb-ar" "COMPILER_FLAGS=  -O2 -c -mcpu=v10.0 -mhard-float -mlittle-endian -mxl-soft-mul" "EXTRA_COMPILER_FLAGS=-ffunction-sections -fdata-sections -Wall -Wextra"
"Compiling PmodOLEDrgb..."
PmodOLEDrgb_selftest.c: In function 'PMODOLEDRGB_Reg_SelfTest':
PmodOLEDrgb_selftest.c:52:60: warning: comparison between signed and unsigned integer expressions [-Wsign-compare]
    if ( PMODOLEDRGB_mReadReg (baseaddr, read_loop_index*4) != (read_loop_index+1)*READ_WRITE_MUL_FACTOR){
                                                            ^~
PmodOLEDrgb_selftest.c:36:6: warning: unused variable 'Index' [-Wunused-variable]
  int Index;
      ^~~~~
"Running Make libs in microblaze_0/libsrc/tmrctr_v4_4/src"
C:/Xilinx/SDK/2018.2/gnuwin/bin/make -C microblaze_0/libsrc/tmrctr_v4_4/src -s libs  "SHELL=CMD" "COMPILER=mb-gcc" "ARCHIVER=mb-ar" "COMPILER_FLAGS=  -O2 -c -mcpu=v10.0 -mhard-float -mlittle-endian -mxl-soft-mul" "EXTRA_COMPILER_FLAGS=-ffunction-sections -fdata-sections -Wall -Wextra"
"Compiling tmrctr"
"Running Make libs in microblaze_0/libsrc/uartlite_v3_2/src"
C:/Xilinx/SDK/2018.2/gnuwin/bin/make -C microblaze_0/libsrc/uartlite_v3_2/src -s libs  "SHELL=CMD" "COMPILER=mb-gcc" "ARCHIVER=mb-ar" "COMPILER_FLAGS=  -O2 -c -mcpu=v10.0 -mhard-float -mlittle-endian -mxl-soft-mul" "EXTRA_COMPILER_FLAGS=-ffunction-sections -fdata-sections -Wall -Wextra"
"Compiling uartlite"
"Running Make libs in microblaze_0/libsrc/wdttb_v4_3/src"
C:/Xilinx/SDK/2018.2/gnuwin/bin/make -C microblaze_0/libsrc/wdttb_v4_3/src -s libs  "SHELL=CMD" "COMPILER=mb-gcc" "ARCHIVER=mb-ar" "COMPILER_FLAGS=  -O2 -c -mcpu=v10.0 -mhard-float -mlittle-endian -mxl-soft-mul" "EXTRA_COMPILER_FLAGS=-ffunction-sections -fdata-sections -Wall -Wextra"
"Compiling wdttb"
In file included from xwdttb.h:173:0,
                 from xwdttb.c:87:
xwdttb.c: In function 'XWdtTb_ProgramWDTWidth':
../../../include/xil_assert.h:112:9: warning: 'return' with no value, in function returning non-void
         return;                                    \
         ^
xwdttb.c:1232:2: note: in expansion of macro 'Xil_AssertVoid'
  Xil_AssertVoid(InstancePtr != NULL);
  ^~~~~~~~~~~~~~
xwdttb.c:1229:5: note: declared here
 u32 XWdtTb_ProgramWDTWidth(XWdtTb *InstancePtr, u32 width)
     ^~~~~~~~~~~~~~~~~~~~~~
'Finished building libraries'
00:13:11 **** Auto Build of configuration Debug for project project2 ****
make all 
Building file: ../src/FreeRTOS_Example.c
Invoking: MicroBlaze gcc compiler
mb-gcc -Wall -O0 -g3 -c -fmessage-length=0 -MT"src/FreeRTOS_Example.o" -I../../freertos10_xilinx_bsp_0/microblaze_0/include -mlittle-endian -mcpu=v10.0 -mxl-soft-mul -mhard-float -Wl,--no-relax -ffunction-sections -fdata-sections -MMD -MP -MF"src/FreeRTOS_Example.d" -MT"src/FreeRTOS_Example.o" -o "src/FreeRTOS_Example.o" "../src/FreeRTOS_Example.c"
Finished building: ../src/FreeRTOS_Example.c
 
Building target: project2.elf
Invoking: MicroBlaze gcc linker
mb-gcc -Wl,-T -Wl,../src/lscript.ld -L../../freertos10_xilinx_bsp_0/microblaze_0/lib -mlittle-endian -mcpu=v10.0 -mxl-soft-mul -mhard-float -Wl,--no-relax -Wl,--gc-sections -o "project2.elf"  ./src/FreeRTOS_Example.o   -Wl,--start-group,-lxil,-lfreertos,-lgcc,-lc,--end-group
Finished building target: project2.elf
 
Invoking: MicroBlaze Print Size
mb-size project2.elf  |tee "project2.elf.size"
   text	   data	    bss	    dec	    hex	filename
  42420	   1496	  69604	 113520	  1bb70	project2.elf
Finished building: project2.elf.size
 
00:30:15 **** Clean-only build of configuration Debug for project project2 ****
make clean 
rm -rf  ./src/FreeRTOS_Example.o  ./src/FreeRTOS_Example.d  project2.elf.size  project2.elf
 
00:30:16 **** Auto Build of configuration Debug for project project2 ****
make all 
Building file: ../src/FreeRTOS_Example.c
Invoking: MicroBlaze gcc compiler
mb-gcc -Wall -O0 -g3 -c -fmessage-length=0 -MT"src/FreeRTOS_Example.o" -I../../freertos10_xilinx_bsp_0/microblaze_0/include -mlittle-endian -mcpu=v10.0 -mxl-soft-mul -mhard-float -Wl,--no-relax -ffunction-sections -fdata-sections -MMD -MP -MF"src/FreeRTOS_Example.d" -MT"src/FreeRTOS_Example.o" -o "src/FreeRTOS_Example.o" "../src/FreeRTOS_Example.c"
Finished building: ../src/FreeRTOS_Example.c
 
Building target: project2.elf
Invoking: MicroBlaze gcc linker
mb-gcc -Wl,-T -Wl,../src/lscript.ld -L../../freertos10_xilinx_bsp_0/microblaze_0/lib -mlittle-endian -mcpu=v10.0 -mxl-soft-mul -mhard-float -Wl,--no-relax -Wl,--gc-sections -o "project2.elf"  ./src/FreeRTOS_Example.o   -Wl,--start-group,-lxil,-lfreertos,-lgcc,-lc,--end-group
Finished building target: project2.elf
 
Invoking: MicroBlaze Print Size
mb-size project2.elf  |tee "project2.elf.size"
   text	   data	    bss	    dec	    hex	filename
  42420	   1496	  68580	 112496	  1b770	project2.elf
Finished building: project2.elf.size
 
00:52:56 **** Incremental Build of configuration Debug for project project2 ****
make all 
make: Nothing to be done for `all'.
