07:31:43 **** Auto Build of configuration Debug for project project2 ****
make all 
Building file: ../src/myapp.c
Invoking: MicroBlaze gcc compiler
mb-gcc -Wall -O0 -g3 -c -fmessage-length=0 -MT"src/myapp.o" -I../../freertos10_xilinx_bsp_0/microblaze_0/include -mlittle-endian -mno-xl-soft-div -mcpu=v10.0 -mxl-soft-mul -mhard-float -mxl-float-convert -mxl-float-sqrt -Wl,--no-relax -ffunction-sections -fdata-sections -MMD -MP -MF"src/myapp.d" -MT"src/myapp.o" -o "src/myapp.o" "../src/myapp.c"
../src/myapp.c: In function 'master_thread':
../src/myapp.c:484:16: warning: unused variable 'xStatus' [-Wunused-variable]
  portBASE_TYPE xStatus;
                ^~~~~~~
../src/myapp.c: In function 'pid_thread':
../src/myapp.c:597:8: warning: unknown escape sequence: '\S'
  print("PID THREAD:\Started.\r\n");
        ^~~~~~~~~~~~~~~~~~~~~~~~~~
../src/myapp.c:584:6: warning: variable 'control' set but not used [-Wunused-but-set-variable]
  u32 control = 0;
      ^~~~~~~
../src/myapp.c: In function 'prvSetupHardware':
../src/myapp.c:748:2: warning: implicit declaration of function 'initializenx4io'; did you mean 'initializegpio'? [-Wimplicit-function-declaration]
  initializenx4io();
  ^~~~~~~~~~~~~~~
  initializegpio
../src/myapp.c:729:16: warning: unused variable 'xStatus' [-Wunused-variable]
  portBASE_TYPE xStatus;
                ^~~~~~~
In file included from ../../freertos10_xilinx_bsp_0/microblaze_0/include/xtmrctr.h:178:0,
                 from ../src/myapp.c:24:
../src/myapp.c: In function 'initializewdt':
../../freertos10_xilinx_bsp_0/microblaze_0/include/xstatus.h:65:41: warning: 'return' with a value, in function returning void
 #define XST_FAILURE                     1L
                                         ^
../src/myapp.c:809:10: note: in expansion of macro 'XST_FAILURE'
   return XST_FAILURE;
          ^~~~~~~~~~~
../src/myapp.c:795:6: note: declared here
 void initializewdt(void){
      ^~~~~~~~~~~~~
In file included from ../../freertos10_xilinx_bsp_0/microblaze_0/include/xtmrctr.h:178:0,
                 from ../src/myapp.c:24:
../../freertos10_xilinx_bsp_0/microblaze_0/include/xstatus.h:65:41: warning: 'return' with a value, in function returning void
 #define XST_FAILURE                     1L
                                         ^
../src/myapp.c:819:10: note: in expansion of macro 'XST_FAILURE'
   return XST_FAILURE;
          ^~~~~~~~~~~
../src/myapp.c:795:6: note: declared here
 void initializewdt(void){
      ^~~~~~~~~~~~~
In file included from ../../freertos10_xilinx_bsp_0/microblaze_0/include/xtmrctr.h:178:0,
                 from ../src/myapp.c:24:
../../freertos10_xilinx_bsp_0/microblaze_0/include/xstatus.h:65:41: warning: 'return' with a value, in function returning void
 #define XST_FAILURE                     1L
                                         ^
../src/myapp.c:828:10: note: in expansion of macro 'XST_FAILURE'
   return XST_FAILURE;
          ^~~~~~~~~~~
../src/myapp.c:795:6: note: declared here
 void initializewdt(void){
      ^~~~~~~~~~~~~
In file included from ../../freertos10_xilinx_bsp_0/microblaze_0/include/xtmrctr.h:178:0,
                 from ../src/myapp.c:24:
../src/myapp.c: In function 'initializetimer':
../../freertos10_xilinx_bsp_0/microblaze_0/include/xstatus.h:65:41: warning: 'return' with a value, in function returning void
 #define XST_FAILURE                     1L
                                         ^
../src/myapp.c:860:10: note: in expansion of macro 'XST_FAILURE'
   return XST_FAILURE;
          ^~~~~~~~~~~
../src/myapp.c:849:6: note: declared here
 void initializetimer( void ){
      ^~~~~~~~~~~~~~~
In file included from ../../freertos10_xilinx_bsp_0/microblaze_0/include/xtmrctr.h:178:0,
                 from ../src/myapp.c:24:
../../freertos10_xilinx_bsp_0/microblaze_0/include/xstatus.h:65:41: warning: 'return' with a value, in function returning void
 #define XST_FAILURE                     1L
                                         ^
../src/myapp.c:866:10: note: in expansion of macro 'XST_FAILURE'
   return XST_FAILURE;
          ^~~~~~~~~~~
../src/myapp.c:849:6: note: declared here
 void initializetimer( void ){
      ^~~~~~~~~~~~~~~
../src/myapp.c:851:16: warning: variable 'xStatus' set but not used [-Wunused-but-set-variable]
  portBASE_TYPE xStatus;
                ^~~~~~~
../src/myapp.c: At top level:
../src/myapp.c:908:6: warning: conflicting types for 'initializenx4io'
 void initializenx4io( void ){
      ^~~~~~~~~~~~~~~
../src/myapp.c:748:2: note: previous implicit declaration of 'initializenx4io' was here
  initializenx4io();
  ^~~~~~~~~~~~~~~
In file included from ../../freertos10_xilinx_bsp_0/microblaze_0/include/xtmrctr.h:178:0,
                 from ../src/myapp.c:24:
../src/myapp.c: In function 'initializenx4io':
../../freertos10_xilinx_bsp_0/microblaze_0/include/xstatus.h:65:41: warning: 'return' with a value, in function returning void
 #define XST_FAILURE                     1L
                                         ^
../src/myapp.c:915:10: note: in expansion of macro 'XST_FAILURE'
   return XST_FAILURE;
          ^~~~~~~~~~~
../src/myapp.c:908:6: note: declared here
 void initializenx4io( void ){
      ^~~~~~~~~~~~~~~
../src/myapp.c: In function 'update_gains':
../src/myapp.c:1014:8: warning: cast to pointer from integer of different size [-Wint-to-pointer-cast]
     if((u8*)gain_coe->kp > PID_KP_MAX) gain_coe->kp = PID_KP_MAX;
        ^
../src/myapp.c:1014:26: warning: comparison between pointer and integer
     if((u8*)gain_coe->kp > PID_KP_MAX) gain_coe->kp = PID_KP_MAX;
                          ^
../src/myapp.c:1028:8: warning: cast to pointer from integer of different size [-Wint-to-pointer-cast]
     if((u8*)gain_coe->ki > PID_KI_MAX) gain_coe->ki = PID_KI_MAX;
        ^
../src/myapp.c:1028:26: warning: comparison between pointer and integer
     if((u8*)gain_coe->ki > PID_KI_MAX) gain_coe->ki = PID_KI_MAX;
                          ^
../src/myapp.c:1041:8: warning: cast to pointer from integer of different size [-Wint-to-pointer-cast]
     if((u8*)gain_coe->kd > PID_KD_MAX) gain_coe->kd = PID_KD_MAX;
        ^
../src/myapp.c:1041:26: warning: comparison between pointer and integer
     if((u8*)gain_coe->kd > PID_KD_MAX) gain_coe->kd = PID_KD_MAX;
                          ^
../src/myapp.c: In function 'PMDIO_putnum':
../src/myapp.c:1169:3: warning: implicit declaration of function 'PMDIO_itoa'; did you mean 'PMDIO_putnum'? [-Wimplicit-function-declaration]
   PMDIO_itoa(num, buf, radix);
   ^~~~~~~~~~
   PMDIO_putnum
../src/myapp.c: At top level:
../src/myapp.c:1195:6: warning: conflicting types for 'PMDIO_itoa'
 void PMDIO_itoa(int32_t value, char *string, int32_t radix)
      ^~~~~~~~~~
../src/myapp.c:1169:3: note: previous implicit declaration of 'PMDIO_itoa' was here
   PMDIO_itoa(num, buf, radix);
   ^~~~~~~~~~
../src/myapp.c: In function 'AXI_Timer_initialize':
../src/myapp.c:932:1: warning: control reaches end of non-void function [-Wreturn-type]
 }
 ^
../src/myapp.c: In function 'initializetimer':
../src/myapp.c:858:5: warning: 'status' is used uninitialized in this function [-Wuninitialized]
  if (status != XST_SUCCESS) {
     ^
Finished building: ../src/myapp.c
 
Building target: project2.elf
Invoking: MicroBlaze gcc linker
mb-gcc -Wl,-T -Wl,../src/lscript.ld -L../../freertos10_xilinx_bsp_0/microblaze_0/lib -mlittle-endian -mno-xl-soft-div -mcpu=v10.0 -mxl-soft-mul -mhard-float -mxl-float-convert -mxl-float-sqrt -Wl,--no-relax -Wl,--gc-sections -o "project2.elf"  ./src/myapp.o   -Wl,--start-group,-lxil,-lfreertos,-lgcc,-lc,--end-group
Finished building target: project2.elf
 
Invoking: MicroBlaze Print Size
mb-size project2.elf  |tee "project2.elf.size"
   text	   data	    bss	    dec	    hex	filename
  56656	   1544	  69048	 127248	  1f110	project2.elf
Finished building: project2.elf.size
 

07:31:46 Build Finished (took 3s.160ms)

